{
  "selected": [
    {
      "gt_id": 38,
      "machine": "M1",
      "category": "좋음→더 좋음",
      "current_iou": 0.6390238577397914,
      "oracle_iou": 0.8761669147589846,
      "oracle_status": "NMS 제거 + 점수 미달"
    },
    {
      "gt_id": 61,
      "machine": "M2",
      "category": "좋음→더 좋음",
      "current_iou": 0.6203213128324686,
      "oracle_iou": 0.9563728236728869,
      "oracle_status": "점수 미달"
    },
    {
      "gt_id": 111,
      "machine": "M3",
      "category": "좋음→더 좋음",
      "current_iou": 0.6580056206090983,
      "oracle_iou": 0.8543996339472215,
      "oracle_status": "NMS 제거 + 점수 미달"
    },
    {
      "gt_id": 32,
      "machine": "M1",
      "category": "정밀→더 정밀",
      "current_iou": 0.7596380467867602,
      "oracle_iou": 0.9230501724808398,
      "oracle_status": "NMS 제거 + 점수 미달"
    },
    {
      "gt_id": 110,
      "machine": "M3",
      "category": "부정확→개선",
      "current_iou": 0.30867040562415055,
      "oracle_iou": 0.5482202246868094,
      "oracle_status": "점수 미달"
    },
    {
      "gt_id": 101,
      "machine": "M3",
      "category": "좋음→더 좋음",
      "current_iou": 0.692520478254712,
      "oracle_iou": 0.8009154585988154,
      "oracle_status": "NMS 제거 + 점수 미달"
    }
  ],
  "summary": {
    "20260929": {
      "부정확→개선": 2,
      "이미 정밀 / 차이 작음": 30,
      "정밀 후보 부족": 44,
      "정밀→더 정밀": 27,
      "좋음→더 좋음": 41
    },
    "20260930": {
      "부정확→개선": 0,
      "이미 정밀 / 차이 작음": 30,
      "정밀 후보 부족": 36,
      "정밀→더 정밀": 22,
      "좋음→더 좋음": 56
    },
    "20261001": {
      "부정확→개선": 1,
      "이미 정밀 / 차이 작음": 25,
      "정밀 후보 부족": 38,
      "정밀→더 정밀": 26,
      "좋음→더 좋음": 54
    }
  },
  "inline_bytes": 364107
}
