20260929 query_control {'epoch': 1, 'quality_pair': [0.0007957294424572451, 0.6384805061600425], 'seconds': 0.27396678924560547}
20260929 query_control {'epoch': 2, 'quality_pair': [0.0007953955077523874, 0.6311414241790771], 'seconds': 0.3647921085357666}
20260929 query_control {'epoch': 3, 'quality_pair': [0.0009735478723252362, 0.608270978385752], 'seconds': 0.4569056034088135}
20260929 query_control {'epoch': 4, 'quality_pair': [0.0012485828113064847, 0.582223038781773], 'seconds': 0.5433497428894043}
20260929 query_control {'epoch': 5, 'quality_pair': [0.0012946463301142846, 0.568851267749613], 'seconds': 0.6285779476165771}
20260929 query_control {'epoch': 6, 'quality_pair': [0.00145174860319292, 0.5619046959010038], 'seconds': 0.719717264175415}
20260929 query_control {'epoch': 7, 'quality_pair': [0.0015241583777506921, 0.5569783313707872], 'seconds': 0.8149876594543457}
20260929 query_control {'epoch': 8, 'quality_pair': [0.0015733032910661264, 0.5531269311904907], 'seconds': 0.9068810939788818}
20260929 query_control {'epoch': 9, 'quality_pair': [0.0016866632054602219, 0.5496299835768613], 'seconds': 0.9981689453125}
20260929 query_control {'epoch': 10, 'quality_pair': [0.0017878989879549904, 0.5467919978228483], 'seconds': 1.0900743007659912}
20260929 query_control {'epoch': 11, 'quality_pair': [0.0018677764138291504, 0.5444396002726122], 'seconds': 1.1815211772918701}
20260929 query_control {'epoch': 12, 'quality_pair': [0.001906385893975808, 0.5427411808208986], 'seconds': 1.2744596004486084}
20260929 query_control {'epoch': 13, 'quality_pair': [0.001983683455777778, 0.5409297279336236], 'seconds': 1.3664214611053467}
20260929 query_control {'epoch': 14, 'quality_pair': [0.001999278886201368, 0.5392191450704228], 'seconds': 1.4567220211029053}
20260929 query_control {'epoch': 15, 'quality_pair': [0.0019988542983562434, 0.538634870540012], 'seconds': 1.5438628196716309}
20260929 query_control {'epoch': 16, 'quality_pair': [0.0019795229309238493, 0.5371966497464613], 'seconds': 1.6322102546691895}
20260929 query_control {'epoch': 17, 'quality_pair': [0.0019417991015044126, 0.5359815602952783], 'seconds': 1.7236483097076416}
20260929 query_control {'epoch': 18, 'quality_pair': [0.001992886351548474, 0.5344514751976187], 'seconds': 1.8145296573638916}
20260929 query_control {'epoch': 19, 'quality_pair': [0.0020507227057929745, 0.532927243547006], 'seconds': 1.9068708419799805}
20260929 query_control {'epoch': 20, 'quality_pair': [0.002012386642904444, 0.5318699831312353], 'seconds': 1.9981637001037598}
20260929 query_control {'epoch': 21, 'quality_pair': [0.0019159482114694335, 0.5312733148986643], 'seconds': 2.0901122093200684}
20260929 query_control {'epoch': 22, 'quality_pair': [0.0020844982566565954, 0.5287499536167491], 'seconds': 2.181696891784668}
20260929 query_control {'epoch': 23, 'quality_pair': [0.0020051220199093223, 0.5282591906460848], 'seconds': 2.2735612392425537}
20260929 query_control {'epoch': 24, 'quality_pair': [0.0020333936977708204, 0.5272266512567346], 'seconds': 2.3647584915161133}
20260929 query_control {'epoch': 25, 'quality_pair': [0.002009580716152083, 0.5255873569033362], 'seconds': 2.4569499492645264}
20260929 query_control {'epoch': 26, 'quality_pair': [0.0020509983190673997, 0.5245291997085918], 'seconds': 2.5442981719970703}
20260929 query_control {'epoch': 27, 'quality_pair': [0.0020359728633510795, 0.5222980569709431], 'seconds': 2.631293296813965}
20260929 query_control {'epoch': 28, 'quality_pair': [0.0021513452467677944, 0.5211977836760607], 'seconds': 2.72107195854187}
20260929 query_control {'epoch': 29, 'quality_pair': [0.0020439839678477833, 0.5200038552284241], 'seconds': 2.8113443851470947}
20260929 query_control {'epoch': 30, 'quality_pair': [0.0019778828718699515, 0.5187814005396583], 'seconds': 2.903019666671753}
RESULT {'base': 'mal', 'seed': 20260929, 'mode': 'query_control', 'AP': 38.91662164212667, 'AP75': 19.7809920593798, 'TP_FP6': 141, 'old_precise': 57, 'new_precise': 57, 'improved': 0, 'worsened': 0, 'trainable_parameters': 78779, 'base_unchanged': True, 'seconds': 4.817131280899048}
20260929 query_local {'epoch': 1, 'quality_pair': [0.0007966554429995912, 0.6390746371312575], 'seconds': 0.09270286560058594}
20260929 query_local {'epoch': 2, 'quality_pair': [0.0007902201045495035, 0.6365116699175402], 'seconds': 0.18398308753967285}
20260929 query_local {'epoch': 3, 'quality_pair': [0.0008259273705665361, 0.6257575316862627], 'seconds': 0.2758326530456543}
20260929 query_local {'epoch': 4, 'quality_pair': [0.0011214691939213399, 0.603130121122707], 'seconds': 0.36333513259887695}
20260929 query_local {'epoch': 5, 'quality_pair': [0.0013363435229455883, 0.5808105902238325], 'seconds': 0.45005345344543457}
20260929 query_local {'epoch': 6, 'quality_pair': [0.001584038257450712, 0.5661744421178644], 'seconds': 0.5398986339569092}
20260929 query_local {'epoch': 7, 'quality_pair': [0.0015764742354142734, 0.5601599947972731], 'seconds': 0.6298279762268066}
20260929 query_local {'epoch': 8, 'quality_pair': [0.0015543062049387531, 0.5561971772800792], 'seconds': 0.7222750186920166}
20260929 query_local {'epoch': 9, 'quality_pair': [0.0015935843535275621, 0.553241494027051], 'seconds': 0.8129081726074219}
20260929 query_local {'epoch': 10, 'quality_pair': [0.0016180209720253267, 0.5504138415510004], 'seconds': 0.9057564735412598}
20260929 query_local {'epoch': 11, 'quality_pair': [0.0016259019929831002, 0.5476685491475192], 'seconds': 0.9983861446380615}
20260929 query_local {'epoch': 12, 'quality_pair': [0.0016722371537153695, 0.545041105963967], 'seconds': 1.0886836051940918}
20260929 query_local {'epoch': 13, 'quality_pair': [0.0017261086031794548, 0.5418906672434374], 'seconds': 1.1798646450042725}
20260929 query_local {'epoch': 14, 'quality_pair': [0.0016909452705559406, 0.5391993861306797], 'seconds': 1.2718281745910645}
20260929 query_local {'epoch': 15, 'quality_pair': [0.0017235524402084675, 0.5370165637948296], 'seconds': 1.358715534210205}
20260929 query_local {'epoch': 16, 'quality_pair': [0.001748122158460319, 0.5339940352873369], 'seconds': 1.445237636566162}
20260929 query_local {'epoch': 17, 'quality_pair': [0.0017194247656417165, 0.5310545035383918], 'seconds': 1.534421443939209}
20260929 query_local {'epoch': 18, 'quality_pair': [0.0017815049822357569, 0.5282935026017103], 'seconds': 1.6260037422180176}
20260929 query_local {'epoch': 19, 'quality_pair': [0.0018976737787439065, 0.5253015648234974], 'seconds': 1.7174468040466309}
20260929 query_local {'epoch': 20, 'quality_pair': [0.001837681963066147, 0.5231019759720023], 'seconds': 1.809462070465088}
20260929 query_local {'epoch': 21, 'quality_pair': [0.001846417795274068, 0.5202885270118713], 'seconds': 1.9004614353179932}
20260929 query_local {'epoch': 22, 'quality_pair': [0.0019108750751580703, 0.5175935517657887], 'seconds': 1.9931161403656006}
20260929 query_local {'epoch': 23, 'quality_pair': [0.0019114444889551537, 0.5152978544885461], 'seconds': 2.0839691162109375}
20260929 query_local {'epoch': 24, 'quality_pair': [0.0019771578901616686, 0.5131787332621488], 'seconds': 2.1759729385375977}
20260929 query_local {'epoch': 25, 'quality_pair': [0.0020038351279006088, 0.5100781524723227], 'seconds': 2.267219305038452}
20260929 query_local {'epoch': 26, 'quality_pair': [0.001998238307847218, 0.5079928528178822], 'seconds': 2.35577392578125}
20260929 query_local {'epoch': 27, 'quality_pair': [0.001977368919390508, 0.5057164430618286], 'seconds': 2.442754030227661}
20260929 query_local {'epoch': 28, 'quality_pair': [0.00218650076368993, 0.5029353689063679], 'seconds': 2.534836530685425}
20260929 query_local {'epoch': 29, 'quality_pair': [0.0021077869248322463, 0.5017595372416757], 'seconds': 2.6261467933654785}
20260929 query_local {'epoch': 30, 'quality_pair': [0.0021405805812471294, 0.498750086535107], 'seconds': 2.717104911804199}
RESULT {'base': 'mal', 'seed': 20260929, 'mode': 'query_local', 'AP': 38.92467425871094, 'AP75': 19.50088405658621, 'TP_FP6': 141, 'old_precise': 57, 'new_precise': 57, 'improved': 0, 'worsened': 0, 'trainable_parameters': 78779, 'base_unchanged': True, 'seconds': 4.611663341522217, 'zero_local_diagnostic': {'base': 'mal', 'seed': 20260929, 'mode': 'zero_local_diagnostic', 'AP': 39.01904785843321, 'AP75': 20.049075526790936, 'TP_FP6': 141, 'old_precise': 57, 'new_precise': 57, 'improved': 0, 'worsened': 0}}
COMPLETE
