Not init distributed mode.
cfg: 
{'_collate_fn': None,
 '_criterion': None,
 '_ema': None,
 '_evaluator': None,
 '_lr_scheduler': None,
 '_lr_warmup_scheduler': None,
 '_model': None,
 '_optimizer': None,
 '_postprocessor': None,
 '_scaler': None,
 '_train_batch_size': None,
 '_train_dataloader': None,
 '_train_dataset': None,
 '_train_shuffle': None,
 '_val_batch_size': None,
 '_val_dataloader': None,
 '_val_dataset': None,
 '_val_shuffle': None,
 '_writer': None,
 'batch_size': None,
 'checkpoint_freq': 30,
 'clip_max_norm': 0.1,
 'device': 'cuda:0',
 'ema_decay': 0.9999,
 'ema_warmups': 2000,
 'epochs': 30,
 'find_unused_parameters': False,
 'last_epoch': -1,
 'num_workers': 0,
 'output_dir': '/home/viplab/contest/experiments/kamp_ablation_v3/retry_failed_v1/dfine_G03_seed20260930',
 'print_freq': 45,
 'resume': None,
 'seed': 20260930,
 'summary_dir': None,
 'sync_bn': False,
 'task': 'detection',
 'tuning': '/home/viplab/contest/experiments/kamp_pilot_v1/dfine_s_init.pth',
 'use_amp': False,
 'use_ema': True,
 'yaml_cfg': {'DFINE': {'backbone': 'HGNetv2',
                        'decoder': 'DFINETransformer',
                        'encoder': 'HybridEncoder'},
              'DFINECriterion': {'alpha': 0.75,
                                 'gamma': 2.0,
                                 'losses': ['vfl', 'boxes', 'local'],
                                 'matcher': {'alpha': 0.25,
                                             'gamma': 2.0,
                                             'type': 'HungarianMatcher',
                                             'weight_dict': {'cost_bbox': 5,
                                                             'cost_class': 2,
                                                             'cost_giou': 2}},
                                 'reg_max': 32,
                                 'weight_dict': {'loss_bbox': 5,
                                                 'loss_ddf': 1.5,
                                                 'loss_fgl': 0.15,
                                                 'loss_giou': 2,
                                                 'loss_vfl': 1}},
              'DFINEPostProcessor': {'num_top_queries': 300},
              'DFINETransformer': {'box_noise_scale': 1.0,
                                   'cross_attn_method': 'default',
                                   'eval_idx': -1,
                                   'feat_channels': [256, 256, 256],
                                   'feat_strides': [8, 16, 32],
                                   'hidden_dim': 256,
                                   'label_noise_ratio': 0.5,
                                   'layer_scale': 1,
                                   'num_denoising': 100,
                                   'num_layers': 3,
                                   'num_levels': 3,
                                   'num_points': [3, 6, 3],
                                   'num_queries': 300,
                                   'query_select_method': 'default',
                                   'reg_max': 32,
                                   'reg_scale': 4},
              'HGNetv2': {'freeze_at': -1,
                          'freeze_norm': False,
                          'local_model_dir': 'weight/hgnetv2/',
                          'name': 'B0',
                          'pretrained': False,
                          'return_idx': [1, 2, 3],
                          'use_lab': True},
              'HybridEncoder': {'act': 'silu',
                                'depth_mult': 0.34,
                                'dim_feedforward': 1024,
                                'dropout': 0.0,
                                'enc_act': 'gelu',
                                'expansion': 0.5,
                                'feat_strides': [8, 16, 32],
                                'hidden_dim': 256,
                                'in_channels': [256, 512, 1024],
                                'nhead': 8,
                                'num_encoder_layers': 1,
                                'use_encoder_idx': [2]},
              '__include__': ['/home/viplab/contest/experiments/kamp_pilot_v1/dfine_s.yml'],
              'checkpoint_freq': 30,
              'clip_max_norm': 0.1,
              'config': '/home/viplab/contest/experiments/kamp_ablation_v3/configs/dfine_G03_seed20260930.yml',
              'criterion': 'DFINECriterion',
              'device': 'cuda:0',
              'ema': {'decay': 0.9999,
                      'start': 0,
                      'type': 'ModelEMA',
                      'warmups': 100},
              'epochs': 30,
              'eval_spatial_size': [640, 640],
              'evaluator': {'iou_types': ['bbox'], 'type': 'CocoEvaluator'},
              'exp_name': 'baseline',
              'find_unused_parameters': False,
              'lr_scheduler': {'gamma': 0.1,
                               'milestones': [24],
                               'type': 'MultiStepLR'},
              'lr_warmup_scheduler': {'type': 'LinearWarmup',
                                      'warmup_duration': 45},
              'model': 'DFINE',
              'num_classes': 1,
              'optimizer': {'betas': [0.9, 0.999],
                            'lr': 0.0002,
                            'params': [{'lr': 0.0001,
                                        'params': '^(?=.*backbone)(?!.*norm|bn).*$'},
                                       {'lr': 0.0001,
                                        'params': '^(?=.*backbone)(?=.*norm|bn).*$',
                                        'weight_decay': 0.0},
                                       {'params': '^(?=.*(?:encoder|decoder))(?=.*(?:norm|bn|bias)).*$',
                                        'weight_decay': 0.0}],
                            'type': 'AdamW',
                            'weight_decay': 0.0001},
              'output_dir': '/home/viplab/contest/experiments/kamp_ablation_v3/retry_failed_v1/dfine_G03_seed20260930',
              'postprocessor': 'DFINEPostProcessor',
              'print_freq': 45,
              'print_method': 'builtin',
              'print_rank': 0,
              'project_name': 'D-FINE',
              'remap_mscoco_category': False,
              'scaler': {'enabled': True, 'type': 'GradScaler'},
              'seed': 20260930,
              'sync_bn': False,
              'task': 'detection',
              'test_only': False,
              'train_dataloader': {'collate_fn': {'base_size': 640,
                                                  'base_size_repeat': None,
                                                  'ema_restart_decay': 0.9999,
                                                  'stop_epoch': 1000,
                                                  'type': 'BatchImageCollateFunction'},
                                   'dataset': {'ann_file': '/home/viplab/contest/data/processed/kamp500_telea_v1_640/annotations/train.json',
                                               'img_folder': '/home/viplab/contest/data/processed/kamp500_telea_v1_640/images/train',
                                               'return_masks': False,
                                               'transforms': {'ops': [{'dtype': 'float32',
                                                                       'scale': True,
                                                                       'type': 'ConvertPILImage'},
                                                                      {'fmt': 'cxcywh',
                                                                       'normalize': True,
                                                                       'type': 'ConvertBoxes'}],
                                                              'policy': {'epoch': 1000,
                                                                         'name': 'stop_epoch',
                                                                         'ops': ['RandomPhotometricDistort',
                                                                                 'RandomZoomOut',
                                                                                 'RandomIoUCrop']},
                                                              'type': 'Compose'},
                                               'type': 'CocoDetection'},
                                   'drop_last': False,
                                   'num_workers': 2,
                                   'shuffle': True,
                                   'total_batch_size': 8,
                                   'type': 'DataLoader'},
              'tuning': '/home/viplab/contest/experiments/kamp_pilot_v1/dfine_s_init.pth',
              'use_amp': False,
              'use_ema': True,
              'use_focal_loss': True,
              'use_wandb': False,
              'val_dataloader': {'collate_fn': {'type': 'BatchImageCollateFunction'},
                                 'dataset': {'ann_file': '/home/viplab/contest/data/processed/kamp500_telea_v1_640/annotations/val.json',
                                             'img_folder': '/home/viplab/contest/data/processed/kamp500_telea_v1_640/images/val',
                                             'return_masks': False,
                                             'transforms': {'ops': [{'dtype': 'float32',
                                                                     'scale': True,
                                                                     'type': 'ConvertPILImage'}],
                                                            'type': 'Compose'},
                                             'type': 'CocoDetection'},
                                 'drop_last': False,
                                 'num_workers': 2,
                                 'shuffle': False,
                                 'total_batch_size': 8,
                                 'type': 'DataLoader'}}}
Tuning checkpoint from /home/viplab/contest/experiments/kamp_pilot_v1/dfine_s_init.pth
/home/viplab/contest/models/D-FINE/src/solver/_solver.py:254: UserWarning: Environment variable TORCH_FORCE_NO_WEIGHTS_ONLY_LOAD detected, since the`weights_only` argument was not explicitly passed to `torch.load`, forcing weights_only=False.
  state = torch.load(path, map_location="cpu")
Load model.state_dict, {'missed': [], 'unmatched': []}
Initial lr: [0.0001, 0.0001, 0.0002, 0.0002]
building train_dataloader with batch_size=8...
building val_dataloader with batch_size=8...

------------------------------------- Calculate Flops Results -------------------------------------
Notations:
number of parameters (Params), number of multiply-accumulate operations(MACs),
number of floating-point operations (FLOPs), floating-point operations per second (FLOPS),
fwd FLOPs (model forward propagation FLOPs), bwd FLOPs (model backward propagation FLOPs),
default model backpropagation takes 2.00 times as much computation as forward propagation.

Total Training Params:                                                  10.18 M 
fwd MACs:                                                               12.3563 GMACs
fwd FLOPs:                                                              24.8195 GFLOPS
fwd+bwd MACs:                                                           37.069 GMACs
fwd+bwd FLOPs:                                                          74.4584 GFLOPS
---------------------------------------------------------------------------------------------------
{'Model FLOPs:24.8195 GFLOPS   MACs:12.3563 GMACs   Params:10176661'}
------------------------------------------Start training-------------------------------------------
/home/viplab/contest/models/D-FINE/src/solver/det_engine.py:125: UserWarning: Converting a tensor with requires_grad=True to a scalar may lead to unexpected behavior.
Consider using tensor.detach() first. (Triggered internally at /pytorch/torch/csrc/autograd/generated/python_variable_methods.cpp:836.)
  if not math.isfinite(loss_value):
Epoch: [0/30]  [ 0/45]  eta: 0:00:52  lr: 0.000004  loss: 33.0112 (33.0112)  loss_vfl: 0.0393 (0.0393)  loss_bbox: 1.4188 (1.4188)  loss_giou: 2.7466 (2.7466)  loss_fgl: 0.0970 (0.0970)  loss_vfl_aux_0: 0.0661 (0.0661)  loss_bbox_aux_0: 1.3763 (1.3763)  loss_giou_aux_0: 2.7719 (2.7719)  loss_fgl_aux_0: 0.1057 (0.1057)  loss_ddf_aux_0: 0.0191 (0.0191)  loss_vfl_aux_1: 0.0422 (0.0422)  loss_bbox_aux_1: 1.4483 (1.4483)  loss_giou_aux_1: 2.7495 (2.7495)  loss_fgl_aux_1: 0.0953 (0.0953)  loss_ddf_aux_1: 0.0016 (0.0016)  loss_vfl_pre: 0.0671 (0.0671)  loss_bbox_pre: 1.3825 (1.3825)  loss_giou_pre: 2.7933 (2.7933)  loss_vfl_enc_0: 0.0647 (0.0647)  loss_bbox_enc_0: 1.3601 (1.3601)  loss_giou_enc_0: 2.8214 (2.8214)  loss_vfl_dn_0: 0.3434 (0.3434)  loss_bbox_dn_0: 0.3837 (0.3837)  loss_giou_dn_0: 1.5891 (1.5891)  loss_fgl_dn_0: 0.6163 (0.6163)  loss_ddf_dn_0: 0.1081 (0.1081)  loss_vfl_dn_1: 0.5370 (0.5370)  loss_bbox_dn_1: 0.2458 (0.2458)  loss_giou_dn_1: 1.4237 (1.4237)  loss_fgl_dn_1: 0.7196 (0.7196)  loss_ddf_dn_1: 0.0054 (0.0054)  loss_vfl_dn_2: 0.5355 (0.5355)  loss_bbox_dn_2: 0.2339 (0.2339)  loss_giou_dn_2: 1.4127 (1.4127)  loss_fgl_dn_2: 0.7244 (0.7244)  loss_ddf_dn_2: -0.0000 (0.0000)  loss_vfl_dn_pre: 0.3515 (0.3515)  loss_bbox_dn_pre: 0.3727 (0.3727)  loss_giou_dn_pre: 1.5786 (1.5786)  loss_size: 0.3631 (0.3631)  time: 1.1571  data: 0.2305  max mem: 5074
Epoch: [0/30]  [44/45]  eta: 0:00:00  lr: 0.000100  loss: 31.1025 (32.6194)  loss_vfl: 0.2976 (0.1951)  loss_bbox: 0.6042 (0.9896)  loss_giou: 2.2954 (2.5830)  loss_fgl: 0.2995 (0.2351)  loss_vfl_aux_0: 0.2185 (0.1891)  loss_bbox_aux_0: 0.6404 (1.0616)  loss_giou_aux_0: 2.4644 (2.6348)  loss_fgl_aux_0: 0.2726 (0.2016)  loss_ddf_aux_0: 0.0878 (0.0651)  loss_vfl_aux_1: 0.2897 (0.2301)  loss_bbox_aux_1: 0.6190 (1.0254)  loss_giou_aux_1: 2.3304 (2.5844)  loss_fgl_aux_1: 0.3025 (0.2293)  loss_ddf_aux_1: 0.0102 (0.0067)  loss_vfl_pre: 0.2054 (0.1816)  loss_bbox_pre: 0.6631 (1.0880)  loss_giou_pre: 2.4284 (2.6247)  loss_vfl_enc_0: 0.0883 (0.0963)  loss_bbox_enc_0: 1.0942 (1.2606)  loss_giou_enc_0: 2.4468 (2.6783)  loss_vfl_dn_0: 1.1917 (0.9703)  loss_bbox_dn_0: 0.0919 (0.1624)  loss_giou_dn_0: 1.0446 (1.1877)  loss_fgl_dn_0: 1.0286 (0.9129)  loss_ddf_dn_0: 0.3264 (0.2324)  loss_vfl_dn_1: 1.3910 (1.2116)  loss_bbox_dn_1: 0.0741 (0.1071)  loss_giou_dn_1: 0.8314 (1.0039)  loss_fgl_dn_1: 1.1212 (0.9923)  loss_ddf_dn_1: 0.0129 (0.0102)  loss_vfl_dn_2: 1.0684 (1.0264)  loss_bbox_dn_2: 0.0733 (0.1042)  loss_giou_dn_2: 0.8213 (0.9875)  loss_fgl_dn_2: 1.1256 (0.9966)  loss_ddf_dn_2: -0.0000 (0.0000)  loss_vfl_dn_pre: 1.1989 (0.9675)  loss_bbox_dn_pre: 0.0908 (0.1630)  loss_giou_dn_pre: 1.0327 (1.1862)  loss_size: 0.0877 (0.2368)  time: 0.2466  data: 0.0120  max mem: 5227
Epoch: [0/30] Total time: 0:00:11 (0.2650 s / it)
Averaged stats: lr: 0.000100  loss: 31.1025 (32.6194)  loss_vfl: 0.2976 (0.1951)  loss_bbox: 0.6042 (0.9896)  loss_giou: 2.2954 (2.5830)  loss_fgl: 0.2995 (0.2351)  loss_vfl_aux_0: 0.2185 (0.1891)  loss_bbox_aux_0: 0.6404 (1.0616)  loss_giou_aux_0: 2.4644 (2.6348)  loss_fgl_aux_0: 0.2726 (0.2016)  loss_ddf_aux_0: 0.0878 (0.0651)  loss_vfl_aux_1: 0.2897 (0.2301)  loss_bbox_aux_1: 0.6190 (1.0254)  loss_giou_aux_1: 2.3304 (2.5844)  loss_fgl_aux_1: 0.3025 (0.2293)  loss_ddf_aux_1: 0.0102 (0.0067)  loss_vfl_pre: 0.2054 (0.1816)  loss_bbox_pre: 0.6631 (1.0880)  loss_giou_pre: 2.4284 (2.6247)  loss_vfl_enc_0: 0.0883 (0.0963)  loss_bbox_enc_0: 1.0942 (1.2606)  loss_giou_enc_0: 2.4468 (2.6783)  loss_vfl_dn_0: 1.1917 (0.9703)  loss_bbox_dn_0: 0.0919 (0.1624)  loss_giou_dn_0: 1.0446 (1.1877)  loss_fgl_dn_0: 1.0286 (0.9129)  loss_ddf_dn_0: 0.3264 (0.2324)  loss_vfl_dn_1: 1.3910 (1.2116)  loss_bbox_dn_1: 0.0741 (0.1071)  loss_giou_dn_1: 0.8314 (1.0039)  loss_fgl_dn_1: 1.1212 (0.9923)  loss_ddf_dn_1: 0.0129 (0.0102)  loss_vfl_dn_2: 1.0684 (1.0264)  loss_bbox_dn_2: 0.0733 (0.1042)  loss_giou_dn_2: 0.8213 (0.9875)  loss_fgl_dn_2: 1.1256 (0.9966)  loss_ddf_dn_2: -0.0000 (0.0000)  loss_vfl_dn_pre: 1.1989 (0.9675)  loss_bbox_dn_pre: 0.0908 (0.1630)  loss_giou_dn_pre: 1.0327 (1.1862)  loss_size: 0.0877 (0.2368)
Test:  [0/8]  eta: 0:00:04    time: 0.5287  data: 0.2243  max mem: 5227
Test:  [7/8]  eta: 0:00:00    time: 0.1238  data: 0.0388  max mem: 5227
Test: Total time: 0:00:01 (0.1278 s / it)
Metrics: {'f1': 0, 'precision': 0, 'recall': 0.0, 'iou': 0.0, 'TPs': 0, 'FPs': 0, 'FNs': 142}
Averaged stats: 
Accumulating evaluation results...
COCOeval_opt.accumulate() finished...
DONE (t=0.00s).
IoU metric: bbox
 Average Precision  (AP) @[ IoU=0.50:0.95 | area=   all | maxDets=100 ] = 0.004
 Average Precision  (AP) @[ IoU=0.50      | area=   all | maxDets=100 ] = 0.021
 Average Precision  (AP) @[ IoU=0.75      | area=   all | maxDets=100 ] = 0.001
 Average Precision  (AP) @[ IoU=0.50:0.95 | area= small | maxDets=100 ] = 0.006
 Average Precision  (AP) @[ IoU=0.50:0.95 | area=medium | maxDets=100 ] = -1.000
 Average Precision  (AP) @[ IoU=0.50:0.95 | area= large | maxDets=100 ] = -1.000
 Average Recall     (AR) @[ IoU=0.50:0.95 | area=   all | maxDets=  1 ] = 0.018
 Average Recall     (AR) @[ IoU=0.50:0.95 | area=   all | maxDets= 10 ] = 0.065
 Average Recall     (AR) @[ IoU=0.50:0.95 | area=   all | maxDets=100 ] = 0.075
 Average Recall     (AR) @[ IoU=0.50:0.95 | area= small | maxDets=100 ] = 0.075
 Average Recall     (AR) @[ IoU=0.50:0.95 | area=medium | maxDets=100 ] = -1.000
 Average Recall     (AR) @[ IoU=0.50:0.95 | area= large | maxDets=100 ] = -1.000
 Average Recall     (AR) @[ IoU=0.50      | area=   all | maxDets=100 ] = 0.239
 Average Recall     (AR) @[ IoU=0.75      | area=   all | maxDets=100 ] = 0.028
best_stat: {'epoch': 0, 'coco_eval_bbox': 0.003865222717944589}
Epoch: [1/30]  [ 0/45]  eta: 0:00:21  lr: 0.000100  loss: 27.0628 (27.0628)  loss_vfl: 0.4694 (0.4694)  loss_bbox: 0.2345 (0.2345)  loss_giou: 1.6095 (1.6095)  loss_fgl: 0.6551 (0.6551)  loss_vfl_aux_0: 0.3411 (0.3411)  loss_bbox_aux_0: 0.3060 (0.3060)  loss_giou_aux_0: 1.9139 (1.9139)  loss_fgl_aux_0: 0.4685 (0.4685)  loss_ddf_aux_0: 0.2992 (0.2992)  loss_vfl_aux_1: 0.5032 (0.5032)  loss_bbox_aux_1: 0.2656 (0.2656)  loss_giou_aux_1: 1.6828 (1.6828)  loss_fgl_aux_1: 0.6396 (0.6396)  loss_ddf_aux_1: 0.0318 (0.0318)  loss_vfl_pre: 0.3463 (0.3463)  loss_bbox_pre: 0.3411 (0.3411)  loss_giou_pre: 1.9127 (1.9127)  loss_vfl_enc_0: 0.1249 (0.1249)  loss_bbox_enc_0: 0.6249 (0.6249)  loss_giou_enc_0: 2.1398 (2.1398)  loss_vfl_dn_0: 1.3268 (1.3268)  loss_bbox_dn_0: 0.0726 (0.0726)  loss_giou_dn_0: 0.8938 (0.8938)  loss_fgl_dn_0: 1.1162 (1.1162)  loss_ddf_dn_0: 0.4633 (0.4633)  loss_vfl_dn_1: 1.1261 (1.1261)  loss_bbox_dn_1: 0.0612 (0.0612)  loss_giou_dn_1: 0.7861 (0.7861)  loss_fgl_dn_1: 1.1665 (1.1665)  loss_ddf_dn_1: 0.0400 (0.0400)  loss_vfl_dn_2: 0.7635 (0.7635)  loss_bbox_dn_2: 0.0586 (0.0586)  loss_giou_dn_2: 0.7789 (0.7789)  loss_fgl_dn_2: 1.1702 (1.1702)  loss_ddf_dn_2: -0.0000 (0.0000)  loss_vfl_dn_pre: 1.3066 (1.3066)  loss_bbox_dn_pre: 0.0739 (0.0739)  loss_giou_dn_pre: 0.9020 (0.9020)  loss_size: 0.0465 (0.0465)  time: 0.4877  data: 0.2349  max mem: 5227
Epoch: [1/30]  [44/45]  eta: 0:00:00  lr: 0.000100  loss: 29.2054 (28.3129)  loss_vfl: 0.2565 (0.4156)  loss_bbox: 0.4927 (0.4255)  loss_giou: 2.1888 (1.9146)  loss_fgl: 0.3467 (0.5679)  loss_vfl_aux_0: 0.2614 (0.4167)  loss_bbox_aux_0: 0.5873 (0.4929)  loss_giou_aux_0: 2.4257 (2.2032)  loss_fgl_aux_0: 0.2488 (0.4416)  loss_ddf_aux_0: 0.1298 (0.2247)  loss_vfl_aux_1: 0.2575 (0.4339)  loss_bbox_aux_1: 0.5343 (0.4519)  loss_giou_aux_1: 2.1921 (1.9488)  loss_fgl_aux_1: 0.3336 (0.5557)  loss_ddf_aux_1: 0.0159 (0.0256)  loss_vfl_pre: 0.2705 (0.4148)  loss_bbox_pre: 0.6073 (0.5170)  loss_giou_pre: 2.4127 (2.1689)  loss_vfl_enc_0: 0.0637 (0.1139)  loss_bbox_enc_0: 0.8056 (0.7689)  loss_giou_enc_0: 2.8186 (2.5679)  loss_vfl_dn_0: 0.8575 (1.0719)  loss_bbox_dn_0: 0.0640 (0.0691)  loss_giou_dn_0: 0.7184 (0.7838)  loss_fgl_dn_0: 1.2087 (1.1800)  loss_ddf_dn_0: 0.8783 (0.9631)  loss_vfl_dn_1: 0.5644 (0.6944)  loss_bbox_dn_1: 0.0515 (0.0545)  loss_giou_dn_1: 0.5978 (0.6570)  loss_fgl_dn_1: 1.2259 (1.2128)  loss_ddf_dn_1: 0.0622 (0.0629)  loss_vfl_dn_2: 0.5500 (0.5875)  loss_bbox_dn_2: 0.0514 (0.0549)  loss_giou_dn_2: 0.5965 (0.6588)  loss_fgl_dn_2: 1.2341 (1.2200)  loss_ddf_dn_2: -0.0000 (0.0000)  loss_vfl_dn_pre: 0.8586 (1.0750)  loss_bbox_dn_pre: 0.0645 (0.0695)  loss_giou_dn_pre: 0.7158 (0.7815)  loss_size: 0.0403 (0.0465)  time: 0.2444  data: 0.0119  max mem: 5227
Epoch: [1/30] Total time: 0:00:11 (0.2502 s / it)
Averaged stats: lr: 0.000100  loss: 29.2054 (28.3129)  loss_vfl: 0.2565 (0.4156)  loss_bbox: 0.4927 (0.4255)  loss_giou: 2.1888 (1.9146)  loss_fgl: 0.3467 (0.5679)  loss_vfl_aux_0: 0.2614 (0.4167)  loss_bbox_aux_0: 0.5873 (0.4929)  loss_giou_aux_0: 2.4257 (2.2032)  loss_fgl_aux_0: 0.2488 (0.4416)  loss_ddf_aux_0: 0.1298 (0.2247)  loss_vfl_aux_1: 0.2575 (0.4339)  loss_bbox_aux_1: 0.5343 (0.4519)  loss_giou_aux_1: 2.1921 (1.9488)  loss_fgl_aux_1: 0.3336 (0.5557)  loss_ddf_aux_1: 0.0159 (0.0256)  loss_vfl_pre: 0.2705 (0.4148)  loss_bbox_pre: 0.6073 (0.5170)  loss_giou_pre: 2.4127 (2.1689)  loss_vfl_enc_0: 0.0637 (0.1139)  loss_bbox_enc_0: 0.8056 (0.7689)  loss_giou_enc_0: 2.8186 (2.5679)  loss_vfl_dn_0: 0.8575 (1.0719)  loss_bbox_dn_0: 0.0640 (0.0691)  loss_giou_dn_0: 0.7184 (0.7838)  loss_fgl_dn_0: 1.2087 (1.1800)  loss_ddf_dn_0: 0.8783 (0.9631)  loss_vfl_dn_1: 0.5644 (0.6944)  loss_bbox_dn_1: 0.0515 (0.0545)  loss_giou_dn_1: 0.5978 (0.6570)  loss_fgl_dn_1: 1.2259 (1.2128)  loss_ddf_dn_1: 0.0622 (0.0629)  loss_vfl_dn_2: 0.5500 (0.5875)  loss_bbox_dn_2: 0.0514 (0.0549)  loss_giou_dn_2: 0.5965 (0.6588)  loss_fgl_dn_2: 1.2341 (1.2200)  loss_ddf_dn_2: -0.0000 (0.0000)  loss_vfl_dn_pre: 0.8586 (1.0750)  loss_bbox_dn_pre: 0.0645 (0.0695)  loss_giou_dn_pre: 0.7158 (0.7815)  loss_size: 0.0403 (0.0465)
Test:  [0/8]  eta: 0:00:02    time: 0.2785  data: 0.2204  max mem: 5227
Test:  [7/8]  eta: 0:00:00    time: 0.0963  data: 0.0411  max mem: 5227
Test: Total time: 0:00:00 (0.1000 s / it)
Metrics: {'f1': 0.30452674897119336, 'precision': 0.36633663366336633, 'recall': 0.2605633802816901, 'iou': 0.11906386694861847, 'TPs': 37, 'FPs': 64, 'FNs': 105}
Averaged stats: 
Accumulating evaluation results...
COCOeval_opt.accumulate() finished...
DONE (t=0.00s).
IoU metric: bbox
 Average Precision  (AP) @[ IoU=0.50:0.95 | area=   all | maxDets=100 ] = 0.056
 Average Precision  (AP) @[ IoU=0.50      | area=   all | maxDets=100 ] = 0.171
 Average Precision  (AP) @[ IoU=0.75      | area=   all | maxDets=100 ] = 0.025
 Average Precision  (AP) @[ IoU=0.50:0.95 | area= small | maxDets=100 ] = 0.056
 Average Precision  (AP) @[ IoU=0.50:0.95 | area=medium | maxDets=100 ] = -1.000
 Average Precision  (AP) @[ IoU=0.50:0.95 | area= large | maxDets=100 ] = -1.000
 Average Recall     (AR) @[ IoU=0.50:0.95 | area=   all | maxDets=  1 ] = 0.077
 Average Recall     (AR) @[ IoU=0.50:0.95 | area=   all | maxDets= 10 ] = 0.130
 Average Recall     (AR) @[ IoU=0.50:0.95 | area=   all | maxDets=100 ] = 0.141
 Average Recall     (AR) @[ IoU=0.50:0.95 | area= small | maxDets=100 ] = 0.141
 Average Recall     (AR) @[ IoU=0.50:0.95 | area=medium | maxDets=100 ] = -1.000
 Average Recall     (AR) @[ IoU=0.50:0.95 | area= large | maxDets=100 ] = -1.000
 Average Recall     (AR) @[ IoU=0.50      | area=   all | maxDets=100 ] = 0.338
 Average Recall     (AR) @[ IoU=0.75      | area=   all | maxDets=100 ] = 0.077
best_stat: {'epoch': 1, 'coco_eval_bbox': 0.056466226641723564}
Epoch: [2/30]  [ 0/45]  eta: 0:00:20  lr: 0.000100  loss: 28.6441 (28.6441)  loss_vfl: 0.1348 (0.1348)  loss_bbox: 0.6439 (0.6439)  loss_giou: 2.6367 (2.6367)  loss_fgl: 0.1772 (0.1772)  loss_vfl_aux_0: 0.1354 (0.1354)  loss_bbox_aux_0: 0.7048 (0.7048)  loss_giou_aux_0: 2.7647 (2.7647)  loss_fgl_aux_0: 0.1457 (0.1457)  loss_ddf_aux_0: 0.0969 (0.0969)  loss_vfl_aux_1: 0.1659 (0.1659)  loss_bbox_aux_1: 0.7001 (0.7001)  loss_giou_aux_1: 2.6169 (2.6169)  loss_fgl_aux_1: 0.1725 (0.1725)  loss_ddf_aux_1: 0.0077 (0.0077)  loss_vfl_pre: 0.1416 (0.1416)  loss_bbox_pre: 0.7454 (0.7454)  loss_giou_pre: 2.7244 (2.7244)  loss_vfl_enc_0: 0.0275 (0.0275)  loss_bbox_enc_0: 0.9593 (0.9593)  loss_giou_enc_0: 3.1982 (3.1982)  loss_vfl_dn_0: 0.5763 (0.5763)  loss_bbox_dn_0: 0.0698 (0.0698)  loss_giou_dn_0: 0.8139 (0.8139)  loss_fgl_dn_0: 1.1732 (1.1732)  loss_ddf_dn_0: 0.6648 (0.6648)  loss_vfl_dn_1: 0.5444 (0.5444)  loss_bbox_dn_1: 0.0488 (0.0488)  loss_giou_dn_1: 0.6362 (0.6362)  loss_fgl_dn_1: 1.1912 (1.1912)  loss_ddf_dn_1: 0.0344 (0.0344)  loss_vfl_dn_2: 0.5333 (0.5333)  loss_bbox_dn_2: 0.0493 (0.0493)  loss_giou_dn_2: 0.6477 (0.6477)  loss_fgl_dn_2: 1.1950 (1.1950)  loss_ddf_dn_2: -0.0000 (0.0000)  loss_vfl_dn_pre: 0.5866 (0.5866)  loss_bbox_dn_pre: 0.0697 (0.0697)  loss_giou_dn_pre: 0.8048 (0.8048)  loss_size: 0.1049 (0.1049)  time: 0.4634  data: 0.2175  max mem: 5227
Epoch: [2/30]  [44/45]  eta: 0:00:00  lr: 0.000100  loss: 22.3330 (23.6398)  loss_vfl: 0.7148 (0.6429)  loss_bbox: 0.0927 (0.1993)  loss_giou: 0.8281 (1.2066)  loss_fgl: 0.9998 (0.8495)  loss_vfl_aux_0: 0.6347 (0.5126)  loss_bbox_aux_0: 0.1353 (0.2645)  loss_giou_aux_0: 1.2757 (1.5718)  loss_fgl_aux_0: 0.8749 (0.7289)  loss_ddf_aux_0: 0.2278 (0.2138)  loss_vfl_aux_1: 0.7904 (0.6559)  loss_bbox_aux_1: 0.0946 (0.2192)  loss_giou_aux_1: 0.9068 (1.2639)  loss_fgl_aux_1: 0.9808 (0.8332)  loss_ddf_aux_1: 0.0283 (0.0292)  loss_vfl_pre: 0.5958 (0.4929)  loss_bbox_pre: 0.1532 (0.2817)  loss_giou_pre: 1.2592 (1.5589)  loss_vfl_enc_0: 0.1949 (0.1752)  loss_bbox_enc_0: 0.4230 (0.5578)  loss_giou_enc_0: 2.1915 (2.3281)  loss_vfl_dn_0: 0.5502 (0.5421)  loss_bbox_dn_0: 0.0588 (0.0605)  loss_giou_dn_0: 0.6602 (0.7016)  loss_fgl_dn_0: 1.2266 (1.2237)  loss_ddf_dn_0: 0.3733 (0.4627)  loss_vfl_dn_1: 0.5015 (0.5175)  loss_bbox_dn_1: 0.0457 (0.0473)  loss_giou_dn_1: 0.5382 (0.5757)  loss_fgl_dn_1: 1.2306 (1.2281)  loss_ddf_dn_1: 0.0170 (0.0239)  loss_vfl_dn_2: 0.4823 (0.4961)  loss_bbox_dn_2: 0.0457 (0.0472)  loss_giou_dn_2: 0.5373 (0.5738)  loss_fgl_dn_2: 1.2332 (1.2300)  loss_ddf_dn_2: -0.0000 (0.0000)  loss_vfl_dn_pre: 0.5467 (0.5430)  loss_bbox_dn_pre: 0.0575 (0.0596)  loss_giou_dn_pre: 0.6617 (0.6969)  loss_size: 0.0127 (0.0244)  time: 0.2416  data: 0.0119  max mem: 5227
Epoch: [2/30] Total time: 0:00:11 (0.2489 s / it)
Averaged stats: lr: 0.000100  loss: 22.3330 (23.6398)  loss_vfl: 0.7148 (0.6429)  loss_bbox: 0.0927 (0.1993)  loss_giou: 0.8281 (1.2066)  loss_fgl: 0.9998 (0.8495)  loss_vfl_aux_0: 0.6347 (0.5126)  loss_bbox_aux_0: 0.1353 (0.2645)  loss_giou_aux_0: 1.2757 (1.5718)  loss_fgl_aux_0: 0.8749 (0.7289)  loss_ddf_aux_0: 0.2278 (0.2138)  loss_vfl_aux_1: 0.7904 (0.6559)  loss_bbox_aux_1: 0.0946 (0.2192)  loss_giou_aux_1: 0.9068 (1.2639)  loss_fgl_aux_1: 0.9808 (0.8332)  loss_ddf_aux_1: 0.0283 (0.0292)  loss_vfl_pre: 0.5958 (0.4929)  loss_bbox_pre: 0.1532 (0.2817)  loss_giou_pre: 1.2592 (1.5589)  loss_vfl_enc_0: 0.1949 (0.1752)  loss_bbox_enc_0: 0.4230 (0.5578)  loss_giou_enc_0: 2.1915 (2.3281)  loss_vfl_dn_0: 0.5502 (0.5421)  loss_bbox_dn_0: 0.0588 (0.0605)  loss_giou_dn_0: 0.6602 (0.7016)  loss_fgl_dn_0: 1.2266 (1.2237)  loss_ddf_dn_0: 0.3733 (0.4627)  loss_vfl_dn_1: 0.5015 (0.5175)  loss_bbox_dn_1: 0.0457 (0.0473)  loss_giou_dn_1: 0.5382 (0.5757)  loss_fgl_dn_1: 1.2306 (1.2281)  loss_ddf_dn_1: 0.0170 (0.0239)  loss_vfl_dn_2: 0.4823 (0.4961)  loss_bbox_dn_2: 0.0457 (0.0472)  loss_giou_dn_2: 0.5373 (0.5738)  loss_fgl_dn_2: 1.2332 (1.2300)  loss_ddf_dn_2: -0.0000 (0.0000)  loss_vfl_dn_pre: 0.5467 (0.5430)  loss_bbox_dn_pre: 0.0575 (0.0596)  loss_giou_dn_pre: 0.6617 (0.6969)  loss_size: 0.0127 (0.0244)
Test:  [0/8]  eta: 0:00:02    time: 0.2897  data: 0.2326  max mem: 5227
Test:  [7/8]  eta: 0:00:00    time: 0.0971  data: 0.0419  max mem: 5227
Test: Total time: 0:00:00 (0.1013 s / it)
Metrics: {'f1': 0.5886524822695035, 'precision': 0.5928571428571429, 'recall': 0.5845070422535211, 'iou': 0.2937184946620884, 'TPs': 83, 'FPs': 57, 'FNs': 59}
Averaged stats: 
Accumulating evaluation results...
COCOeval_opt.accumulate() finished...
DONE (t=0.01s).
IoU metric: bbox
 Average Precision  (AP) @[ IoU=0.50:0.95 | area=   all | maxDets=100 ] = 0.210
 Average Precision  (AP) @[ IoU=0.50      | area=   all | maxDets=100 ] = 0.561
 Average Precision  (AP) @[ IoU=0.75      | area=   all | maxDets=100 ] = 0.087
 Average Precision  (AP) @[ IoU=0.50:0.95 | area= small | maxDets=100 ] = 0.210
 Average Precision  (AP) @[ IoU=0.50:0.95 | area=medium | maxDets=100 ] = -1.000
 Average Precision  (AP) @[ IoU=0.50:0.95 | area= large | maxDets=100 ] = -1.000
 Average Recall     (AR) @[ IoU=0.50:0.95 | area=   all | maxDets=  1 ] = 0.165
 Average Recall     (AR) @[ IoU=0.50:0.95 | area=   all | maxDets= 10 ] = 0.415
 Average Recall     (AR) @[ IoU=0.50:0.95 | area=   all | maxDets=100 ] = 0.519
 Average Recall     (AR) @[ IoU=0.50:0.95 | area= small | maxDets=100 ] = 0.519
 Average Recall     (AR) @[ IoU=0.50:0.95 | area=medium | maxDets=100 ] = -1.000
 Average Recall     (AR) @[ IoU=0.50:0.95 | area= large | maxDets=100 ] = -1.000
 Average Recall     (AR) @[ IoU=0.50      | area=   all | maxDets=100 ] = 0.951
 Average Recall     (AR) @[ IoU=0.75      | area=   all | maxDets=100 ] = 0.514
best_stat: {'epoch': 2, 'coco_eval_bbox': 0.21044611305308547}
Epoch: [3/30]  [ 0/45]  eta: 0:00:21  lr: 0.000100  loss: 21.5517 (21.5517)  loss_vfl: 0.7363 (0.7363)  loss_bbox: 0.0606 (0.0606)  loss_giou: 0.6744 (0.6744)  loss_fgl: 1.1135 (1.1135)  loss_vfl_aux_0: 0.8173 (0.8173)  loss_bbox_aux_0: 0.0981 (0.0981)  loss_giou_aux_0: 1.0509 (1.0509)  loss_fgl_aux_0: 1.0280 (1.0280)  loss_ddf_aux_0: 0.2789 (0.2789)  loss_vfl_aux_1: 0.8091 (0.8091)  loss_bbox_aux_1: 0.0681 (0.0681)  loss_giou_aux_1: 0.7420 (0.7420)  loss_fgl_aux_1: 1.0933 (1.0933)  loss_ddf_aux_1: 0.0348 (0.0348)  loss_vfl_pre: 0.7900 (0.7900)  loss_bbox_pre: 0.0985 (0.0985)  loss_giou_pre: 1.0197 (1.0197)  loss_vfl_enc_0: 0.2571 (0.2571)  loss_bbox_enc_0: 0.3416 (0.3416)  loss_giou_enc_0: 1.9647 (1.9647)  loss_vfl_dn_0: 0.5662 (0.5662)  loss_bbox_dn_0: 0.0418 (0.0418)  loss_giou_dn_0: 0.5721 (0.5721)  loss_fgl_dn_0: 1.2554 (1.2554)  loss_ddf_dn_0: 0.3556 (0.3556)  loss_vfl_dn_1: 0.4661 (0.4661)  loss_bbox_dn_1: 0.0378 (0.0378)  loss_giou_dn_1: 0.5032 (0.5032)  loss_fgl_dn_1: 1.2395 (1.2395)  loss_ddf_dn_1: 0.0115 (0.0115)  loss_vfl_dn_2: 0.4601 (0.4601)  loss_bbox_dn_2: 0.0375 (0.0375)  loss_giou_dn_2: 0.4985 (0.4985)  loss_fgl_dn_2: 1.2409 (1.2409)  loss_ddf_dn_2: -0.0000 (0.0000)  loss_vfl_dn_pre: 0.5610 (0.5610)  loss_bbox_dn_pre: 0.0426 (0.0426)  loss_giou_dn_pre: 0.5799 (0.5799)  loss_size: 0.0050 (0.0050)  time: 0.4776  data: 0.2233  max mem: 5227
Epoch: [3/30]  [44/45]  eta: 0:00:00  lr: 0.000100  loss: 21.8628 (22.2508)  loss_vfl: 0.6684 (0.6928)  loss_bbox: 0.0808 (0.1023)  loss_giou: 0.7913 (0.8644)  loss_fgl: 1.0454 (1.0250)  loss_vfl_aux_0: 0.6064 (0.6365)  loss_bbox_aux_0: 0.1180 (0.1470)  loss_giou_aux_0: 1.1403 (1.2293)  loss_fgl_aux_0: 0.9211 (0.9212)  loss_ddf_aux_0: 0.3013 (0.2861)  loss_vfl_aux_1: 0.6755 (0.7241)  loss_bbox_aux_1: 0.0913 (0.1117)  loss_giou_aux_1: 0.8181 (0.9144)  loss_fgl_aux_1: 1.0275 (1.0133)  loss_ddf_aux_1: 0.0322 (0.0357)  loss_vfl_pre: 0.5991 (0.6313)  loss_bbox_pre: 0.1250 (0.1539)  loss_giou_pre: 1.1292 (1.2176)  loss_vfl_enc_0: 0.1863 (0.2243)  loss_bbox_enc_0: 0.4383 (0.4429)  loss_giou_enc_0: 2.2769 (2.2354)  loss_vfl_dn_0: 0.5385 (0.5438)  loss_bbox_dn_0: 0.0541 (0.0550)  loss_giou_dn_0: 0.6405 (0.6440)  loss_fgl_dn_0: 1.2372 (1.2387)  loss_ddf_dn_0: 0.3092 (0.3557)  loss_vfl_dn_1: 0.4663 (0.4738)  loss_bbox_dn_1: 0.0419 (0.0426)  loss_giou_dn_1: 0.5210 (0.5264)  loss_fgl_dn_1: 1.2318 (1.2324)  loss_ddf_dn_1: 0.0119 (0.0151)  loss_vfl_dn_2: 0.4562 (0.4625)  loss_bbox_dn_2: 0.0419 (0.0426)  loss_giou_dn_2: 0.5152 (0.5258)  loss_fgl_dn_2: 1.2314 (1.2334)  loss_ddf_dn_2: -0.0000 (0.0000)  loss_vfl_dn_pre: 0.5362 (0.5412)  loss_bbox_dn_pre: 0.0535 (0.0546)  loss_giou_dn_pre: 0.6302 (0.6420)  loss_size: 0.0125 (0.0119)  time: 0.2418  data: 0.0120  max mem: 5227
Epoch: [3/30] Total time: 0:00:11 (0.2492 s / it)
Averaged stats: lr: 0.000100  loss: 21.8628 (22.2508)  loss_vfl: 0.6684 (0.6928)  loss_bbox: 0.0808 (0.1023)  loss_giou: 0.7913 (0.8644)  loss_fgl: 1.0454 (1.0250)  loss_vfl_aux_0: 0.6064 (0.6365)  loss_bbox_aux_0: 0.1180 (0.1470)  loss_giou_aux_0: 1.1403 (1.2293)  loss_fgl_aux_0: 0.9211 (0.9212)  loss_ddf_aux_0: 0.3013 (0.2861)  loss_vfl_aux_1: 0.6755 (0.7241)  loss_bbox_aux_1: 0.0913 (0.1117)  loss_giou_aux_1: 0.8181 (0.9144)  loss_fgl_aux_1: 1.0275 (1.0133)  loss_ddf_aux_1: 0.0322 (0.0357)  loss_vfl_pre: 0.5991 (0.6313)  loss_bbox_pre: 0.1250 (0.1539)  loss_giou_pre: 1.1292 (1.2176)  loss_vfl_enc_0: 0.1863 (0.2243)  loss_bbox_enc_0: 0.4383 (0.4429)  loss_giou_enc_0: 2.2769 (2.2354)  loss_vfl_dn_0: 0.5385 (0.5438)  loss_bbox_dn_0: 0.0541 (0.0550)  loss_giou_dn_0: 0.6405 (0.6440)  loss_fgl_dn_0: 1.2372 (1.2387)  loss_ddf_dn_0: 0.3092 (0.3557)  loss_vfl_dn_1: 0.4663 (0.4738)  loss_bbox_dn_1: 0.0419 (0.0426)  loss_giou_dn_1: 0.5210 (0.5264)  loss_fgl_dn_1: 1.2318 (1.2324)  loss_ddf_dn_1: 0.0119 (0.0151)  loss_vfl_dn_2: 0.4562 (0.4625)  loss_bbox_dn_2: 0.0419 (0.0426)  loss_giou_dn_2: 0.5152 (0.5258)  loss_fgl_dn_2: 1.2314 (1.2334)  loss_ddf_dn_2: -0.0000 (0.0000)  loss_vfl_dn_pre: 0.5362 (0.5412)  loss_bbox_dn_pre: 0.0535 (0.0546)  loss_giou_dn_pre: 0.6302 (0.6420)  loss_size: 0.0125 (0.0119)
Test:  [0/8]  eta: 0:00:02    time: 0.2781  data: 0.2209  max mem: 5227
Test:  [7/8]  eta: 0:00:00    time: 0.1200  data: 0.0408  max mem: 5227
Test: Total time: 0:00:00 (0.1243 s / it)
Metrics: {'f1': 0.6835443037974683, 'precision': 0.6206896551724138, 'recall': 0.7605633802816901, 'iou': 0.3654383286260642, 'TPs': 108, 'FPs': 66, 'FNs': 34}
Averaged stats: 
Accumulating evaluation results...
COCOeval_opt.accumulate() finished...
DONE (t=0.01s).
IoU metric: bbox
 Average Precision  (AP) @[ IoU=0.50:0.95 | area=   all | maxDets=100 ] = 0.264
 Average Precision  (AP) @[ IoU=0.50      | area=   all | maxDets=100 ] = 0.697
 Average Precision  (AP) @[ IoU=0.75      | area=   all | maxDets=100 ] = 0.128
 Average Precision  (AP) @[ IoU=0.50:0.95 | area= small | maxDets=100 ] = 0.264
 Average Precision  (AP) @[ IoU=0.50:0.95 | area=medium | maxDets=100 ] = -1.000
 Average Precision  (AP) @[ IoU=0.50:0.95 | area= large | maxDets=100 ] = -1.000
 Average Recall     (AR) @[ IoU=0.50:0.95 | area=   all | maxDets=  1 ] = 0.177
 Average Recall     (AR) @[ IoU=0.50:0.95 | area=   all | maxDets= 10 ] = 0.469
 Average Recall     (AR) @[ IoU=0.50:0.95 | area=   all | maxDets=100 ] = 0.576
 Average Recall     (AR) @[ IoU=0.50:0.95 | area= small | maxDets=100 ] = 0.576
 Average Recall     (AR) @[ IoU=0.50:0.95 | area=medium | maxDets=100 ] = -1.000
 Average Recall     (AR) @[ IoU=0.50:0.95 | area= large | maxDets=100 ] = -1.000
 Average Recall     (AR) @[ IoU=0.50      | area=   all | maxDets=100 ] = 0.958
 Average Recall     (AR) @[ IoU=0.75      | area=   all | maxDets=100 ] = 0.613
best_stat: {'epoch': 3, 'coco_eval_bbox': 0.2639844291655693}
Epoch: [4/30]  [ 0/45]  eta: 0:00:22  lr: 0.000100  loss: 21.0195 (21.0195)  loss_vfl: 0.8369 (0.8369)  loss_bbox: 0.0536 (0.0536)  loss_giou: 0.5833 (0.5833)  loss_fgl: 1.2197 (1.2197)  loss_vfl_aux_0: 0.7783 (0.7783)  loss_bbox_aux_0: 0.0755 (0.0755)  loss_giou_aux_0: 0.8465 (0.8465)  loss_fgl_aux_0: 1.1503 (1.1503)  loss_ddf_aux_0: 0.3535 (0.3535)  loss_vfl_aux_1: 0.7427 (0.7427)  loss_bbox_aux_1: 0.0544 (0.0544)  loss_giou_aux_1: 0.5948 (0.5948)  loss_fgl_aux_1: 1.2177 (1.2177)  loss_ddf_aux_1: 0.0338 (0.0338)  loss_vfl_pre: 0.7844 (0.7844)  loss_bbox_pre: 0.0784 (0.0784)  loss_giou_pre: 0.8167 (0.8167)  loss_vfl_enc_0: 0.2279 (0.2279)  loss_bbox_enc_0: 0.3708 (0.3708)  loss_giou_enc_0: 1.9018 (1.9018)  loss_vfl_dn_0: 0.5459 (0.5459)  loss_bbox_dn_0: 0.0482 (0.0482)  loss_giou_dn_0: 0.5585 (0.5585)  loss_fgl_dn_0: 1.2475 (1.2475)  loss_ddf_dn_0: 0.2985 (0.2985)  loss_vfl_dn_1: 0.4541 (0.4541)  loss_bbox_dn_1: 0.0394 (0.0394)  loss_giou_dn_1: 0.4810 (0.4810)  loss_fgl_dn_1: 1.2393 (1.2393)  loss_ddf_dn_1: 0.0118 (0.0118)  loss_vfl_dn_2: 0.4517 (0.4517)  loss_bbox_dn_2: 0.0396 (0.0396)  loss_giou_dn_2: 0.4858 (0.4858)  loss_fgl_dn_2: 1.2405 (1.2405)  loss_ddf_dn_2: -0.0000 (0.0000)  loss_vfl_dn_pre: 0.5452 (0.5452)  loss_bbox_dn_pre: 0.0481 (0.0481)  loss_giou_dn_pre: 0.5565 (0.5565)  loss_size: 0.0069 (0.0069)  time: 0.5006  data: 0.2469  max mem: 5227
Traceback (most recent call last):
  File "/home/viplab/contest/experiments/kamp_ablation_v3/retry_failed_v1/train.py", line 21, in <module>
    runpy.run_path(str(E/'train_dfine.py'),run_name='__main__')
    ~~~~~~~~~~~~~~^^^^^^^^^^^^^^^^^^^^^^^^^^^^^^^^^^^^^^^^^^^^^
  File "<frozen runpy>", line 287, in run_path
  File "<frozen runpy>", line 98, in _run_module_code
  File "<frozen runpy>", line 88, in _run_code
  File "/home/viplab/contest/experiments/kamp_ablation_v3/train_dfine.py", line 19, in <module>
    runpy.run_path(str(ROOT/'models/D-FINE/train.py'),run_name='__main__')
    ~~~~~~~~~~~~~~^^^^^^^^^^^^^^^^^^^^^^^^^^^^^^^^^^^^^^^^^^^^^^^^^^^^^^^^
  File "<frozen runpy>", line 287, in run_path
  File "<frozen runpy>", line 98, in _run_module_code
  File "<frozen runpy>", line 88, in _run_code
  File "/home/viplab/contest/models/D-FINE/train.py", line 113, in <module>
    main(args)
    ~~~~^^^^^^
  File "/home/viplab/contest/models/D-FINE/train.py", line 75, in main
    solver.fit()
    ~~~~~~~~~~^^
  File "/home/viplab/contest/models/D-FINE/src/solver/det_solver.py", line 76, in fit
    train_stats = train_one_epoch(
        self.model,
    ...<13 lines>...
        output_dir=self.output_dir,
    )
  File "/home/viplab/contest/models/D-FINE/src/solver/det_engine.py", line 103, in train_one_epoch
    loss_dict = criterion(outputs, targets, **metas)
  File "/home/viplab/contest/.detector-venv/lib/python3.13/site-packages/torch/nn/modules/module.py", line 1776, in _wrapped_call_impl
    return self._call_impl(*args, **kwargs)
           ~~~~~~~~~~~~~~~^^^^^^^^^^^^^^^^^
  File "/home/viplab/contest/.detector-venv/lib/python3.13/site-packages/torch/nn/modules/module.py", line 1787, in _call_impl
    return forward_call(*args, **kwargs)
  File "/home/viplab/contest/experiments/kamp_ablation_v3/loss_patch.py", line 53, in forward
    raise FloatingPointError('Nonfinite loss')
FloatingPointError: Nonfinite loss
