[
  {
    "run": "dfine_s_seed20260929",
    "variant": "dfine_s",
    "seed": 20260929,
    "precise_wrong_leader": 47,
    "mean_IoU_gap": 0.07201379705731904,
    "score_IoU_spearman": 0.6441248904432105,
    "final75_floor0.001": 97,
    "nms75_floor0.001": 58,
    "nms_lost75_floor0.001": 39,
    "middle_lost75_floor0.001": 17,
    "final75_floor0.05": 67,
    "nms75_floor0.05": 52,
    "nms_lost75_floor0.05": 15,
    "middle_lost75_floor0.05": 39
  },
  {
    "run": "dfine_s_seed20260930",
    "variant": "dfine_s",
    "seed": 20260930,
    "precise_wrong_leader": 66,
    "mean_IoU_gap": 0.10698621267249458,
    "score_IoU_spearman": 0.6140325143357614,
    "final75_floor0.001": 115,
    "nms75_floor0.001": 71,
    "nms_lost75_floor0.001": 44,
    "middle_lost75_floor0.001": 11,
    "final75_floor0.05": 64,
    "nms75_floor0.05": 52,
    "nms_lost75_floor0.05": 12,
    "middle_lost75_floor0.05": 49
  },
  {
    "run": "dfine_s_seed20261001",
    "variant": "dfine_s",
    "seed": 20261001,
    "precise_wrong_leader": 34,
    "mean_IoU_gap": 0.08416675317308282,
    "score_IoU_spearman": 0.7839669546290656,
    "final75_floor0.001": 90,
    "nms75_floor0.001": 65,
    "nms_lost75_floor0.001": 25,
    "middle_lost75_floor0.001": 17,
    "final75_floor0.05": 86,
    "nms75_floor0.05": 64,
    "nms_lost75_floor0.05": 22,
    "middle_lost75_floor0.05": 18
  },
  {
    "run": "dfine_M_seed20260929",
    "variant": "dfine_M",
    "seed": 20260929,
    "precise_wrong_leader": 41,
    "mean_IoU_gap": 0.0785803681954909,
    "score_IoU_spearman": 0.38917608904375595,
    "final75_floor0.001": 98,
    "nms75_floor0.001": 63,
    "nms_lost75_floor0.001": 35,
    "middle_lost75_floor0.001": 5,
    "final75_floor0.05": 58,
    "nms75_floor0.05": 57,
    "nms_lost75_floor0.05": 1,
    "middle_lost75_floor0.05": 21
  },
  {
    "run": "dfine_M_seed20260930",
    "variant": "dfine_M",
    "seed": 20260930,
    "precise_wrong_leader": 56,
    "mean_IoU_gap": 0.08989770652906685,
    "score_IoU_spearman": 0.3937377039180336,
    "final75_floor0.001": 108,
    "nms75_floor0.001": 68,
    "nms_lost75_floor0.001": 40,
    "middle_lost75_floor0.001": 11,
    "final75_floor0.05": 57,
    "nms75_floor0.05": 52,
    "nms_lost75_floor0.05": 5,
    "middle_lost75_floor0.05": 40
  },
  {
    "run": "dfine_M_seed20261001",
    "variant": "dfine_M",
    "seed": 20261001,
    "precise_wrong_leader": 55,
    "mean_IoU_gap": 0.09419745379091832,
    "score_IoU_spearman": 0.34207764605211555,
    "final75_floor0.001": 106,
    "nms75_floor0.001": 73,
    "nms_lost75_floor0.001": 33,
    "middle_lost75_floor0.001": 4,
    "final75_floor0.05": 58,
    "nms75_floor0.05": 51,
    "nms_lost75_floor0.05": 7,
    "middle_lost75_floor0.05": 23
  }
]
