START yolov8s_seed20260929 2026-10-01T06:41:57.315826+00:00
END yolov8s_seed20260929 trained 2026-10-01T06:44:20.490130+00:00
START yolov8s_p2_seed20260929 2026-10-01T06:44:20.507561+00:00
END yolov8s_p2_seed20260929 trained 2026-10-01T06:47:38.476759+00:00
START dfine_s_seed20260929 2026-10-01T06:47:38.493286+00:00
END dfine_s_seed20260929 trained 2026-10-01T06:53:59.233650+00:00
START dfine_s_p2_seed20260929 2026-10-01T06:53:59.250825+00:00
END dfine_s_p2_seed20260929 trained 2026-10-01T07:01:41.319607+00:00
START yolov8s_seed20260930 2026-10-01T07:01:41.337725+00:00
END yolov8s_seed20260930 trained 2026-10-01T07:04:00.727134+00:00
START yolov8s_p2_seed20260930 2026-10-01T07:04:00.744827+00:00
END yolov8s_p2_seed20260930 trained 2026-10-01T07:07:17.002519+00:00
START dfine_s_seed20260930 2026-10-01T07:07:17.020558+00:00
END dfine_s_seed20260930 trained 2026-10-01T07:13:45.550361+00:00
START dfine_s_p2_seed20260930 2026-10-01T07:13:45.570452+00:00
END dfine_s_p2_seed20260930 trained 2026-10-01T07:21:33.431069+00:00
START yolov8s_seed20261001 2026-10-01T07:21:33.448501+00:00
END yolov8s_seed20261001 trained 2026-10-01T07:23:53.049092+00:00
START yolov8s_p2_seed20261001 2026-10-01T07:23:53.066579+00:00
END yolov8s_p2_seed20261001 trained 2026-10-01T07:27:07.401521+00:00
START dfine_s_seed20261001 2026-10-01T07:27:07.418600+00:00
END dfine_s_seed20261001 trained 2026-10-01T07:33:29.470205+00:00
START dfine_s_p2_seed20261001 2026-10-01T07:33:29.490434+00:00
END dfine_s_p2_seed20261001 trained 2026-10-01T07:41:13.741793+00:00
