base 20260929 quality {'epoch': 1, 'loss': [0.0013956054198470983, 0.0013956054198470983, 0.0], 'seconds': 0.21002721786499023}
base 20260929 quality {'epoch': 2, 'loss': [0.0013812014208683236, 0.0013812014208683236, 0.0], 'seconds': 0.28678131103515625}
base 20260929 quality {'epoch': 3, 'loss': [0.0013690921795469794, 0.0013690921795469794, 0.0], 'seconds': 0.36460304260253906}
base 20260929 quality {'epoch': 4, 'loss': [0.001366702072449367, 0.001366702072449367, 0.0], 'seconds': 0.440584659576416}
base 20260929 quality {'epoch': 5, 'loss': [0.0013555222063918006, 0.0013555222063918006, 0.0], 'seconds': 0.5143513679504395}
base 20260929 quality {'epoch': 6, 'loss': [0.0013549174578987402, 0.0013549174578987402, 0.0], 'seconds': 0.5912141799926758}
base 20260929 quality {'epoch': 7, 'loss': [0.0013497625477612019, 0.0013497625477612019, 0.0], 'seconds': 0.6691439151763916}
base 20260929 quality {'epoch': 8, 'loss': [0.001347048769027672, 0.001347048769027672, 0.0], 'seconds': 0.7447285652160645}
base 20260929 quality {'epoch': 9, 'loss': [0.0013713187495754523, 0.0013713187495754523, 0.0], 'seconds': 0.8215041160583496}
base 20260929 quality {'epoch': 10, 'loss': [0.001357135664544661, 0.001357135664544661, 0.0], 'seconds': 0.8981282711029053}
base 20260929 quality {'epoch': 11, 'loss': [0.0013415836279322816, 0.0013415836279322816, 0.0], 'seconds': 0.9741601943969727}
base 20260929 quality {'epoch': 12, 'loss': [0.0013476995730095289, 0.0013476995730095289, 0.0], 'seconds': 1.0518455505371094}
base 20260929 quality {'epoch': 13, 'loss': [0.0013250990225721828, 0.0013250990225721828, 0.0], 'seconds': 1.128316879272461}
base 20260929 quality {'epoch': 14, 'loss': [0.0013299869500439274, 0.0013299869500439274, 0.0], 'seconds': 1.2058501243591309}
base 20260929 quality {'epoch': 15, 'loss': [0.0013421007527292452, 0.0013421007527292452, 0.0], 'seconds': 1.2827460765838623}
RESULT {'base': 'base', 'seed': 20260929, 'mode': 'quality', 'AP': 39.543837193172735, 'AP75': 16.679996137912838, 'TP_FP6': 141, 'old_precise': 51, 'new_precise': 50, 'improved': 0, 'worsened': 1, 'seconds': 3.0740764141082764}
base 20260929 hard_pair {'epoch': 1, 'loss': [0.06278663805939934, 0.0020728800128298726, 0.6071375743909315], 'seconds': 0.21466445922851562}
base 20260929 hard_pair {'epoch': 2, 'loss': [0.06061271391808987, 0.002081397624517029, 0.58531315760179], 'seconds': 0.31226301193237305}
base 20260929 hard_pair {'epoch': 3, 'loss': [0.05967891233211214, 0.0021688278806819158, 0.575100836428729], 'seconds': 0.4078860282897949}
base 20260929 hard_pair {'epoch': 4, 'loss': [0.05912715535272251, 0.0022329181665554643, 0.5689423653212461], 'seconds': 0.5050723552703857}
base 20260929 hard_pair {'epoch': 5, 'loss': [0.05876998315480622, 0.0023420319776050746, 0.5642795020883734], 'seconds': 0.6101837158203125}
base 20260929 hard_pair {'epoch': 6, 'loss': [0.05844848552210764, 0.0022598265892487357, 0.5618865801529451], 'seconds': 0.7134244441986084}
base 20260929 hard_pair {'epoch': 7, 'loss': [0.05822955105792393, 0.002414801978209818, 0.5581474859606136], 'seconds': 0.8106892108917236}
base 20260929 hard_pair {'epoch': 8, 'loss': [0.057789662006226455, 0.0024265521205961704, 0.5536310903050683], 'seconds': 0.9102997779846191}
base 20260929 hard_pair {'epoch': 9, 'loss': [0.05756587653674863, 0.002491962847257541, 0.5507391311905601], 'seconds': 1.0108063220977783}
base 20260929 hard_pair {'epoch': 10, 'loss': [0.057308826595544815, 0.002393642964307219, 0.549151829697869], 'seconds': 1.1103734970092773}
base 20260929 hard_pair {'epoch': 11, 'loss': [0.057020554319024086, 0.002458107319067825, 0.5456244579770348], 'seconds': 1.208890438079834}
base 20260929 hard_pair {'epoch': 12, 'loss': [0.05678622577000748, 0.00252039099260318, 0.542658343911171], 'seconds': 1.3062958717346191}
base 20260929 hard_pair {'epoch': 13, 'loss': [0.056595487520098686, 0.0025197492584332144, 0.5407573756846514], 'seconds': 1.4056754112243652}
base 20260929 hard_pair {'epoch': 14, 'loss': [0.056488498537377876, 0.002453042776323855, 0.5403545512394472], 'seconds': 1.5023424625396729}
base 20260929 hard_pair {'epoch': 15, 'loss': [0.05618397959254005, 0.0025748783532022076, 0.5360910066149451], 'seconds': 1.6025176048278809}
RESULT {'base': 'base', 'seed': 20260929, 'mode': 'hard_pair', 'AP': 40.05980146638245, 'AP75': 16.97583776495335, 'TP_FP6': 141, 'old_precise': 51, 'new_precise': 51, 'improved': 0, 'worsened': 0, 'seconds': 3.41180682182312}
base 20260929 listwise {'epoch': 1, 'loss': [0.21528199179606003, 0.0013988521320491352, 2.1388313553550025], 'seconds': 0.1453697681427002}
base 20260929 listwise {'epoch': 2, 'loss': [0.2157148082147945, 0.001400593281935223, 2.143142131241885], 'seconds': 0.25344371795654297}
base 20260929 listwise {'epoch': 3, 'loss': [0.2157901870933446, 0.0013914244508751753, 2.143987574360587], 'seconds': 0.35963988304138184}
base 20260929 listwise {'epoch': 4, 'loss': [0.2156153361905705, 0.0013925250095780939, 2.1422280940142544], 'seconds': 0.46427464485168457}
base 20260929 listwise {'epoch': 5, 'loss': [0.21545494551008398, 0.0013943568390624766, 2.140605861490423], 'seconds': 0.5690438747406006}
base 20260929 listwise {'epoch': 6, 'loss': [0.21564715626564893, 0.0014042321708984673, 2.142429205504331], 'seconds': 0.67616868019104}
base 20260929 listwise {'epoch': 7, 'loss': [0.2156662791967392, 0.0013812133137517694, 2.142850637435913], 'seconds': 0.7833800315856934}
base 20260929 listwise {'epoch': 8, 'loss': [0.21578107977455313, 0.00137635701156052, 2.144047184423967], 'seconds': 0.8902316093444824}
base 20260929 listwise {'epoch': 9, 'loss': [0.2160005203702233, 0.0013874356253919277, 2.1461308381774207], 'seconds': 0.9942455291748047}
base 20260929 listwise {'epoch': 10, 'loss': [0.2155431014570323, 0.0013783143896778877, 2.141647837378762], 'seconds': 1.1002492904663086}
base 20260929 listwise {'epoch': 11, 'loss': [0.21535206789320166, 0.001365745408375832, 2.139863214709542], 'seconds': 1.2095344066619873}
base 20260929 listwise {'epoch': 12, 'loss': [0.2157856896519661, 0.0013768111503767696, 2.1440887559543955], 'seconds': 1.316751480102539}
base 20260929 listwise {'epoch': 13, 'loss': [0.21605645323341544, 0.0013694866660940038, 2.146869654005224], 'seconds': 1.4232568740844727}
base 20260929 listwise {'epoch': 14, 'loss': [0.21548439968716016, 0.0013744688741016116, 2.141099301251498], 'seconds': 1.5283827781677246}
base 20260929 listwise {'epoch': 15, 'loss': [0.2154042815620249, 0.0013773909436581148, 2.1402688785032793], 'seconds': 1.6368823051452637}
RESULT {'base': 'base', 'seed': 20260929, 'mode': 'listwise', 'AP': 39.539201089620455, 'AP75': 16.153138522585294, 'TP_FP6': 141, 'old_precise': 51, 'new_precise': 50, 'improved': 0, 'worsened': 1, 'seconds': 3.59751296043396}
base 20260930 quality {'epoch': 1, 'loss': [0.004282614650120112, 0.004282614650120112, 0.0], 'seconds': 0.07970261573791504}
base 20260930 quality {'epoch': 2, 'loss': [0.004254255020482974, 0.004254255020482974, 0.0], 'seconds': 0.15807104110717773}
base 20260930 quality {'epoch': 3, 'loss': [0.004221714609725909, 0.004221714609725909, 0.0], 'seconds': 0.23941826820373535}
base 20260930 quality {'epoch': 4, 'loss': [0.004217528230087323, 0.004217528230087323, 0.0], 'seconds': 0.3174567222595215}
base 20260930 quality {'epoch': 5, 'loss': [0.004217265946367247, 0.004217265946367247, 0.0], 'seconds': 0.396329402923584}
base 20260930 quality {'epoch': 6, 'loss': [0.004194622552445667, 0.004194622552445667, 0.0], 'seconds': 0.47286534309387207}
base 20260930 quality {'epoch': 7, 'loss': [0.0041863607052205635, 0.0041863607052205635, 0.0], 'seconds': 0.5489828586578369}
base 20260930 quality {'epoch': 8, 'loss': [0.004170291369188239, 0.004170291369188239, 0.0], 'seconds': 0.6251547336578369}
base 20260930 quality {'epoch': 9, 'loss': [0.004161404795013368, 0.004161404795013368, 0.0], 'seconds': 0.7028052806854248}
base 20260930 quality {'epoch': 10, 'loss': [0.004160084190185775, 0.004160084190185775, 0.0], 'seconds': 0.7791140079498291}
base 20260930 quality {'epoch': 11, 'loss': [0.0041761586379090495, 0.0041761586379090495, 0.0], 'seconds': 0.8551604747772217}
base 20260930 quality {'epoch': 12, 'loss': [0.00411622917321934, 0.00411622917321934, 0.0], 'seconds': 0.9300317764282227}
base 20260930 quality {'epoch': 13, 'loss': [0.004135286985811862, 0.004135286985811862, 0.0], 'seconds': 1.006350040435791}
base 20260930 quality {'epoch': 14, 'loss': [0.00416285885413262, 0.00416285885413262, 0.0], 'seconds': 1.0830230712890625}
base 20260930 quality {'epoch': 15, 'loss': [0.004128145879473199, 0.004128145879473199, 0.0], 'seconds': 1.1590943336486816}
RESULT {'base': 'base', 'seed': 20260930, 'mode': 'quality', 'AP': 39.13326949631009, 'AP75': 17.720924324978885, 'TP_FP6': 139, 'old_precise': 49, 'new_precise': 49, 'improved': 0, 'worsened': 0, 'seconds': 2.583218574523926}
base 20260930 hard_pair {'epoch': 1, 'loss': [0.06745824420993979, 0.004582691133360971, 0.628755512562665], 'seconds': 0.10087203979492188}
base 20260930 hard_pair {'epoch': 2, 'loss': [0.06605216640640389, 0.004983843970959159, 0.6106832081621344], 'seconds': 0.19998955726623535}
base 20260930 hard_pair {'epoch': 3, 'loss': [0.06548351963812654, 0.005097642805511979, 0.6038587635213678], 'seconds': 0.2991523742675781}
base 20260930 hard_pair {'epoch': 4, 'loss': [0.06519182178784501, 0.0051971990720961585, 0.599946222522042], 'seconds': 0.39891815185546875}
base 20260930 hard_pair {'epoch': 5, 'loss': [0.0648921648548408, 0.005210235386832871, 0.5968192978338762], 'seconds': 0.4985005855560303}
base 20260930 hard_pair {'epoch': 6, 'loss': [0.06472134827212854, 0.005326712800359184, 0.5939463431184943], 'seconds': 0.5985779762268066}
base 20260930 hard_pair {'epoch': 7, 'loss': [0.06449242224070159, 0.005227786097252233, 0.5926463522694327], 'seconds': 0.6983919143676758}
base 20260930 hard_pair {'epoch': 8, 'loss': [0.06434508328410712, 0.005296588991768658, 0.5904849388382651], 'seconds': 0.7981133460998535}
base 20260930 hard_pair {'epoch': 9, 'loss': [0.06416392969814214, 0.005304843695326285, 0.588590844111009], 'seconds': 0.8942229747772217}
base 20260930 hard_pair {'epoch': 10, 'loss': [0.0641679528423331, 0.005405454515394839, 0.5876249725168402], 'seconds': 0.9896838665008545}
base 20260930 hard_pair {'epoch': 11, 'loss': [0.06391493552787737, 0.005318861676972698, 0.5859607322649523], 'seconds': 1.0870449542999268}
base 20260930 hard_pair {'epoch': 12, 'loss': [0.06390934437513351, 0.005371087706986476, 0.5853825617920269], 'seconds': 1.1857318878173828}
base 20260930 hard_pair {'epoch': 13, 'loss': [0.06377686001360416, 0.005396749993616884, 0.5838010907173157], 'seconds': 1.2823610305786133}
base 20260930 hard_pair {'epoch': 14, 'loss': [0.06380984982983633, 0.0054690125504169955, 0.5834083692594008], 'seconds': 1.381516695022583}
base 20260930 hard_pair {'epoch': 15, 'loss': [0.06353340856730938, 0.005369592701423575, 0.5816381573677063], 'seconds': 1.480595588684082}
RESULT {'base': 'base', 'seed': 20260930, 'mode': 'hard_pair', 'AP': 38.7454968944967, 'AP75': 17.017376433689044, 'TP_FP6': 139, 'old_precise': 49, 'new_precise': 49, 'improved': 0, 'worsened': 0, 'seconds': 2.903191328048706}
base 20260930 listwise {'epoch': 1, 'loss': [0.18112479082562707, 0.0043046972396868196, 1.7682009176774458], 'seconds': 0.1033022403717041}
base 20260930 listwise {'epoch': 2, 'loss': [0.18097435412081805, 0.004288318207148801, 1.7668603279373862], 'seconds': 0.21082353591918945}
base 20260930 listwise {'epoch': 3, 'loss': [0.18090780485760083, 0.004269987048411911, 1.7663781697099858], 'seconds': 0.31944918632507324}
base 20260930 listwise {'epoch': 4, 'loss': [0.1809975254264745, 0.004294950292784382, 1.767025730826638], 'seconds': 0.4259779453277588}
base 20260930 listwise {'epoch': 5, 'loss': [0.1808599829673767, 0.004276227809234776, 1.7658375068144365], 'seconds': 0.5355141162872314}
base 20260930 listwise {'epoch': 6, 'loss': [0.1808315644210035, 0.004250935003669424, 1.7658062414689497], 'seconds': 0.6426587104797363}
base 20260930 listwise {'epoch': 7, 'loss': [0.1806186871095137, 0.004287867711602964, 1.7633081512017683], 'seconds': 0.7509589195251465}
base 20260930 listwise {'epoch': 8, 'loss': [0.18046566640788858, 0.00427483305843039, 1.761908314444802], 'seconds': 0.8649106025695801}
base 20260930 listwise {'epoch': 9, 'loss': [0.18077407370914111, 0.004250352165069093, 1.7652371796694668], 'seconds': 0.9678061008453369}
base 20260930 listwise {'epoch': 10, 'loss': [0.1806451746008613, 0.004248954810794781, 1.763962138782848], 'seconds': 1.0695819854736328}
base 20260930 listwise {'epoch': 11, 'loss': [0.1805333664471453, 0.004274536167610098, 1.7625882896510037], 'seconds': 1.1758322715759277}
base 20260930 listwise {'epoch': 12, 'loss': [0.18051785907962106, 0.004213859464719214, 1.7630399682305076], 'seconds': 1.2832555770874023}
base 20260930 listwise {'epoch': 13, 'loss': [0.18089984763752331, 0.004248594314875928, 1.7665125077421016], 'seconds': 1.3888022899627686}
base 20260930 listwise {'epoch': 14, 'loss': [0.18041207234967838, 0.00422927049327303, 1.761827978220853], 'seconds': 1.495021104812622}
base 20260930 listwise {'epoch': 15, 'loss': [0.180690199136734, 0.004241637716239149, 1.7644855650988491], 'seconds': 1.6013572216033936}
RESULT {'base': 'base', 'seed': 20260930, 'mode': 'listwise', 'AP': 39.059505804764925, 'AP75': 18.069735830142275, 'TP_FP6': 139, 'old_precise': 49, 'new_precise': 49, 'improved': 0, 'worsened': 0, 'seconds': 3.147125482559204}
base 20261001 quality {'epoch': 1, 'loss': [0.0025908980539745903, 0.0025908980539745903, 0.0], 'seconds': 0.0783843994140625}
base 20261001 quality {'epoch': 2, 'loss': [0.0025398215776394036, 0.0025398215776394036, 0.0], 'seconds': 0.15473222732543945}
base 20261001 quality {'epoch': 3, 'loss': [0.0025274220123802397, 0.0025274220123802397, 0.0], 'seconds': 0.2305140495300293}
base 20261001 quality {'epoch': 4, 'loss': [0.0025578934265385296, 0.0025578934265385296, 0.0], 'seconds': 0.3076653480529785}
base 20261001 quality {'epoch': 5, 'loss': [0.0026237913036972964, 0.0026237913036972964, 0.0], 'seconds': 0.382709264755249}
base 20261001 quality {'epoch': 6, 'loss': [0.0025361969495530834, 0.0025361969495530834, 0.0], 'seconds': 0.456773042678833}
base 20261001 quality {'epoch': 7, 'loss': [0.0025203437121077018, 0.0025203437121077018, 0.0], 'seconds': 0.5332851409912109}
base 20261001 quality {'epoch': 8, 'loss': [0.0025138290683654222, 0.0025138290683654222, 0.0], 'seconds': 0.6098706722259521}
base 20261001 quality {'epoch': 9, 'loss': [0.0024916547011922707, 0.0024916547011922707, 0.0], 'seconds': 0.6869378089904785}
base 20261001 quality {'epoch': 10, 'loss': [0.0025165877357887275, 0.0025165877357887275, 0.0], 'seconds': 0.763927698135376}
base 20261001 quality {'epoch': 11, 'loss': [0.002498403900641609, 0.002498403900641609, 0.0], 'seconds': 0.8410141468048096}
base 20261001 quality {'epoch': 12, 'loss': [0.0025129406501285052, 0.0025129406501285052, 0.0], 'seconds': 0.9178962707519531}
base 20261001 quality {'epoch': 13, 'loss': [0.002511687497396699, 0.002511687497396699, 0.0], 'seconds': 0.9955852031707764}
base 20261001 quality {'epoch': 14, 'loss': [0.002471398170614107, 0.002471398170614107, 0.0], 'seconds': 1.0733535289764404}
base 20261001 quality {'epoch': 15, 'loss': [0.002465760012538257, 0.002465760012538257, 0.0], 'seconds': 1.1503806114196777}
RESULT {'base': 'base', 'seed': 20261001, 'mode': 'quality', 'AP': 37.80502591103173, 'AP75': 16.954931875080234, 'TP_FP6': 141, 'old_precise': 56, 'new_precise': 56, 'improved': 0, 'worsened': 0, 'seconds': 2.8700013160705566}
base 20261001 hard_pair {'epoch': 1, 'loss': [0.06313931755721569, 0.0031819779753938997, 0.5995733873410658], 'seconds': 0.10023975372314453}
base 20261001 hard_pair {'epoch': 2, 'loss': [0.06116515533490614, 0.0032389900456605988, 0.5792616443200544], 'seconds': 0.1996300220489502}
base 20261001 hard_pair {'epoch': 3, 'loss': [0.06007374619895762, 0.003453718233768913, 0.5662002780220725], 'seconds': 0.2997622489929199}
base 20261001 hard_pair {'epoch': 4, 'loss': [0.05942063304510983, 0.003676094114780426, 0.5574453852393411], 'seconds': 0.3999192714691162}
base 20261001 hard_pair {'epoch': 5, 'loss': [0.059176536784930664, 0.0037602251395583153, 0.5541631145910784], 'seconds': 0.4972264766693115}
base 20261001 hard_pair {'epoch': 6, 'loss': [0.05858510021458973, 0.003722648665478284, 0.5486245060508902], 'seconds': 0.5891263484954834}
base 20261001 hard_pair {'epoch': 7, 'loss': [0.05826612003147602, 0.0037291859149594197, 0.5453693338415839], 'seconds': 0.6832823753356934}
base 20261001 hard_pair {'epoch': 8, 'loss': [0.05802840146828781, 0.0038448932728814807, 0.5418350723656741], 'seconds': 0.782761812210083}
base 20261001 hard_pair {'epoch': 9, 'loss': [0.057890598916194656, 0.003821963327936828, 0.5406863445585425], 'seconds': 0.8833494186401367}
base 20261001 hard_pair {'epoch': 10, 'loss': [0.057830158790404144, 0.0038371397690339522, 0.5399301905523647], 'seconds': 0.9833939075469971}
base 20261001 hard_pair {'epoch': 11, 'loss': [0.057567463171753014, 0.004022082917138257, 0.5354537936774167], 'seconds': 1.0833661556243896}
base 20261001 hard_pair {'epoch': 12, 'loss': [0.05750490081581203, 0.00379064383874224, 0.5371425639499318], 'seconds': 1.1832363605499268}
base 20261001 hard_pair {'epoch': 13, 'loss': [0.05752035839991136, 0.00396831062707034, 0.5355204682458531], 'seconds': 1.2833590507507324}
base 20261001 hard_pair {'epoch': 14, 'loss': [0.0572046832266179, 0.0039038603850217028, 0.5330082191662355], 'seconds': 1.3834104537963867}
base 20261001 hard_pair {'epoch': 15, 'loss': [0.05695845796303316, 0.0039771595250137825, 0.5298129767179489], 'seconds': 1.4814565181732178}
RESULT {'base': 'base', 'seed': 20261001, 'mode': 'hard_pair', 'AP': 37.814162800637675, 'AP75': 17.613088977815654, 'TP_FP6': 141, 'old_precise': 56, 'new_precise': 56, 'improved': 0, 'worsened': 0, 'seconds': 3.1925745010375977}
base 20261001 listwise {'epoch': 1, 'loss': [0.1932910287922079, 0.002612634159793908, 1.906783932989294], 'seconds': 0.10506248474121094}
base 20261001 listwise {'epoch': 2, 'loss': [0.19333856823769482, 0.00261159005723047, 1.9072697433558377], 'seconds': 0.21028470993041992}
base 20261001 listwise {'epoch': 3, 'loss': [0.1931770924817432, 0.00260749433866956, 1.9056959639896045], 'seconds': 0.3139810562133789}
base 20261001 listwise {'epoch': 4, 'loss': [0.19325825842944058, 0.0026038755842653864, 1.906543796712702], 'seconds': 0.41539788246154785}
base 20261001 listwise {'epoch': 5, 'loss': [0.19295028800314123, 0.0027039362837306476, 1.90246351740577], 'seconds': 0.520728349685669}
base 20261001 listwise {'epoch': 6, 'loss': [0.19285911253907465, 0.002611154192973944, 1.9024795402180066], 'seconds': 0.626594066619873}
base 20261001 listwise {'epoch': 7, 'loss': [0.19268136674707587, 0.002601943201046776, 1.9007942134683782], 'seconds': 0.73250412940979}
base 20261001 listwise {'epoch': 8, 'loss': [0.1938155388290232, 0.002580916149203073, 1.9123462005095049], 'seconds': 0.8374781608581543}
base 20261001 listwise {'epoch': 9, 'loss': [0.19305768405849283, 0.0026145978904837234, 1.9044308174740185], 'seconds': 0.943373441696167}
base 20261001 listwise {'epoch': 10, 'loss': [0.1928478628396988, 0.0026111944144676354, 1.902366665276614], 'seconds': 1.0477638244628906}
base 20261001 listwise {'epoch': 11, 'loss': [0.19273703748529608, 0.002579456809061495, 1.9015758037567139], 'seconds': 1.1540322303771973}
base 20261001 listwise {'epoch': 12, 'loss': [0.19253481450405988, 0.0026390642478046093, 1.8989574638280002], 'seconds': 1.2598598003387451}
base 20261001 listwise {'epoch': 13, 'loss': [0.1923032436858524, 0.0026048714697191663, 1.8969837102023037], 'seconds': 1.3617475032806396}
base 20261001 listwise {'epoch': 14, 'loss': [0.19279869781299072, 0.0025923293380236082, 1.902063635262576], 'seconds': 1.4707756042480469}
base 20261001 listwise {'epoch': 15, 'loss': [0.19216480444778095, 0.0025826971342956476, 1.895821045745503], 'seconds': 1.576646327972412}
RESULT {'base': 'base', 'seed': 20261001, 'mode': 'listwise', 'AP': 37.48359059686535, 'AP75': 16.48744435795265, 'TP_FP6': 141, 'old_precise': 56, 'new_precise': 56, 'improved': 0, 'worsened': 1, 'seconds': 3.3971972465515137}
mal 20260929 quality {'epoch': 1, 'loss': [0.0008078074381707913, 0.0008078074381707913, 0.0], 'seconds': 0.0765843391418457}
mal 20260929 quality {'epoch': 2, 'loss': [0.0007868096409683031, 0.0007868096409683031, 0.0], 'seconds': 0.1527845859527588}
mal 20260929 quality {'epoch': 3, 'loss': [0.0007819685402368618, 0.0007819685402368618, 0.0], 'seconds': 0.22873449325561523}
mal 20260929 quality {'epoch': 4, 'loss': [0.0007745829286498272, 0.0007745829286498272, 0.0], 'seconds': 0.30738306045532227}
mal 20260929 quality {'epoch': 5, 'loss': [0.0007674734555290673, 0.0007674734555290673, 0.0], 'seconds': 0.38478565216064453}
mal 20260929 quality {'epoch': 6, 'loss': [0.0007745436265725981, 0.0007745436265725981, 0.0], 'seconds': 0.46302199363708496}
mal 20260929 quality {'epoch': 7, 'loss': [0.0007672631446356801, 0.0007672631446356801, 0.0], 'seconds': 0.542097806930542}
mal 20260929 quality {'epoch': 8, 'loss': [0.0007928619042187082, 0.0007928619042187082, 0.0], 'seconds': 0.6192221641540527}
mal 20260929 quality {'epoch': 9, 'loss': [0.0007642528997332028, 0.0007642528997332028, 0.0], 'seconds': 0.6979475021362305}
mal 20260929 quality {'epoch': 10, 'loss': [0.0007678518939593977, 0.0007678518939593977, 0.0], 'seconds': 0.7769663333892822}
mal 20260929 quality {'epoch': 11, 'loss': [0.000757883613749238, 0.000757883613749238, 0.0], 'seconds': 0.8564319610595703}
mal 20260929 quality {'epoch': 12, 'loss': [0.0007546913521681828, 0.0007546913521681828, 0.0], 'seconds': 0.9346103668212891}
mal 20260929 quality {'epoch': 13, 'loss': [0.0007563789906932718, 0.0007563789906932718, 0.0], 'seconds': 1.012683391571045}
mal 20260929 quality {'epoch': 14, 'loss': [0.0007617019331188534, 0.0007617019331188534, 0.0], 'seconds': 1.0899181365966797}
mal 20260929 quality {'epoch': 15, 'loss': [0.0007554843098412014, 0.0007554843098412014, 0.0], 'seconds': 1.1667733192443848}
RESULT {'base': 'mal', 'seed': 20260929, 'mode': 'quality', 'AP': 38.771875646640844, 'AP75': 19.22741872638869, 'TP_FP6': 141, 'old_precise': 57, 'new_precise': 57, 'improved': 0, 'worsened': 0, 'seconds': 3.0529074668884277}
mal 20260929 hard_pair {'epoch': 1, 'loss': [0.060867278413339096, 0.0017757102746558799, 0.5909156718037345], 'seconds': 0.0955967903137207}
mal 20260929 hard_pair {'epoch': 2, 'loss': [0.05808441290123896, 0.0020235454113307324, 0.5606086687608198], 'seconds': 0.1919846534729004}
mal 20260929 hard_pair {'epoch': 3, 'loss': [0.0566629498181018, 0.0018655691740357063, 0.547973791306669], 'seconds': 0.2910447120666504}
mal 20260929 hard_pair {'epoch': 4, 'loss': [0.055785069411451164, 0.0017473206495527518, 0.5403774787079204], 'seconds': 0.3886106014251709}
mal 20260929 hard_pair {'epoch': 5, 'loss': [0.05523499592461369, 0.001874662560029802, 0.5336033295501362], 'seconds': 0.4862203598022461}
mal 20260929 hard_pair {'epoch': 6, 'loss': [0.05491195094179024, 0.0020488534673032436, 0.5286309570074081], 'seconds': 0.5842812061309814}
mal 20260929 hard_pair {'epoch': 7, 'loss': [0.05443482642824, 0.001983596038454297, 0.5245122977278449], 'seconds': 0.685133695602417}
mal 20260929 hard_pair {'epoch': 8, 'loss': [0.054136269641193474, 0.0021698824341662907, 0.5196638676253232], 'seconds': 0.7892732620239258}
mal 20260929 hard_pair {'epoch': 9, 'loss': [0.053468909453261985, 0.002039211304773661, 0.5142969746481288], 'seconds': 0.8919084072113037}
mal 20260929 hard_pair {'epoch': 10, 'loss': [0.05308231237259778, 0.002242515466853299, 0.5083979625593532], 'seconds': 0.9919307231903076}
mal 20260929 hard_pair {'epoch': 11, 'loss': [0.052797730673443184, 0.0022235610046085308, 0.5057416964660991], 'seconds': 1.0899453163146973}
mal 20260929 hard_pair {'epoch': 12, 'loss': [0.052472434429959816, 0.0022298824835822665, 0.5024255067110062], 'seconds': 1.1894042491912842}
mal 20260929 hard_pair {'epoch': 13, 'loss': [0.05199552344327623, 0.002324183397418396, 0.49671339175917884], 'seconds': 1.2920928001403809}
mal 20260929 hard_pair {'epoch': 14, 'loss': [0.05203453502194448, 0.002422526478767395, 0.49612007493322546], 'seconds': 1.3922810554504395}
mal 20260929 hard_pair {'epoch': 15, 'loss': [0.05152477476407181, 0.0023124893143011086, 0.49212284928018396], 'seconds': 1.4925570487976074}
RESULT {'base': 'mal', 'seed': 20260929, 'mode': 'hard_pair', 'AP': 38.893878008757255, 'AP75': 19.89553338336197, 'TP_FP6': 141, 'old_precise': 57, 'new_precise': 57, 'improved': 0, 'worsened': 0, 'seconds': 3.5480642318725586}
mal 20260929 listwise {'epoch': 1, 'loss': [0.2102093683047728, 0.0008184360287321562, 2.0939092961224643], 'seconds': 0.10578107833862305}
mal 20260929 listwise {'epoch': 2, 'loss': [0.20997802439061078, 0.0008169767692875625, 2.091610437089747], 'seconds': 0.21439647674560547}
mal 20260929 listwise {'epoch': 3, 'loss': [0.20960550213401968, 0.0008149031398881397, 2.087905992161144], 'seconds': 0.32016563415527344}
mal 20260929 listwise {'epoch': 4, 'loss': [0.2096900628371672, 0.0008083297606472942, 2.0888172821565107], 'seconds': 0.427509069442749}
mal 20260929 listwise {'epoch': 5, 'loss': [0.20944917472926053, 0.0008181074411946942, 2.0863106575879184], 'seconds': 0.5324075222015381}
mal 20260929 listwise {'epoch': 6, 'loss': [0.210109336132353, 0.00081589258545798, 2.0929344188083303], 'seconds': 0.6387143135070801}
mal 20260929 listwise {'epoch': 7, 'loss': [0.20957766541025855, 0.0008080142605732279, 2.0876964764161543], 'seconds': 0.7470533847808838}
mal 20260929 listwise {'epoch': 8, 'loss': [0.20978907360271973, 0.0008084740984486416, 2.0898059660738166], 'seconds': 0.8516061305999756}
mal 20260929 listwise {'epoch': 9, 'loss': [0.2096133679151535, 0.0008021783221259036, 2.0881118882786143], 'seconds': 0.9579951763153076}
mal 20260929 listwise {'epoch': 10, 'loss': [0.20949727296829224, 0.0008223329840058631, 2.0867493748664856], 'seconds': 1.0631828308105469}
mal 20260929 listwise {'epoch': 11, 'loss': [0.2095741954716769, 0.000805408252000978, 2.0876878283240576], 'seconds': 1.1680827140808105}
mal 20260929 listwise {'epoch': 12, 'loss': [0.20956069976091385, 0.0008173492771509865, 2.0874334898861973], 'seconds': 1.274993658065796}
mal 20260929 listwise {'epoch': 13, 'loss': [0.20997275750745426, 0.0008200641829964959, 2.091526898470792], 'seconds': 1.382511854171753}
mal 20260929 listwise {'epoch': 14, 'loss': [0.20971719920635223, 0.0008418833683456548, 2.08875313130292], 'seconds': 1.4889495372772217}
mal 20260929 listwise {'epoch': 15, 'loss': [0.20942693677815524, 0.0008113032751928338, 2.086156292395158], 'seconds': 1.5937011241912842}
RESULT {'base': 'mal', 'seed': 20260929, 'mode': 'listwise', 'AP': 38.686981194553255, 'AP75': 19.257865634127498, 'TP_FP6': 141, 'old_precise': 57, 'new_precise': 57, 'improved': 0, 'worsened': 0, 'seconds': 3.522209644317627}
mal 20260930 quality {'epoch': 1, 'loss': [0.0011640090299558572, 0.0011640090299558572, 0.0], 'seconds': 0.08157873153686523}
mal 20260930 quality {'epoch': 2, 'loss': [0.001139217387059365, 0.001139217387059365, 0.0], 'seconds': 0.16117286682128906}
mal 20260930 quality {'epoch': 3, 'loss': [0.0011301917071581226, 0.0011301917071581226, 0.0], 'seconds': 0.24192523956298828}
mal 20260930 quality {'epoch': 4, 'loss': [0.0011292770478493449, 0.0011292770478493449, 0.0], 'seconds': 0.32134437561035156}
mal 20260930 quality {'epoch': 5, 'loss': [0.001132485160434788, 0.001132485160434788, 0.0], 'seconds': 0.4022536277770996}
mal 20260930 quality {'epoch': 6, 'loss': [0.0011139524047559296, 0.0011139524047559296, 0.0], 'seconds': 0.48123812675476074}
mal 20260930 quality {'epoch': 7, 'loss': [0.0011268788657616824, 0.0011268788657616824, 0.0], 'seconds': 0.5600528717041016}
mal 20260930 quality {'epoch': 8, 'loss': [0.0011160135062792424, 0.0011160135062792424, 0.0], 'seconds': 0.648078441619873}
mal 20260930 quality {'epoch': 9, 'loss': [0.0011121563385875727, 0.0011121563385875727, 0.0], 'seconds': 0.7287566661834717}
mal 20260930 quality {'epoch': 10, 'loss': [0.0011060757043940778, 0.0011060757043940778, 0.0], 'seconds': 0.8059418201446533}
mal 20260930 quality {'epoch': 11, 'loss': [0.0011052191019354557, 0.0011052191019354557, 0.0], 'seconds': 0.8837964534759521}
mal 20260930 quality {'epoch': 12, 'loss': [0.001100173381432383, 0.001100173381432383, 0.0], 'seconds': 0.9605979919433594}
mal 20260930 quality {'epoch': 13, 'loss': [0.0010915032656736332, 0.0010915032656736332, 0.0], 'seconds': 1.0373072624206543}
mal 20260930 quality {'epoch': 14, 'loss': [0.00109002101552588, 0.00109002101552588, 0.0], 'seconds': 1.114624261856079}
mal 20260930 quality {'epoch': 15, 'loss': [0.001092691307845102, 0.001092691307845102, 0.0], 'seconds': 1.1912133693695068}
RESULT {'base': 'mal', 'seed': 20260930, 'mode': 'quality', 'AP': 39.15118275170661, 'AP75': 18.87579074851211, 'TP_FP6': 142, 'old_precise': 52, 'new_precise': 52, 'improved': 0, 'worsened': 0, 'seconds': 2.767850399017334}
mal 20260930 hard_pair {'epoch': 1, 'loss': [0.06322563879869202, 0.001922423136420548, 0.6130321432243694], 'seconds': 0.0985722541809082}
mal 20260930 hard_pair {'epoch': 2, 'loss': [0.061826000328768387, 0.0021408680583011696, 0.5968513082374226], 'seconds': 0.19423651695251465}
mal 20260930 hard_pair {'epoch': 3, 'loss': [0.061005223034457726, 0.002062414428854192, 0.5894280780445446], 'seconds': 0.2890803813934326}
mal 20260930 hard_pair {'epoch': 4, 'loss': [0.06062425402077762, 0.002137299383651804, 0.5848695391958411], 'seconds': 0.3846158981323242}
mal 20260930 hard_pair {'epoch': 5, 'loss': [0.060416794128038666, 0.002224076724484224, 0.5819271640344099], 'seconds': 0.48073744773864746}
mal 20260930 hard_pair {'epoch': 6, 'loss': [0.06007348813793876, 0.002324509804814377, 0.5774897797541185], 'seconds': 0.5771515369415283}
mal 20260930 hard_pair {'epoch': 7, 'loss': [0.05987332524223761, 0.0022541801709766414, 0.5761914361606945], 'seconds': 0.6723575592041016}
mal 20260930 hard_pair {'epoch': 8, 'loss': [0.05974452451548793, 0.002519751771945845, 0.5722477219321511], 'seconds': 0.7675695419311523}
mal 20260930 hard_pair {'epoch': 9, 'loss': [0.05972172540019859, 0.002305394112640484, 0.5741633095524528], 'seconds': 0.8595631122589111}
mal 20260930 hard_pair {'epoch': 10, 'loss': [0.059516431763768196, 0.0024081168971447782, 0.5710831392895092], 'seconds': 0.951479434967041}
mal 20260930 hard_pair {'epoch': 11, 'loss': [0.05961191603405909, 0.0024932043425823476, 0.5711871141737158], 'seconds': 1.0486927032470703}
mal 20260930 hard_pair {'epoch': 12, 'loss': [0.0594322168352929, 0.002394818113481795, 0.5703739821910858], 'seconds': 1.1438136100769043}
mal 20260930 hard_pair {'epoch': 13, 'loss': [0.05927899784662507, 0.0025239033751528373, 0.5675509355284951], 'seconds': 1.2428910732269287}
mal 20260930 hard_pair {'epoch': 14, 'loss': [0.05926117842847651, 0.0025142735420641575, 0.5674690441651777], 'seconds': 1.3380963802337646}
mal 20260930 hard_pair {'epoch': 15, 'loss': [0.05907327749512412, 0.002510256059891121, 0.5656302137808367], 'seconds': 1.4330883026123047}
RESULT {'base': 'mal', 'seed': 20260930, 'mode': 'hard_pair', 'AP': 39.18533224356409, 'AP75': 19.08185299845862, 'TP_FP6': 142, 'old_precise': 52, 'new_precise': 52, 'improved': 0, 'worsened': 0, 'seconds': 3.136904001235962}
mal 20260930 listwise {'epoch': 1, 'loss': [0.1928135190497745, 0.0011775226184082303, 1.9163599393584512], 'seconds': 0.1052398681640625}
mal 20260930 listwise {'epoch': 2, 'loss': [0.19206874749877237, 0.0011823379450519992, 1.908864059231498], 'seconds': 0.20973610877990723}
mal 20260930 listwise {'epoch': 3, 'loss': [0.1920980614694682, 0.0011874894976658238, 1.9091056964614175], 'seconds': 0.314633846282959}
mal 20260930 listwise {'epoch': 4, 'loss': [0.19217683713544498, 0.0011768649274017662, 1.9099997011097996], 'seconds': 0.41991353034973145}
mal 20260930 listwise {'epoch': 5, 'loss': [0.19224884225563568, 0.0011944320920685475, 1.910544054074721], 'seconds': 0.5239052772521973}
mal 20260930 listwise {'epoch': 6, 'loss': [0.19193781167268753, 0.0011968536815733057, 1.9074095595966687], 'seconds': 0.6281826496124268}
mal 20260930 listwise {'epoch': 7, 'loss': [0.19288518957116388, 0.001185843945925378, 1.916993417523124], 'seconds': 0.7309939861297607}
mal 20260930 listwise {'epoch': 8, 'loss': [0.1923848112875765, 0.0012205423871901903, 1.9116426597942004], 'seconds': 0.8363878726959229}
mal 20260930 listwise {'epoch': 9, 'loss': [0.19219589707526294, 0.0011925794533453882, 1.9100331555713306], 'seconds': 0.9408409595489502}
mal 20260930 listwise {'epoch': 10, 'loss': [0.1920971836556088, 0.001180812785274942, 1.9091636646877637], 'seconds': 1.0452029705047607}
mal 20260930 listwise {'epoch': 11, 'loss': [0.1919413229281252, 0.0012108470281501386, 1.9073047041893005], 'seconds': 1.1508111953735352}
mal 20260930 listwise {'epoch': 12, 'loss': [0.19227320362221112, 0.00119149642044001, 1.91081702709198], 'seconds': 1.255281686782837}
mal 20260930 listwise {'epoch': 13, 'loss': [0.19191916964270853, 0.0011871079649691555, 1.907320580699227], 'seconds': 1.3594837188720703}
mal 20260930 listwise {'epoch': 14, 'loss': [0.19202650135213678, 0.0012008507884192195, 1.9082564603198657], 'seconds': 1.4645767211914062}
mal 20260930 listwise {'epoch': 15, 'loss': [0.1919426592913541, 0.0012074146784884347, 1.9073524312539534], 'seconds': 1.5694026947021484}
RESULT {'base': 'mal', 'seed': 20260930, 'mode': 'listwise', 'AP': 39.40434703571066, 'AP75': 19.64354599131843, 'TP_FP6': 142, 'old_precise': 52, 'new_precise': 52, 'improved': 0, 'worsened': 0, 'seconds': 3.141810417175293}
mal 20261001 quality {'epoch': 1, 'loss': [0.0011087664090816609, 0.0011087664090816609, 0.0], 'seconds': 0.07825088500976562}
mal 20261001 quality {'epoch': 2, 'loss': [0.001084191190205853, 0.001084191190205853, 0.0], 'seconds': 0.15562891960144043}
mal 20261001 quality {'epoch': 3, 'loss': [0.0010812990658450872, 0.0010812990658450872, 0.0], 'seconds': 0.23328089714050293}
mal 20261001 quality {'epoch': 4, 'loss': [0.001063287308418446, 0.001063287308418446, 0.0], 'seconds': 0.3105123043060303}
mal 20261001 quality {'epoch': 5, 'loss': [0.0010633835997644135, 0.0010633835997644135, 0.0], 'seconds': 0.388216495513916}
mal 20261001 quality {'epoch': 6, 'loss': [0.0010596734064165503, 0.0010596734064165503, 0.0], 'seconds': 0.4638833999633789}
mal 20261001 quality {'epoch': 7, 'loss': [0.001056336662837897, 0.001056336662837897, 0.0], 'seconds': 0.5420007705688477}
mal 20261001 quality {'epoch': 8, 'loss': [0.0010476716270204633, 0.0010476716270204633, 0.0], 'seconds': 0.6176431179046631}
mal 20261001 quality {'epoch': 9, 'loss': [0.0010494193199767985, 0.0010494193199767985, 0.0], 'seconds': 0.695796012878418}
mal 20261001 quality {'epoch': 10, 'loss': [0.0010694257745688612, 0.0010694257745688612, 0.0], 'seconds': 0.7723829746246338}
mal 20261001 quality {'epoch': 11, 'loss': [0.001053023395467211, 0.001053023395467211, 0.0], 'seconds': 0.8492414951324463}
mal 20261001 quality {'epoch': 12, 'loss': [0.001029237170851874, 0.001029237170851874, 0.0], 'seconds': 0.924353837966919}
mal 20261001 quality {'epoch': 13, 'loss': [0.0010315974385858599, 0.0010315974385858599, 0.0], 'seconds': 0.9998219013214111}
mal 20261001 quality {'epoch': 14, 'loss': [0.001042121574176814, 0.001042121574176814, 0.0], 'seconds': 1.0768327713012695}
mal 20261001 quality {'epoch': 15, 'loss': [0.001029741016364741, 0.001029741016364741, 0.0], 'seconds': 1.15498685836792}
RESULT {'base': 'mal', 'seed': 20261001, 'mode': 'quality', 'AP': 40.12921475649166, 'AP75': 18.327345337328694, 'TP_FP6': 142, 'old_precise': 51, 'new_precise': 51, 'improved': 0, 'worsened': 0, 'seconds': 3.0483405590057373}
mal 20261001 hard_pair {'epoch': 1, 'loss': [0.06250460496680303, 0.0019115166056012226, 0.6059308783574537], 'seconds': 0.09759283065795898}
mal 20261001 hard_pair {'epoch': 2, 'loss': [0.06069843741980466, 0.0018961634751493957, 0.5880227332765405], 'seconds': 0.19790434837341309}
mal 20261001 hard_pair {'epoch': 3, 'loss': [0.05957062982700088, 0.0018158701925792477, 0.5775475908409465], 'seconds': 0.29982852935791016}
mal 20261001 hard_pair {'epoch': 4, 'loss': [0.05881671421229839, 0.0019088789757171815, 0.5690783397717909], 'seconds': 0.40116214752197266}
mal 20261001 hard_pair {'epoch': 5, 'loss': [0.05845742232420228, 0.0019037972458384254, 0.5655362470583483], 'seconds': 0.5048065185546875}
mal 20261001 hard_pair {'epoch': 6, 'loss': [0.05807342414151539, 0.0020570343317971988, 0.5601638907735998], 'seconds': 0.6082870960235596}
mal 20261001 hard_pair {'epoch': 7, 'loss': [0.05788655358959328, 0.0019968024518510156, 0.5588975061069835], 'seconds': 0.7089457511901855}
mal 20261001 hard_pair {'epoch': 8, 'loss': [0.057944281196052376, 0.0021388410558839414, 0.5580544011159376], 'seconds': 0.808922290802002}
mal 20261001 hard_pair {'epoch': 9, 'loss': [0.05767126567661762, 0.0020842527579092844, 0.5558701238848947], 'seconds': 0.9090116024017334}
mal 20261001 hard_pair {'epoch': 10, 'loss': [0.05725838684222915, 0.0020519141107797623, 0.5520647195252505], 'seconds': 1.0093059539794922}
mal 20261001 hard_pair {'epoch': 11, 'loss': [0.05720518360083753, 0.002211224705785174, 0.5499395809390328], 'seconds': 1.1108663082122803}
mal 20261001 hard_pair {'epoch': 12, 'loss': [0.057114557617089966, 0.002060802944470197, 0.5505375374447216], 'seconds': 1.211090087890625}
mal 20261001 hard_pair {'epoch': 13, 'loss': [0.05712505954910408, 0.002180724912746386, 0.5494433343410492], 'seconds': 1.3124127388000488}
mal 20261001 hard_pair {'epoch': 14, 'loss': [0.057061432098800484, 0.002158956813879988, 0.5490247485312548], 'seconds': 1.4154267311096191}
mal 20261001 hard_pair {'epoch': 15, 'loss': [0.05652341263538057, 0.0022515364848500626, 0.5427187491546978], 'seconds': 1.5208711624145508}
RESULT {'base': 'mal', 'seed': 20261001, 'mode': 'hard_pair', 'AP': 39.84341023574338, 'AP75': 17.720959643831996, 'TP_FP6': 142, 'old_precise': 51, 'new_precise': 51, 'improved': 0, 'worsened': 0, 'seconds': 3.6611616611480713}
mal 20261001 listwise {'epoch': 1, 'loss': [0.16943874142386697, 0.0011226592310280962, 1.6831607926975598], 'seconds': 0.11309361457824707}
mal 20261001 listwise {'epoch': 2, 'loss': [0.16935702210122888, 0.0011138660536909645, 1.682431546124545], 'seconds': 0.22154808044433594}
mal 20261001 listwise {'epoch': 3, 'loss': [0.16922728649594568, 0.001116774283053184, 1.6811050989411094], 'seconds': 0.33245062828063965}
mal 20261001 listwise {'epoch': 4, 'loss': [0.16896599260243503, 0.0011297592242375356, 1.6783623153513128], 'seconds': 0.4459688663482666}
mal 20261001 listwise {'epoch': 5, 'loss': [0.168824548071081, 0.0011137361130253835, 1.6771080981601367], 'seconds': 0.5612406730651855}
mal 20261001 listwise {'epoch': 6, 'loss': [0.16895604946396567, 0.001137890514325012, 1.6781815561381253], 'seconds': 0.6709020137786865}
mal 20261001 listwise {'epoch': 7, 'loss': [0.16910048777406866, 0.0011148561025038362, 1.6798562949354], 'seconds': 0.7841360569000244}
mal 20261001 listwise {'epoch': 8, 'loss': [0.16889594901691785, 0.001148169418394735, 1.6774777444926174], 'seconds': 0.8982570171356201}
mal 20261001 listwise {'epoch': 9, 'loss': [0.16833092678676953, 0.0011300638990095731, 1.6720085740089417], 'seconds': 1.0109367370605469}
mal 20261001 listwise {'epoch': 10, 'loss': [0.16884328695860776, 0.0011210494452494788, 1.6772223548455671], 'seconds': 1.1215426921844482}
mal 20261001 listwise {'epoch': 11, 'loss': [0.1686864048242569, 0.0011664742461024698, 1.6751992865042253], 'seconds': 1.2318212985992432}
mal 20261001 listwise {'epoch': 12, 'loss': [0.16877134482968936, 0.0011060495559253138, 1.6766529083251953], 'seconds': 1.3433279991149902}
mal 20261001 listwise {'epoch': 13, 'loss': [0.16871659525416113, 0.001161441548240625, 1.6755515174432234], 'seconds': 1.4545719623565674}
mal 20261001 listwise {'epoch': 14, 'loss': [0.16882071644067764, 0.0011400198405185206, 1.6768069429831072], 'seconds': 1.567725658416748}
mal 20261001 listwise {'epoch': 15, 'loss': [0.1687646128914573, 0.0011567284263120118, 1.676078807223927], 'seconds': 1.6815261840820312}
RESULT {'base': 'mal', 'seed': 20261001, 'mode': 'listwise', 'AP': 40.060445216937175, 'AP75': 18.096513380566208, 'TP_FP6': 142, 'old_precise': 51, 'new_precise': 51, 'improved': 0, 'worsened': 0, 'seconds': 3.6419692039489746}
COMPLETE
