[
  {
    "run": "dfine_base_UQ_seed20260929",
    "base": "base",
    "seed": 20260929,
    "base_candidates": 19377,
    "uq_candidates": 19377,
    "crossed_up_001": 0,
    "crossed_down_001": 0,
    "leader_changed": 1,
    "leader_improved": 1,
    "leader_worsened": 0,
    "base_precise_wrong_leader_all_valid": 47,
    "base_mean_gap_all_valid": 0.07201378047466278,
    "base_coverage75_floor": 97,
    "base_coverage75_nms": 58,
    "base_nms_lost75": 39,
    "uq_precise_wrong_leader_all_valid": 46,
    "uq_mean_gap_all_valid": 0.07155151789387067,
    "uq_coverage75_floor": 97,
    "uq_coverage75_nms": 59,
    "uq_nms_lost75": 38
  },
  {
    "run": "dfine_mal_UQ_seed20260929",
    "base": "mal",
    "seed": 20260929,
    "base_candidates": 19376,
    "uq_candidates": 19797,
    "crossed_up_001": 421,
    "crossed_down_001": 0,
    "leader_changed": 0,
    "leader_improved": 0,
    "leader_worsened": 0,
    "base_precise_wrong_leader_all_valid": 41,
    "base_mean_gap_all_valid": 0.07858025406797726,
    "base_coverage75_floor": 98,
    "base_coverage75_nms": 63,
    "base_nms_lost75": 35,
    "uq_precise_wrong_leader_all_valid": 41,
    "uq_mean_gap_all_valid": 0.07858025406797726,
    "uq_coverage75_floor": 98,
    "uq_coverage75_nms": 63,
    "uq_nms_lost75": 35
  },
  {
    "run": "dfine_base_UQ_seed20260930",
    "base": "base",
    "seed": 20260930,
    "base_candidates": 19372,
    "uq_candidates": 19372,
    "crossed_up_001": 0,
    "crossed_down_001": 0,
    "leader_changed": 0,
    "leader_improved": 0,
    "leader_worsened": 0,
    "base_precise_wrong_leader_all_valid": 66,
    "base_mean_gap_all_valid": 0.10698615449170272,
    "base_coverage75_floor": 115,
    "base_coverage75_nms": 71,
    "base_nms_lost75": 44,
    "uq_precise_wrong_leader_all_valid": 66,
    "uq_mean_gap_all_valid": 0.10698615449170272,
    "uq_coverage75_floor": 115,
    "uq_coverage75_nms": 71,
    "uq_nms_lost75": 44
  },
  {
    "run": "dfine_mal_UQ_seed20260930",
    "base": "mal",
    "seed": 20260930,
    "base_candidates": 17759,
    "uq_candidates": 17759,
    "crossed_up_001": 0,
    "crossed_down_001": 0,
    "leader_changed": 0,
    "leader_improved": 0,
    "leader_worsened": 0,
    "base_precise_wrong_leader_all_valid": 56,
    "base_mean_gap_all_valid": 0.08989771662486924,
    "base_coverage75_floor": 108,
    "base_coverage75_nms": 68,
    "base_nms_lost75": 40,
    "uq_precise_wrong_leader_all_valid": 56,
    "uq_mean_gap_all_valid": 0.08989771662486924,
    "uq_coverage75_floor": 108,
    "uq_coverage75_nms": 69,
    "uq_nms_lost75": 39
  },
  {
    "run": "dfine_base_UQ_seed20261001",
    "base": "base",
    "seed": 20261001,
    "base_candidates": 19700,
    "uq_candidates": 19711,
    "crossed_up_001": 11,
    "crossed_down_001": 0,
    "leader_changed": 2,
    "leader_improved": 1,
    "leader_worsened": 1,
    "base_precise_wrong_leader_all_valid": 34,
    "base_mean_gap_all_valid": 0.08416651810208957,
    "base_coverage75_floor": 90,
    "base_coverage75_nms": 65,
    "base_nms_lost75": 25,
    "uq_precise_wrong_leader_all_valid": 34,
    "uq_mean_gap_all_valid": 0.08418282742301623,
    "uq_coverage75_floor": 90,
    "uq_coverage75_nms": 66,
    "uq_nms_lost75": 24
  },
  {
    "run": "dfine_mal_UQ_seed20261001",
    "base": "mal",
    "seed": 20261001,
    "base_candidates": 18835,
    "uq_candidates": 19352,
    "crossed_up_001": 517,
    "crossed_down_001": 0,
    "leader_changed": 0,
    "leader_improved": 0,
    "leader_worsened": 0,
    "base_precise_wrong_leader_all_valid": 55,
    "base_mean_gap_all_valid": 0.09419721882376406,
    "base_coverage75_floor": 106,
    "base_coverage75_nms": 73,
    "base_nms_lost75": 33,
    "uq_precise_wrong_leader_all_valid": 55,
    "uq_mean_gap_all_valid": 0.09419721882376406,
    "uq_coverage75_floor": 106,
    "uq_coverage75_nms": 74,
    "uq_nms_lost75": 32
  }
]
