{
  "image_files": 3924,
  "unreadable_images": [],
  "all_extensions": {
    ".bmp": 2824,
    ".jpg": 1099,
    ".png": 1
  },
  "all_pixel_unique": 2551,
  "raw_bmp_files": 2809,
  "raw_bmp_unique_pixels": 2532,
  "raw_bmp_unique_stems": 2529,
  "label_files": 500,
  "matched_label_files": 500,
  "invalid_label_rows": [],
  "boxes": 1147,
  "empty_label_files": 0,
  "canonical_unique_pixels": 500,
  "classes": {
    "0": 1147
  },
  "boxes_per_image": {
    "1": 176,
    "2": 1,
    "3": 323
  },
  "dimensions": {
    "316x332": 209,
    "352x332": 124,
    "576x444": 167
  },
  "prefix_counts": {
    "002": 333,
    "001": 167
  },
  "marked_images": 500,
  "marked_images_threshold10": 500,
  "marked_images_threshold60": 500,
  "component_counts": {
    "1": 176,
    "2": 4,
    "3": 320
  },
  "marker_gt_count_disagreement": 5,
  "near_duplicate_pairs": 1860,
  "same_date_near_pairs": 491,
  "small_area_lt1024": 1147,
  "short_side_lt10": 567,
  "image_edge_le10": 0,
  "any_mask_overlap": 407,
  "marker_iou05": 118,
  "marker_iou01": 1143,
  "subset_sizes": {
    "images 200": 200,
    "images 15": 15,
    "images 50": 50,
    "images 300": 300,
    "images 100": 100,
    "images 400": 400
  },
  "subset_union": 400
}
Audit and figures complete
