Using Python 3.13.11 environment at: /home/viplab/contest/.detector-venv
WARN Skipping file for networkx: networkx-0.34-py2.4.egg
WARN Skipping file for networkx: networkx-0.34-py2.5.egg
WARN Skipping file for networkx: networkx-0.34.win32.exe
WARN Skipping file for networkx: networkx-0.35-py2.4.egg
WARN Skipping file for networkx: networkx-0.35-py2.5.egg
WARN Skipping file for networkx: networkx-0.35.1-py2.4.egg
WARN Skipping file for networkx: networkx-0.35.1-py2.5.egg
WARN Skipping file for networkx: networkx-0.35.1.win32.exe
WARN Skipping file for networkx: networkx-0.35.win32.exe
WARN Skipping file for networkx: networkx-0.36-py2.4.egg
WARN Skipping file for networkx: networkx-0.36-py2.5.egg
WARN Skipping file for networkx: networkx-0.36.win32.exe
WARN Skipping file for networkx: networkx-0.37-py2.4.egg
WARN Skipping file for networkx: networkx-0.37-py2.5.egg
WARN Skipping file for networkx: networkx-0.37.win32.exe
WARN Skipping file for networkx: networkx-0.99-py2.4.egg
WARN Skipping file for networkx: networkx-0.99-py2.5.egg
WARN Skipping file for networkx: networkx-0.99.win32.exe
WARN Skipping file for networkx: networkx-1.0-py2.6.egg
WARN Skipping file for networkx: networkx-1.0.1-py2.6.egg
WARN Skipping file for networkx: networkx-1.0rc1-py2.4.egg
WARN Skipping file for networkx: networkx-1.0rc1-py2.5.egg
WARN Skipping file for networkx: networkx-1.0rc1-py2.6.egg
WARN Skipping file for networkx: networkx-1.1-py2.5.egg
WARN Skipping file for networkx: networkx-1.1-py2.6.egg
WARN Skipping file for networkx: networkx-1.10-py2.7.egg
WARN Skipping file for networkx: networkx-1.10-py3.4.egg
WARN Skipping file for networkx: networkx-1.11-py2.7.egg
WARN Skipping file for networkx: networkx-1.11-py3.4.egg
WARN Skipping file for networkx: networkx-1.11rc1-py2.7.egg
WARN Skipping file for networkx: networkx-1.11rc1-py3.4.egg
WARN Skipping file for networkx: networkx-1.11rc2-py2.7.egg
WARN Skipping file for networkx: networkx-1.11rc2-py3.4.egg
WARN Skipping file for networkx: networkx-1.2-py2.6.egg
WARN Skipping file for networkx: networkx-1.2rc1-py2.6.egg
WARN Skipping file for networkx: networkx-1.3-py2.6.egg
WARN Skipping file for networkx: networkx-1.3-py2.7.egg
WARN Skipping file for networkx: networkx-1.3-py3.1.egg
WARN Skipping file for networkx: networkx-1.3-py3.2.egg
WARN Skipping file for networkx: networkx-1.3rc1-py2.6.egg
WARN Skipping file for networkx: networkx-1.3rc1-py2.7.egg
WARN Skipping file for networkx: networkx-1.3rc1-py3.1.egg
WARN Skipping file for networkx: networkx-1.4-py2.6.egg
WARN Skipping file for networkx: networkx-1.4-py2.7.egg
WARN Skipping file for networkx: networkx-1.4-py3.1.egg
WARN Skipping file for networkx: networkx-1.4-py3.2.egg
WARN Skipping file for networkx: networkx-1.4rc1-py2.6.egg
WARN Skipping file for networkx: networkx-1.4rc1-py2.7.egg
WARN Skipping file for networkx: networkx-1.4rc1-py3.1.egg
WARN Skipping file for networkx: networkx-1.4rc1-py3.2.egg
WARN Skipping file for networkx: networkx-1.5-py2.6.egg
WARN Skipping file for networkx: networkx-1.5-py2.7.egg
WARN Skipping file for networkx: networkx-1.5-py3.1.egg
WARN Skipping file for networkx: networkx-1.5-py3.2.egg
WARN Skipping file for networkx: networkx-1.5rc1-py2.6.egg
WARN Skipping file for networkx: networkx-1.5rc1-py2.7.egg
WARN Skipping file for networkx: networkx-1.5rc1-py3.1.egg
WARN Skipping file for networkx: networkx-1.5rc1-py3.2.egg
WARN Skipping file for networkx: networkx-1.6-py2.6.egg
WARN Skipping file for networkx: networkx-1.6-py2.7.egg
WARN Skipping file for networkx: networkx-1.6-py3.1.egg
WARN Skipping file for networkx: networkx-1.6-py3.2.egg
WARN Skipping file for networkx: networkx-1.6rc1-py2.6.egg
WARN Skipping file for networkx: networkx-1.6rc1-py2.7.egg
WARN Skipping file for networkx: networkx-1.6rc1-py3.1.egg
WARN Skipping file for networkx: networkx-1.6rc1-py3.2.egg
WARN Skipping file for networkx: networkx-1.7-py2.6.egg
WARN Skipping file for networkx: networkx-1.7-py2.7.egg
WARN Skipping file for networkx: networkx-1.7-py3.2.egg
WARN Skipping file for networkx: networkx-1.7rc1-py2.6.egg
WARN Skipping file for networkx: networkx-1.7rc1-py2.7.egg
WARN Skipping file for networkx: networkx-1.7rc1-py3.2.egg
WARN Skipping file for networkx: networkx-1.8-py2.6.egg
WARN Skipping file for networkx: networkx-1.8-py2.7.egg
WARN Skipping file for networkx: networkx-1.8-py3.2.egg
WARN Skipping file for networkx: networkx-1.8-py3.3.egg
WARN Skipping file for networkx: networkx-1.8.1-py2.6.egg
WARN Skipping file for networkx: networkx-1.8.1-py2.7.egg
WARN Skipping file for networkx: networkx-1.8.1-py3.2.egg
WARN Skipping file for networkx: networkx-1.8.1-py3.3.egg
WARN Skipping file for networkx: networkx-1.8rc1-py2.6.egg
WARN Skipping file for networkx: networkx-1.8rc1-py2.7.egg
WARN Skipping file for networkx: networkx-1.8rc1-py3.2.egg
WARN Skipping file for networkx: networkx-1.8rc1-py3.3.egg
WARN Skipping file for mpmath: mpmath-0.10.win32.exe
WARN Skipping file for mpmath: mpmath-0.11.win32.exe
WARN Skipping file for mpmath: mpmath-0.12.win32.exe
WARN Skipping file for mpmath: mpmath-0.13.win32.exe
WARN Skipping file for mpmath: mpmath-0.14.win32.exe
WARN Skipping file for mpmath: mpmath-0.15.win32.exe
WARN Skipping file for mpmath: mpmath-0.16.win32-py2.6.msi
WARN Skipping file for mpmath: mpmath-0.17.win32.exe
WARN Skipping file for mpmath: mpmath-0.2.win32.exe
WARN Skipping file for mpmath: mpmath-0.3.win32.exe
WARN Skipping file for mpmath: mpmath-0.4.src.zip
WARN Skipping file for mpmath: mpmath-0.4.win32.exe
WARN Skipping file for mpmath: mpmath-0.5.win32.exe
WARN Skipping file for mpmath: mpmath-0.6.win32.exe
WARN Skipping file for mpmath: mpmath-0.7.win32.exe
WARN Skipping file for mpmath: mpmath-0.8.win32.exe
WARN Skipping file for mpmath: mpmath-0.9.win32.exe
WARN Skipping file for mpmath: mpmath-all-0.17.tar.gz
WARN Skipping file for mpmath: mpmath-all-0.18.tar.gz
WARN Skipping file for mpmath: mpmath-all-0.19.tar.gz
WARN Skipping file for mpmath: mpmath-docsrc-0.16.tar.gz
Resolved 31 packages in 207ms
Downloading pillow (6.6MiB)
Downloading networkx (2.0MiB)
 Downloaded networkx
 Downloaded pillow
Prepared 5 packages in 4.04s
Installed 31 packages in 159ms
 + cuda-bindings==12.9.4
 + cuda-pathfinder==1.8.2
 + filelock==4.0.6
 + fsspec==2026.9.0
 + jinja2==3.1.6
 + markupsafe==3.0.3
 + mpmath==1.3.0
 + networkx==3.7
 + numpy==2.5.3
 + nvidia-cublas-cu12==12.8.4.1
 + nvidia-cuda-cupti-cu12==12.8.90
 + nvidia-cuda-nvrtc-cu12==12.8.93
 + nvidia-cuda-runtime-cu12==12.8.90
 + nvidia-cudnn-cu12==9.10.2.21
 + nvidia-cufft-cu12==11.3.3.83
 + nvidia-cufile-cu12==1.13.1.3
 + nvidia-curand-cu12==10.3.9.90
 + nvidia-cusolver-cu12==11.7.3.90
 + nvidia-cusparse-cu12==12.5.8.93
 + nvidia-cusparselt-cu12==0.7.1
 + nvidia-nccl-cu12==2.27.5
 + nvidia-nvjitlink-cu12==12.8.93
 + nvidia-nvshmem-cu12==3.4.5
 + nvidia-nvtx-cu12==12.8.90
 + pillow==12.3.0
 + setuptools==84.0.0
 + sympy==1.14.0
 + torch==2.10.0
 + torchvision==0.25.0
 + triton==3.6.0
 + typing-extensions==4.16.0
