Using Python 3.13.11 environment at: /home/viplab/contest/.detector-venv
WARN Skipping file for markdown: Markdown-2.0.1.win32.exe
WARN Skipping file for markdown: Markdown-2.0.2.win32.exe
WARN Skipping file for markdown: Markdown-2.0.3.win32.exe
WARN Skipping file for markdown: Markdown-2.0.win32.exe
WARN Skipping file for markdown: Markdown-2.1.0.win32.exe
WARN Skipping file for markdown: Markdown-2.4.win-amd64.exe
WARN Skipping file for markdown: markdown-1.7.win32.exe
WARN Skipping file for werkzeug: Werkzeug-0.1-py2.4.egg
WARN Skipping file for werkzeug: Werkzeug-0.1-py2.5.egg
WARN Skipping file for werkzeug: Werkzeug-0.2-py2.4.egg
WARN Skipping file for werkzeug: Werkzeug-0.2-py2.5.egg
WARN Skipping file for werkzeug: Werkzeug-0.3-py2.3.egg
WARN Skipping file for werkzeug: Werkzeug-0.3-py2.4.egg
WARN Skipping file for werkzeug: Werkzeug-0.3-py2.5.egg
WARN Skipping file for werkzeug: Werkzeug-0.3.1-py2.3.egg
WARN Skipping file for werkzeug: Werkzeug-0.3.1-py2.4.egg
WARN Skipping file for werkzeug: Werkzeug-0.3.1-py2.5.egg
WARN Skipping file for matplotlib: matplotlib-1.4.3.win-amd64-py2.6.exe
WARN Skipping file for matplotlib: matplotlib-1.4.3.win-amd64-py2.7.exe
WARN Skipping file for matplotlib: matplotlib-1.4.3.win-amd64-py3.2.exe
WARN Skipping file for matplotlib: matplotlib-1.4.3.win-amd64-py3.3.exe
WARN Skipping file for matplotlib: matplotlib-1.4.3.win-amd64-py3.4.exe
WARN Skipping file for matplotlib: matplotlib-1.4.3.win32-py2.6.exe
WARN Skipping file for matplotlib: matplotlib-1.4.3.win32-py2.7.exe
WARN Skipping file for matplotlib: matplotlib-1.4.3.win32-py3.2.exe
WARN Skipping file for matplotlib: matplotlib-1.4.3.win32-py3.3.exe
WARN Skipping file for matplotlib: matplotlib-1.4.3.win32-py3.4.exe
WARN Skipping file for protobuf: protobuf-2.0.0beta-py2.4.egg
WARN Skipping file for protobuf: protobuf-2.0.3-py2.4.egg
WARN Skipping file for protobuf: protobuf-2.3.0-py2.5.egg
WARN Skipping file for protobuf: protobuf-2.4.1-py2.6.egg
WARN Skipping file for protobuf: protobuf-2.5.0-py2.7.egg
WARN Skipping file for protobuf: protobuf-2.6.0-py2.7.egg
WARN Skipping file for protobuf: protobuf-2.6.1-py2.6.egg
WARN Skipping file for protobuf: protobuf-2.6.1-py2.7.egg
WARN Skipping file for protobuf: protobuf-3.0.0-py2.7.egg
WARN Skipping file for protobuf: protobuf-3.0.0a2-py2.7.egg
WARN Skipping file for protobuf: protobuf-3.0.0a3-py2.7.egg
WARN Skipping file for protobuf: protobuf-3.0.0b1-py2.7.egg
WARN Skipping file for protobuf: protobuf-3.0.0b1.post2-py2.7.egg
WARN Skipping file for protobuf: protobuf-3.0.0b3-py2.7.egg
WARN Skipping file for protobuf: protobuf-3.0.0b4-py2.7.egg
WARN Skipping file for protobuf: protobuf-3.1.0-py2.7.egg
WARN Skipping file for protobuf: protobuf-3.1.0.post1-py2.7.egg
WARN Skipping file for protobuf: protobuf-3.10.0-py2.7.egg
WARN Skipping file for protobuf: protobuf-3.10.0rc1-py2.7.egg
WARN Skipping file for protobuf: protobuf-3.11.0-py2.7.egg
WARN Skipping file for protobuf: protobuf-3.11.0rc1-py2.7.egg
WARN Skipping file for protobuf: protobuf-3.11.0rc2-py2.7.egg
WARN Skipping file for protobuf: protobuf-3.11.1-py2.7.egg
WARN Skipping file for protobuf: protobuf-3.11.2-py2.7.egg
WARN Skipping file for protobuf: protobuf-3.11.3-py2.7.egg
WARN Skipping file for protobuf: protobuf-3.2.0-py2.7.egg
WARN Skipping file for protobuf: protobuf-3.2.0rc1-py2.7.egg
WARN Skipping file for protobuf: protobuf-3.2.0rc1.post1-py2.7.egg
WARN Skipping file for protobuf: protobuf-3.2.0rc2-py2.7.egg
WARN Skipping file for protobuf: protobuf-3.4.0-py2.7.egg
WARN Skipping file for protobuf: protobuf-3.5.0.post1-py2.7.egg
WARN Skipping file for protobuf: protobuf-3.5.1-py2.7.egg
WARN Skipping file for protobuf: protobuf-3.5.2-py2.7.egg
WARN Skipping file for protobuf: protobuf-3.5.2.post1-py2.7.egg
WARN Skipping file for protobuf: protobuf-3.6.0-py2.7.egg
WARN Skipping file for protobuf: protobuf-3.6.1-py2.7.egg
WARN Skipping file for protobuf: protobuf-3.7.0-py2.7.egg
WARN Skipping file for protobuf: protobuf-3.7.0rc2-py2.7.egg
WARN Skipping file for protobuf: protobuf-3.7.0rc3-py2.7.egg
WARN Skipping file for protobuf: protobuf-3.7.1-py2.7.egg
WARN Skipping file for protobuf: protobuf-3.8.0-py2.7.egg
WARN Skipping file for protobuf: protobuf-3.8.0rc1-py2.7.egg
WARN Skipping file for protobuf: protobuf-3.9.0-py2.7.egg
WARN Skipping file for protobuf: protobuf-3.9.0rc1-py2.7.egg
WARN Skipping file for protobuf: protobuf-3.9.1-py2.7.egg
WARN Skipping file for protobuf: protobuf-3.9.2-py2.7.egg
WARN Skipping file for pyparsing: pyparsing-1.5.1.win32.exe
WARN Skipping file for pyparsing: pyparsing-1.5.2.win32.exe
WARN Skipping file for pyparsing: pyparsing-1.5.3.win32-py2.4.exe
WARN Skipping file for pyparsing: pyparsing-1.5.3.win32-py2.5.exe
WARN Skipping file for pyparsing: pyparsing-1.5.3.win32-py2.6.exe
WARN Skipping file for pyparsing: pyparsing-1.5.3.win32-py2.7.exe
WARN Skipping file for pyparsing: pyparsing-1.5.3.win32-py3.0.exe
WARN Skipping file for pyparsing: pyparsing-1.5.3.win32-py3.1.exe
WARN Skipping file for pyparsing: pyparsing-1.5.3.win32-py3.2.exe
WARN Skipping file for pyparsing: pyparsing-1.5.4.win32-py2.4.exe
WARN Skipping file for pyparsing: pyparsing-1.5.4.win32-py2.5.exe
WARN Skipping file for pyparsing: pyparsing-1.5.4.win32-py2.6.exe
WARN Skipping file for pyparsing: pyparsing-1.5.4.win32-py2.7.exe
WARN Skipping file for pyparsing: pyparsing-1.5.4.win32-py3.0.exe
WARN Skipping file for pyparsing: pyparsing-1.5.4.win32-py3.1.exe
WARN Skipping file for pyparsing: pyparsing-1.5.4.win32-py3.2.exe
WARN Skipping file for pyparsing: pyparsing-1.5.5.win32-py2.4.exe
WARN Skipping file for pyparsing: pyparsing-1.5.5.win32-py2.5.exe
WARN Skipping file for pyparsing: pyparsing-1.5.5.win32-py2.6.exe
WARN Skipping file for pyparsing: pyparsing-1.5.5.win32-py2.7.exe
WARN Skipping file for pyparsing: pyparsing-1.5.5.win32-py3.0.exe
WARN Skipping file for pyparsing: pyparsing-1.5.5.win32-py3.1.exe
WARN Skipping file for pyparsing: pyparsing-1.5.5.win32-py3.2.exe
WARN Skipping file for pyparsing: pyparsing-1.5.6.win32-py2.4.exe
WARN Skipping file for pyparsing: pyparsing-1.5.6.win32-py2.5.exe
WARN Skipping file for pyparsing: pyparsing-1.5.6.win32-py2.6.exe
WARN Skipping file for pyparsing: pyparsing-1.5.6.win32-py2.7.exe
WARN Skipping file for pyparsing: pyparsing-1.5.6.win32-py3.0.exe
WARN Skipping file for pyparsing: pyparsing-1.5.6.win32-py3.1.exe
WARN Skipping file for pyparsing: pyparsing-1.5.6.win32-py3.2.exe
WARN Skipping file for pyparsing: pyparsing-1.5.7.win32-py2.5.exe
WARN Skipping file for pyparsing: pyparsing-1.5.7.win32-py2.6.exe
WARN Skipping file for pyparsing: pyparsing-1.5.7.win32-py2.7.exe
WARN Skipping file for pyparsing: pyparsing-2.0.0.win32-py3.0.exe
WARN Skipping file for pyparsing: pyparsing-2.0.0.win32-py3.1.exe
WARN Skipping file for pyparsing: pyparsing-2.0.0.win32-py3.2.exe
WARN Skipping file for pyparsing: pyparsing-2.0.0.win32-py3.3.exe
WARN Skipping file for pyparsing: pyparsing-2.0.1.win32-py2.6.exe
WARN Skipping file for pyparsing: pyparsing-2.0.1.win32-py2.7.exe
WARN Skipping file for pyparsing: pyparsing-2.0.1.win32-py3.0.exe
WARN Skipping file for pyparsing: pyparsing-2.0.1.win32-py3.1.exe
WARN Skipping file for pyparsing: pyparsing-2.0.1.win32-py3.2.exe
WARN Skipping file for pyparsing: pyparsing-2.0.1.win32-py3.3.exe
WARN Skipping file for pyparsing: pyparsing-2.0.2.win32-py2.6.exe
WARN Skipping file for pyparsing: pyparsing-2.0.2.win32-py2.7.exe
WARN Skipping file for pyparsing: pyparsing-2.0.2.win32-py3.0.exe
WARN Skipping file for pyparsing: pyparsing-2.0.2.win32-py3.1.exe
WARN Skipping file for pyparsing: pyparsing-2.0.2.win32-py3.2.exe
WARN Skipping file for pyparsing: pyparsing-2.0.2.win32-py3.3.exe
WARN Skipping file for pyparsing: pyparsing-2.0.2.win32-py3.4.exe
WARN Skipping file for pyparsing: pyparsing-2.0.3.win32-py2.6.exe
WARN Skipping file for pyparsing: pyparsing-2.0.3.win32-py2.7.exe
WARN Skipping file for pyparsing: pyparsing-2.0.3.win32-py3.0.exe
WARN Skipping file for pyparsing: pyparsing-2.0.3.win32-py3.1.exe
WARN Skipping file for pyparsing: pyparsing-2.0.3.win32-py3.2.exe
WARN Skipping file for pyparsing: pyparsing-2.0.3.win32-py3.3.exe
WARN Skipping file for pyparsing: pyparsing-2.0.3.win32-py3.4.exe
WARN Skipping file for pyparsing: pyparsing-2.0.4.win32-py2.6.exe
WARN Skipping file for pyparsing: pyparsing-2.0.4.win32-py2.7.exe
WARN Skipping file for pyparsing: pyparsing-2.0.4.win32-py3.3.exe
WARN Skipping file for pyparsing: pyparsing-2.0.4.win32-py3.4.exe
WARN Skipping file for pyparsing: pyparsing-2.0.4.win32-py3.5.exe
WARN Skipping file for pyparsing: pyparsing-2.0.5.win32-py2.6.exe
WARN Skipping file for pyparsing: pyparsing-2.0.5.win32-py2.7.exe
WARN Skipping file for pyparsing: pyparsing-2.0.5.win32-py3.3.exe
WARN Skipping file for pyparsing: pyparsing-2.0.5.win32-py3.4.exe
WARN Skipping file for pyparsing: pyparsing-2.0.5.win32-py3.5.exe
WARN Skipping file for pyparsing: pyparsing-2.0.6.win32-py2.6.exe
WARN Skipping file for pyparsing: pyparsing-2.0.6.win32-py2.7.exe
WARN Skipping file for pyparsing: pyparsing-2.0.6.win32-py3.3.exe
WARN Skipping file for pyparsing: pyparsing-2.0.6.win32-py3.4.exe
WARN Skipping file for pyparsing: pyparsing-2.0.6.win32-py3.5.exe
WARN Skipping file for pyparsing: pyparsing-2.0.7.win32-py2.6.exe
WARN Skipping file for pyparsing: pyparsing-2.0.7.win32-py2.7.exe
WARN Skipping file for pyparsing: pyparsing-2.0.7.win32-py3.2.exe
WARN Skipping file for pyparsing: pyparsing-2.0.7.win32-py3.3.exe
WARN Skipping file for pyparsing: pyparsing-2.0.7.win32-py3.4.exe
WARN Skipping file for pyparsing: pyparsing-2.0.7.win32-py3.5.exe
WARN Skipping file for pyparsing: pyparsing-2.1.0.win32-py2.6.exe
WARN Skipping file for pyparsing: pyparsing-2.1.0.win32-py2.7.exe
WARN Skipping file for pyparsing: pyparsing-2.1.0.win32-py3.3.exe
WARN Skipping file for pyparsing: pyparsing-2.1.0.win32-py3.4.exe
WARN Skipping file for pyparsing: pyparsing-2.1.0.win32-py3.5.exe
WARN Skipping file for pyparsing: pyparsing-2.1.1.win32-py2.6.exe
WARN Skipping file for pyparsing: pyparsing-2.1.1.win32-py2.7.exe
WARN Skipping file for pyparsing: pyparsing-2.1.1.win32-py3.3.exe
WARN Skipping file for pyparsing: pyparsing-2.1.1.win32-py3.4.exe
WARN Skipping file for pyparsing: pyparsing-2.1.1.win32-py3.5.exe
WARN Skipping file for pyparsing: pyparsing-2.1.10.win32-py2.6.exe
WARN Skipping file for pyparsing: pyparsing-2.1.10.win32-py2.7.exe
WARN Skipping file for pyparsing: pyparsing-2.1.10.win32-py3.3.exe
WARN Skipping file for pyparsing: pyparsing-2.1.10.win32-py3.4.exe
WARN Skipping file for pyparsing: pyparsing-2.1.10.win32-py3.5.exe
WARN Skipping file for pyparsing: pyparsing-2.1.2.win32-py2.6.exe
WARN Skipping file for pyparsing: pyparsing-2.1.2.win32-py2.7.exe
WARN Skipping file for pyparsing: pyparsing-2.1.2.win32-py3.3.exe
WARN Skipping file for pyparsing: pyparsing-2.1.2.win32-py3.4.exe
WARN Skipping file for pyparsing: pyparsing-2.1.2.win32-py3.5.exe
WARN Skipping file for pyparsing: pyparsing-2.1.3.win32-py2.6.exe
WARN Skipping file for pyparsing: pyparsing-2.1.3.win32-py2.7.exe
WARN Skipping file for pyparsing: pyparsing-2.1.3.win32-py3.3.exe
WARN Skipping file for pyparsing: pyparsing-2.1.3.win32-py3.4.exe
WARN Skipping file for pyparsing: pyparsing-2.1.3.win32-py3.5.exe
WARN Skipping file for pyparsing: pyparsing-2.1.4.win32-py2.6.exe
WARN Skipping file for pyparsing: pyparsing-2.1.4.win32-py2.7.exe
WARN Skipping file for pyparsing: pyparsing-2.1.4.win32-py3.3.exe
WARN Skipping file for pyparsing: pyparsing-2.1.4.win32-py3.4.exe
WARN Skipping file for pyparsing: pyparsing-2.1.4.win32-py3.5.exe
WARN Skipping file for pyparsing: pyparsing-2.1.5.win32-py2.6.exe
WARN Skipping file for pyparsing: pyparsing-2.1.5.win32-py2.7.exe
WARN Skipping file for pyparsing: pyparsing-2.1.5.win32-py3.3.exe
WARN Skipping file for pyparsing: pyparsing-2.1.5.win32-py3.4.exe
WARN Skipping file for pyparsing: pyparsing-2.1.5.win32-py3.5.exe
WARN Skipping file for pyparsing: pyparsing-2.1.6.win32-py2.6.exe
WARN Skipping file for pyparsing: pyparsing-2.1.6.win32-py2.7.exe
WARN Skipping file for pyparsing: pyparsing-2.1.6.win32-py3.3.exe
WARN Skipping file for pyparsing: pyparsing-2.1.6.win32-py3.4.exe
WARN Skipping file for pyparsing: pyparsing-2.1.6.win32-py3.5.exe
WARN Skipping file for pyparsing: pyparsing-2.1.7.win32-py2.6.exe
WARN Skipping file for pyparsing: pyparsing-2.1.7.win32-py2.7.exe
WARN Skipping file for pyparsing: pyparsing-2.1.7.win32-py3.3.exe
WARN Skipping file for pyparsing: pyparsing-2.1.7.win32-py3.4.exe
WARN Skipping file for pyparsing: pyparsing-2.1.7.win32-py3.5.exe
WARN Skipping file for pyparsing: pyparsing-2.1.8.win32-py2.6.exe
WARN Skipping file for pyparsing: pyparsing-2.1.8.win32-py2.7.exe
WARN Skipping file for pyparsing: pyparsing-2.1.8.win32-py3.3.exe
WARN Skipping file for pyparsing: pyparsing-2.1.8.win32-py3.4.exe
WARN Skipping file for pyparsing: pyparsing-2.1.8.win32-py3.5.exe
WARN Skipping file for pyparsing: pyparsing-2.1.9.win32-py2.6.exe
WARN Skipping file for pyparsing: pyparsing-2.1.9.win32-py2.7.exe
WARN Skipping file for pyparsing: pyparsing-2.1.9.win32-py3.3.exe
WARN Skipping file for pyparsing: pyparsing-2.1.9.win32-py3.4.exe
WARN Skipping file for pyparsing: pyparsing-2.1.9.win32-py3.5.exe
WARN Skipping file for pyparsing: pyparsing-2.2.0.win32-py2.6.exe
WARN Skipping file for pyparsing: pyparsing-2.2.0.win32-py2.7.exe
WARN Skipping file for pyparsing: pyparsing-2.2.0.win32-py3.3.exe
WARN Skipping file for pyparsing: pyparsing-2.2.0.win32-py3.4.exe
WARN Skipping file for pyparsing: pyparsing-2.2.0.win32-py3.5.exe
WARN Skipping file for regex: regex-2013-02-16.tar.gz
WARN Skipping file for regex: regex-2013-02-23.tar.gz
WARN Skipping file for regex: regex-2013-03-11.tar.gz
WARN Skipping file for regex: regex-2013-05-21.tar.gz
WARN Skipping file for regex: regex-2013-06-05.tar.gz
WARN Skipping file for regex: regex-2013-06-26.tar.gz
WARN Skipping file for regex: regex-2013-08-04.tar.gz
WARN Skipping file for regex: regex-2013-10-04.tar.gz
WARN Skipping file for regex: regex-2013-10-12.tar.gz
WARN Skipping file for regex: regex-2013-10-21.tar.gz
WARN Skipping file for regex: regex-2013-10-22.tar.gz
WARN Skipping file for regex: regex-2013-10-23.tar.gz
WARN Skipping file for regex: regex-2013-10-24.tar.gz
WARN Skipping file for regex: regex-2013-10-25.tar.gz
WARN Skipping file for regex: regex-2013-10-26.tar.gz
WARN Skipping file for regex: regex-2013-11-29.tar.gz
WARN Skipping file for regex: regex-2013-12-31.tar.gz
Resolved 72 packages in 1.89s
Downloading grpcio (6.8MiB)
Downloading matplotlib (9.4MiB)
Downloading tensorboard (5.3MiB)
Downloading polars-runtime-32 (47.6MiB)
Downloading kiwisolver (1.4MiB)
Downloading scipy (33.7MiB)
Downloading transformers (9.5MiB)
Downloading fonttools (5.1MiB)
Downloading tokenizers (3.0MiB)
Downloading ultralytics (1.0MiB)
 Downloaded ultralytics
 Downloaded kiwisolver
 Downloaded tokenizers
 Downloaded fonttools
 Downloaded tensorboard
 Downloaded grpcio
 Downloaded matplotlib
 Downloaded transformers
 Downloaded scipy
 Downloaded polars-runtime-32
Prepared 27 packages in 1m 00s
Installed 41 packages in 39ms
 + absl-py==2.5.0
 + accelerate==1.15.0
 + calflops==0.3.2
 + certifi==2026.7.22
 + charset-normalizer==3.5.1
 + contourpy==1.4.0
 + cycler==0.12.1
 + faster-coco-eval==1.6.8
 + fonttools==4.66.0
 + grpcio==1.84.0
 + hf-xet==1.6.0
 + huggingface-hub==0.36.2
 + idna==3.20
 + kiwisolver==1.5.1
 + loguru==0.7.3
 + markdown==3.11
 + matplotlib==3.11.2
 + opencv-python==5.0.0.93
 + packaging==26.3
 + polars==1.44.2
 + polars-runtime-32==1.44.2
 + protobuf==7.36.2
 + psutil==7.2.2
 + pycocotools==2.0.11
 + pyparsing==3.3.3
 + python-dateutil==2.9.0.post0
 + pyyaml==6.0.3
 + regex==2026.9.29
 + requests==2.34.2
 + safetensors==0.8.0
 + scipy==1.18.1
 + six==1.17.0
 + tensorboard==2.21.0
 + tensorboard-data-server==0.7.2
 + tokenizers==0.21.4
 + tqdm==4.70.1
 + transformers==4.49.0
 + ultralytics==8.3.226
 + ultralytics-thop==2.2.1
 + urllib3==2.8.0
 + werkzeug==3.1.9
