{
  "train": {
    "images": 358,
    "boxes": 877,
    "dates": [
      "20200622",
      "20200623",
      "20200624",
      "20200625",
      "20200814",
      "20200815",
      "20200819",
      "20200821",
      "20200831",
      "20200905",
      "20200906",
      "20200922"
    ],
    "machines": {
      "3호기": 119,
      "1호기": 111,
      "2호기": 128
    }
  },
  "val": {
    "images": 64,
    "boxes": 142,
    "dates": [
      "20200629",
      "20200715",
      "20200811",
      "20200818",
      "20200904",
      "20200907"
    ],
    "machines": {
      "3호기": 23,
      "1호기": 20,
      "2호기": 21
    }
  },
  "test": {
    "images": 78,
    "boxes": 128,
    "dates": [
      "20200714",
      "20200727",
      "20200728",
      "20200810",
      "20200826",
      "20200901"
    ],
    "machines": {
      "3호기": 25,
      "1호기": 25,
      "2호기": 28
    }
  }
}
