각 GT 내 특징·IoU 평균을 빼 상대 차이를 학습하는 선형 ridge probe를 사용했다. 각 GT의 총 학습 가중치를 같게 두고 train에서만 스케일을 계산했다. Ridge 계수 .1을 고정했으며 validation으로 튜닝하지 않았다. Score, geometry+score, FDR분포통계+geometry+score, query feature, 전체 특징의 다섯 구성을 비교했다. 쌍 정확도는 IoU 차이≥.05인 후보 쌍의 우열을 맞힌 비율을 GT별 평균했다.

## 결과

모든 수치는 세 seed 평균. 정밀 선택 수는 대표 후보 IoU≥.75인 GT 수이며, 최대 144개다. 동일 후보 집합의 base-score 대표와 비교한다.

| 부모 | 입력 | train 쌍 정확도 | val 쌍 정확도 | val 대표 평균 IoU | 기존→probe 정밀 선택 | 개선/악화 GT |
|---|---|---:|---:|---:|---:|---:|
| base | score | 0.556 | 0.571 | 0.705 | 51.7→51.7 | 0.0/0.0 |
| base | geometry_score | 0.709 | 0.737 | 0.598 | 51.7→35.0 | 3.0/45.0 |
| base | distribution_geometry | 0.809 | 0.807 | 0.706 | 51.7→51.7 | 4.7/4.7 |
| base | query_only | 0.851 | 0.825 | 0.702 | 51.7→49.0 | 50.0/59.3 |
| base | all | 0.858 | 0.833 | 0.702 | 51.7→49.7 | 49.0/55.7 |
| mal | score | 0.558 | 0.538 | 0.707 | 53.3→53.3 | 0.0/0.0 |
| mal | geometry_score | 0.739 | 0.707 | 0.662 | 53.3→47.0 | 0.7/15.7 |
| mal | distribution_geometry | 0.817 | 0.781 | 0.707 | 53.3→53.0 | 1.3/1.3 |
| mal | query_only | 0.859 | 0.810 | 0.703 | 53.3→49.0 | 37.3/48.7 |
| mal | all | 0.861 | 0.814 | 0.704 | 53.3→49.3 | 35.3/47.0 |

## seed별 전체 특징 결과

| 부모 | seed | 기존→probe 평균 IoU | 기존→probe 정밀 선택 | oracle 정밀 coverage |
|---|---|---:|---:|---:|
| base | 20260929 | 0.707→0.704 | 50→49 | 97 |
| base | 20260930 | 0.705→0.701 | 49→48 | 115 |
| base | 20261001 | 0.704→0.703 | 56→52 | 90 |
| mal | 20260929 | 0.708→0.706 | 57→48 | 98 |
| mal | 20260930 | 0.709→0.705 | 52→49 | 108 |
| mal | 20261001 | 0.705→0.700 | 51→51 | 106 |

## 해석상의 한계

- 후보 쌍 분류와 최고 후보 선택은 다른 문제다. 쉬운 쌍을 많이 맞혀도 대표 선택이 악화될 수 있다.
- GT로 후보를 묶은 조건이므로 실제 clustering, 배경 억제, NMS와 가까운 복수 이물 간 충돌은 해결하지 않았다.
- 검출기는 해당 train 영상에서 이미 학습됐다. Train 진단 수치는 in-sample이며 일반화 근거는 validation 결과다. Validation은 기존 checkpoint 선택과 반복 탐색에 사용됐으므로 새 독립 검증이 아니다.
- 이번 선형 probe 실패는 모든 비선형/관계 모듈의 불가능성을 뜻하지 않는다. 성공 또한 새로운 아키텍처 성능을 보장하지 않는다.
- 공식 GT와의 정렬 가능성을 측정하며 실제 물리적 이물 경계 정확성은 검증하지 않는다. Seed 세 개와 같은 영상 내 후보는 독립 표본 수천 개로 취급하지 않는다.

## 재현 자료

- [요약](experiments/kamp_v2_candidate_probe/summary.csv)
- [GT별 결과](experiments/kamp_v2_candidate_probe/instances.csv)
- [기존 출력 일치 검증](experiments/kamp_v2_candidate_probe/verification.json)
- [실행 로그](experiments/kamp_v2_candidate_probe/run.log)
