Traceback (most recent call last):
  File "/home/viplab/contest/experiments/kamp_ablation_v3/retry_failed_v1/train.py", line 4, in <module>
    import torch
  File "/home/viplab/contest/.detector-venv/lib/python3.13/site-packages/torch/__init__.py", line 2209, in <module>
    from torch import _VF as _VF, functional as functional  # usort: skip
    ^^^^^^^^^^^^^^^^^^^^^^^^^^^^^^^^^^^^^^^^^^^^^^^^^^^^^^
  File "/home/viplab/contest/.detector-venv/lib/python3.13/site-packages/torch/functional.py", line 8, in <module>
    import torch.nn.functional as F
  File "/home/viplab/contest/.detector-venv/lib/python3.13/site-packages/torch/nn/__init__.py", line 8, in <module>
    from torch.nn.modules import *  # usort: skip # noqa: F403
    ^^^^^^^^^^^^^^^^^^^^^^^^^^^^^^
  File "/home/viplab/contest/.detector-venv/lib/python3.13/site-packages/torch/nn/modules/__init__.py", line 1, in <module>
    from .module import Module  # usort: skip
    ^^^^^^^^^^^^^^^^^^^^^^^^^^
  File "/home/viplab/contest/.detector-venv/lib/python3.13/site-packages/torch/nn/modules/module.py", line 17, in <module>
    from torch.utils._python_dispatch import is_traceable_wrapper_subclass
  File "/home/viplab/contest/.detector-venv/lib/python3.13/site-packages/torch/utils/__init__.py", line 8, in <module>
    from torch.utils import (
    ...<5 lines>...
    )
  File "/home/viplab/contest/.detector-venv/lib/python3.13/site-packages/torch/utils/data/__init__.py", line 1, in <module>
    from torch.utils.data.dataloader import (
    ...<5 lines>...
    )
  File "/home/viplab/contest/.detector-venv/lib/python3.13/site-packages/torch/utils/data/dataloader.py", line 17, in <module>
    import queue
  File "/home/viplab/contest/experiments/kamp_ablation_v3/retry_failed_v1/queue.py", line 4, in <module>
    lock=(D/'lock').open('w');fcntl.flock(lock,fcntl.LOCK_EX|fcntl.LOCK_NB)
                              ~~~~~~~~~~~^^^^^^^^^^^^^^^^^^^^^^^^^^^^^^^^^^
BlockingIOError: [Errno 11] Resource temporarily unavailable
