Using Python 3.13.11 environment at: /home/viplab/contest/.final-repro-venv
WARN Skipping file for pillow: Pillow-1.7.5-py2.4-win32.egg
WARN Skipping file for pillow: Pillow-1.7.5-py2.5-win32.egg
WARN Skipping file for pillow: Pillow-1.7.5-py2.6-win32.egg
WARN Skipping file for pillow: Pillow-1.7.5-py2.7-win32.egg
WARN Skipping file for pillow: Pillow-1.7.6-py2.4-win32.egg
WARN Skipping file for pillow: Pillow-1.7.6-py2.5-win32.egg
WARN Skipping file for pillow: Pillow-1.7.6-py2.6-win32.egg
WARN Skipping file for pillow: Pillow-1.7.6-py2.7-win32.egg
WARN Skipping file for pillow: Pillow-1.7.7-py2.4-win32.egg
WARN Skipping file for pillow: Pillow-1.7.7-py2.5-win32.egg
WARN Skipping file for pillow: Pillow-1.7.7-py2.6-win32.egg
WARN Skipping file for pillow: Pillow-1.7.7-py2.7-win32.egg
WARN Skipping file for pillow: Pillow-1.7.8-py2.4-win32.egg
WARN Skipping file for pillow: Pillow-1.7.8-py2.5-win32.egg
WARN Skipping file for pillow: Pillow-1.7.8-py2.6-win-amd64.egg
WARN Skipping file for pillow: Pillow-1.7.8-py2.6-win32.egg
WARN Skipping file for pillow: Pillow-1.7.8-py2.7-win-amd64.egg
WARN Skipping file for pillow: Pillow-1.7.8-py2.7-win32.egg
WARN Skipping file for pillow: Pillow-2.0.0-py2.6-win-amd64.egg
WARN Skipping file for pillow: Pillow-2.0.0-py2.6-win32.egg
WARN Skipping file for pillow: Pillow-2.0.0-py2.7-win-amd64.egg
WARN Skipping file for pillow: Pillow-2.0.0-py2.7-win32.egg
WARN Skipping file for pillow: Pillow-2.0.0-py3.2-win-amd64.egg
WARN Skipping file for pillow: Pillow-2.0.0-py3.2-win32.egg
WARN Skipping file for pillow: Pillow-2.0.0-py3.3-win-amd64.egg
WARN Skipping file for pillow: Pillow-2.0.0-py3.3-win32.egg
WARN Skipping file for pillow: Pillow-2.0.0.win-amd64-py2.6.exe
WARN Skipping file for pillow: Pillow-2.0.0.win-amd64-py2.7.exe
WARN Skipping file for pillow: Pillow-2.0.0.win-amd64-py3.2.exe
WARN Skipping file for pillow: Pillow-2.0.0.win-amd64-py3.3.exe
WARN Skipping file for pillow: Pillow-2.0.0.win32-py2.6.exe
WARN Skipping file for pillow: Pillow-2.0.0.win32-py2.7.exe
WARN Skipping file for pillow: Pillow-2.0.0.win32-py3.2.exe
WARN Skipping file for pillow: Pillow-2.0.0.win32-py3.3.exe
WARN Skipping file for pillow: Pillow-2.1.0-py2.6-win-amd64.egg
WARN Skipping file for pillow: Pillow-2.1.0-py2.6-win32.egg
WARN Skipping file for pillow: Pillow-2.1.0-py2.7-win-amd64.egg
WARN Skipping file for pillow: Pillow-2.1.0-py2.7-win32.egg
WARN Skipping file for pillow: Pillow-2.1.0-py3.2-win-amd64.egg
WARN Skipping file for pillow: Pillow-2.1.0-py3.2-win32.egg
WARN Skipping file for pillow: Pillow-2.1.0-py3.3-win-amd64.egg
WARN Skipping file for pillow: Pillow-2.1.0-py3.3-win32.egg
WARN Skipping file for pillow: Pillow-2.1.0.win-amd64-py2.6.exe
WARN Skipping file for pillow: Pillow-2.1.0.win-amd64-py2.7.exe
WARN Skipping file for pillow: Pillow-2.1.0.win-amd64-py3.2.exe
WARN Skipping file for pillow: Pillow-2.1.0.win-amd64-py3.3.exe
WARN Skipping file for pillow: Pillow-2.1.0.win32-py2.6.exe
WARN Skipping file for pillow: Pillow-2.1.0.win32-py2.7.exe
WARN Skipping file for pillow: Pillow-2.1.0.win32-py3.2.exe
WARN Skipping file for pillow: Pillow-2.1.0.win32-py3.3.exe
WARN Skipping file for pillow: Pillow-2.2.1-py2.6-win-amd64.egg
WARN Skipping file for pillow: Pillow-2.2.1-py2.6-win32.egg
WARN Skipping file for pillow: Pillow-2.2.1-py2.7-win-amd64.egg
WARN Skipping file for pillow: Pillow-2.2.1-py2.7-win32.egg
WARN Skipping file for pillow: Pillow-2.2.1-py3.2-win-amd64.egg
WARN Skipping file for pillow: Pillow-2.2.1-py3.2-win32.egg
WARN Skipping file for pillow: Pillow-2.2.1-py3.3-win-amd64.egg
WARN Skipping file for pillow: Pillow-2.2.1-py3.3-win32.egg
WARN Skipping file for pillow: Pillow-2.2.1.win-amd64-py2.6.exe
WARN Skipping file for pillow: Pillow-2.2.1.win-amd64-py2.7.exe
WARN Skipping file for pillow: Pillow-2.2.1.win-amd64-py3.2.exe
WARN Skipping file for pillow: Pillow-2.2.1.win-amd64-py3.3.exe
WARN Skipping file for pillow: Pillow-2.2.1.win32-py2.6.exe
WARN Skipping file for pillow: Pillow-2.2.1.win32-py2.7.exe
WARN Skipping file for pillow: Pillow-2.2.1.win32-py3.2.exe
WARN Skipping file for pillow: Pillow-2.2.1.win32-py3.3.exe
WARN Skipping file for pillow: Pillow-2.2.2-py2.6-win-amd64.egg
WARN Skipping file for pillow: Pillow-2.2.2-py2.6-win32.egg
WARN Skipping file for pillow: Pillow-2.2.2-py2.7-win-amd64.egg
WARN Skipping file for pillow: Pillow-2.2.2-py2.7-win32.egg
WARN Skipping file for pillow: Pillow-2.2.2-py3.2-win-amd64.egg
WARN Skipping file for pillow: Pillow-2.2.2-py3.2-win32.egg
WARN Skipping file for pillow: Pillow-2.2.2-py3.3-win-amd64.egg
WARN Skipping file for pillow: Pillow-2.2.2-py3.3-win32.egg
WARN Skipping file for pillow: Pillow-2.2.2-py3.4-win-amd64.egg
WARN Skipping file for pillow: Pillow-2.2.2-py3.4-win32.egg
WARN Skipping file for pillow: Pillow-2.2.2.win-amd64-py2.6.exe
WARN Skipping file for pillow: Pillow-2.2.2.win-amd64-py2.7.exe
WARN Skipping file for pillow: Pillow-2.2.2.win-amd64-py3.2.exe
WARN Skipping file for pillow: Pillow-2.2.2.win-amd64-py3.3.exe
WARN Skipping file for pillow: Pillow-2.2.2.win-amd64-py3.4.exe
WARN Skipping file for pillow: Pillow-2.2.2.win32-py2.6.exe
WARN Skipping file for pillow: Pillow-2.2.2.win32-py2.7.exe
WARN Skipping file for pillow: Pillow-2.2.2.win32-py3.2.exe
WARN Skipping file for pillow: Pillow-2.2.2.win32-py3.3.exe
WARN Skipping file for pillow: Pillow-2.2.2.win32-py3.4.exe
WARN Skipping file for pillow: Pillow-2.3.0-py2.6-win-amd64.egg
WARN Skipping file for pillow: Pillow-2.3.0-py2.6-win32.egg
WARN Skipping file for pillow: Pillow-2.3.0-py2.7-win-amd64.egg
WARN Skipping file for pillow: Pillow-2.3.0-py2.7-win32.egg
WARN Skipping file for pillow: Pillow-2.3.0-py3.2-win-amd64.egg
WARN Skipping file for pillow: Pillow-2.3.0-py3.2-win32.egg
WARN Skipping file for pillow: Pillow-2.3.0-py3.3-win-amd64.egg
WARN Skipping file for pillow: Pillow-2.3.0-py3.3-win32.egg
WARN Skipping file for pillow: Pillow-2.3.0-py3.4-win-amd64.egg
WARN Skipping file for pillow: Pillow-2.3.0-py3.4-win32.egg
WARN Skipping file for pillow: Pillow-2.3.0.win-amd64-py2.6.exe
WARN Skipping file for pillow: Pillow-2.3.0.win-amd64-py2.7.exe
WARN Skipping file for pillow: Pillow-2.3.0.win-amd64-py3.2.exe
WARN Skipping file for pillow: Pillow-2.3.0.win-amd64-py3.3.exe
WARN Skipping file for pillow: Pillow-2.3.0.win-amd64-py3.4.exe
WARN Skipping file for pillow: Pillow-2.3.0.win32-py2.6.exe
WARN Skipping file for pillow: Pillow-2.3.0.win32-py2.7.exe
WARN Skipping file for pillow: Pillow-2.3.0.win32-py3.2.exe
WARN Skipping file for pillow: Pillow-2.3.0.win32-py3.3.exe
WARN Skipping file for pillow: Pillow-2.3.0.win32-py3.4.exe
WARN Skipping file for pillow: Pillow-2.4.0-py2.6-win-amd64.egg
WARN Skipping file for pillow: Pillow-2.4.0-py2.6-win32.egg
WARN Skipping file for pillow: Pillow-2.4.0-py2.7-win-amd64.egg
WARN Skipping file for pillow: Pillow-2.4.0-py2.7-win32.egg
WARN Skipping file for pillow: Pillow-2.4.0-py3.2-win-amd64.egg
WARN Skipping file for pillow: Pillow-2.4.0-py3.2-win32.egg
WARN Skipping file for pillow: Pillow-2.4.0-py3.3-win-amd64.egg
WARN Skipping file for pillow: Pillow-2.4.0-py3.3-win32.egg
WARN Skipping file for pillow: Pillow-2.4.0-py3.4-win-amd64.egg
WARN Skipping file for pillow: Pillow-2.4.0-py3.4-win32.egg
WARN Skipping file for pillow: Pillow-2.4.0.win-amd64-py2.6.exe
WARN Skipping file for pillow: Pillow-2.4.0.win-amd64-py2.7.exe
WARN Skipping file for pillow: Pillow-2.4.0.win-amd64-py3.2.exe
WARN Skipping file for pillow: Pillow-2.4.0.win-amd64-py3.3.exe
WARN Skipping file for pillow: Pillow-2.4.0.win-amd64-py3.4.exe
WARN Skipping file for pillow: Pillow-2.4.0.win32-py2.6.exe
WARN Skipping file for pillow: Pillow-2.4.0.win32-py2.7.exe
WARN Skipping file for pillow: Pillow-2.4.0.win32-py3.2.exe
WARN Skipping file for pillow: Pillow-2.4.0.win32-py3.3.exe
WARN Skipping file for pillow: Pillow-2.4.0.win32-py3.4.exe
WARN Skipping file for pillow: Pillow-2.5.0-py2.6-win-amd64.egg
WARN Skipping file for pillow: Pillow-2.5.0-py2.6-win32.egg
WARN Skipping file for pillow: Pillow-2.5.0-py2.7-win-amd64.egg
WARN Skipping file for pillow: Pillow-2.5.0-py2.7-win32.egg
WARN Skipping file for pillow: Pillow-2.5.0-py3.2-win-amd64.egg
WARN Skipping file for pillow: Pillow-2.5.0-py3.2-win32.egg
WARN Skipping file for pillow: Pillow-2.5.0-py3.3-win-amd64.egg
WARN Skipping file for pillow: Pillow-2.5.0-py3.3-win32.egg
WARN Skipping file for pillow: Pillow-2.5.0-py3.4-win-amd64.egg
WARN Skipping file for pillow: Pillow-2.5.0-py3.4-win32.egg
WARN Skipping file for pillow: Pillow-2.5.0.win-amd64-py2.6.exe
WARN Skipping file for pillow: Pillow-2.5.0.win-amd64-py2.7.exe
WARN Skipping file for pillow: Pillow-2.5.0.win-amd64-py3.2.exe
WARN Skipping file for pillow: Pillow-2.5.0.win-amd64-py3.3.exe
WARN Skipping file for pillow: Pillow-2.5.0.win-amd64-py3.4.exe
WARN Skipping file for pillow: Pillow-2.5.0.win32-py2.6.exe
WARN Skipping file for pillow: Pillow-2.5.0.win32-py2.7.exe
WARN Skipping file for pillow: Pillow-2.5.0.win32-py3.2.exe
WARN Skipping file for pillow: Pillow-2.5.0.win32-py3.3.exe
WARN Skipping file for pillow: Pillow-2.5.0.win32-py3.4.exe
WARN Skipping file for pillow: Pillow-2.5.1-py2.6-win-amd64.egg
WARN Skipping file for pillow: Pillow-2.5.1-py2.6-win32.egg
WARN Skipping file for pillow: Pillow-2.5.1-py2.7-win-amd64.egg
WARN Skipping file for pillow: Pillow-2.5.1-py2.7-win32.egg
WARN Skipping file for pillow: Pillow-2.5.1-py3.2-win-amd64.egg
WARN Skipping file for pillow: Pillow-2.5.1-py3.2-win32.egg
WARN Skipping file for pillow: Pillow-2.5.1-py3.3-win-amd64.egg
WARN Skipping file for pillow: Pillow-2.5.1-py3.3-win32.egg
WARN Skipping file for pillow: Pillow-2.5.1-py3.4-win-amd64.egg
WARN Skipping file for pillow: Pillow-2.5.1-py3.4-win32.egg
WARN Skipping file for pillow: Pillow-2.5.1.win-amd64-py2.6.exe
WARN Skipping file for pillow: Pillow-2.5.1.win-amd64-py2.7.exe
WARN Skipping file for pillow: Pillow-2.5.1.win-amd64-py3.2.exe
WARN Skipping file for pillow: Pillow-2.5.1.win-amd64-py3.3.exe
WARN Skipping file for pillow: Pillow-2.5.1.win-amd64-py3.4.exe
WARN Skipping file for pillow: Pillow-2.5.1.win32-py2.6.exe
WARN Skipping file for pillow: Pillow-2.5.1.win32-py2.7.exe
WARN Skipping file for pillow: Pillow-2.5.1.win32-py3.2.exe
WARN Skipping file for pillow: Pillow-2.5.1.win32-py3.3.exe
WARN Skipping file for pillow: Pillow-2.5.1.win32-py3.4.exe
WARN Skipping file for pillow: Pillow-2.5.2-py2.6-win-amd64.egg
WARN Skipping file for pillow: Pillow-2.5.2-py2.6-win32.egg
WARN Skipping file for pillow: Pillow-2.5.2-py2.7-win-amd64.egg
WARN Skipping file for pillow: Pillow-2.5.2-py2.7-win32.egg
WARN Skipping file for pillow: Pillow-2.5.2-py3.2-win-amd64.egg
WARN Skipping file for pillow: Pillow-2.5.2-py3.2-win32.egg
WARN Skipping file for pillow: Pillow-2.5.2-py3.3-win-amd64.egg
WARN Skipping file for pillow: Pillow-2.5.2-py3.3-win32.egg
WARN Skipping file for pillow: Pillow-2.5.2-py3.4-win-amd64.egg
WARN Skipping file for pillow: Pillow-2.5.2-py3.4-win32.egg
WARN Skipping file for pillow: Pillow-2.5.2.win-amd64-py2.6.exe
WARN Skipping file for pillow: Pillow-2.5.2.win-amd64-py2.7.exe
WARN Skipping file for pillow: Pillow-2.5.2.win-amd64-py3.2.exe
WARN Skipping file for pillow: Pillow-2.5.2.win-amd64-py3.3.exe
WARN Skipping file for pillow: Pillow-2.5.2.win-amd64-py3.4.exe
WARN Skipping file for pillow: Pillow-2.5.2.win32-py2.6.exe
WARN Skipping file for pillow: Pillow-2.5.2.win32-py2.7.exe
WARN Skipping file for pillow: Pillow-2.5.2.win32-py3.2.exe
WARN Skipping file for pillow: Pillow-2.5.2.win32-py3.3.exe
WARN Skipping file for pillow: Pillow-2.5.2.win32-py3.4.exe
WARN Skipping file for pillow: Pillow-2.5.3-py2.6-win-amd64.egg
WARN Skipping file for pillow: Pillow-2.5.3-py2.6-win32.egg
WARN Skipping file for pillow: Pillow-2.5.3-py2.7-win-amd64.egg
WARN Skipping file for pillow: Pillow-2.5.3-py2.7-win32.egg
WARN Skipping file for pillow: Pillow-2.5.3-py3.2-win-amd64.egg
WARN Skipping file for pillow: Pillow-2.5.3-py3.2-win32.egg
WARN Skipping file for pillow: Pillow-2.5.3-py3.3-win-amd64.egg
WARN Skipping file for pillow: Pillow-2.5.3-py3.3-win32.egg
WARN Skipping file for pillow: Pillow-2.5.3-py3.4-win-amd64.egg
WARN Skipping file for pillow: Pillow-2.5.3-py3.4-win32.egg
WARN Skipping file for pillow: Pillow-2.5.3.win-amd64-py2.6.exe
WARN Skipping file for pillow: Pillow-2.5.3.win-amd64-py2.7.exe
WARN Skipping file for pillow: Pillow-2.5.3.win-amd64-py3.2.exe
WARN Skipping file for pillow: Pillow-2.5.3.win-amd64-py3.3.exe
WARN Skipping file for pillow: Pillow-2.5.3.win-amd64-py3.4.exe
WARN Skipping file for pillow: Pillow-2.5.3.win32-py2.6.exe
WARN Skipping file for pillow: Pillow-2.5.3.win32-py2.7.exe
WARN Skipping file for pillow: Pillow-2.5.3.win32-py3.2.exe
WARN Skipping file for pillow: Pillow-2.5.3.win32-py3.3.exe
WARN Skipping file for pillow: Pillow-2.5.3.win32-py3.4.exe
WARN Skipping file for pillow: Pillow-2.6.0-py2.6-win-amd64.egg
WARN Skipping file for pillow: Pillow-2.6.0-py2.6-win32.egg
WARN Skipping file for pillow: Pillow-2.6.0-py2.7-win-amd64.egg
WARN Skipping file for pillow: Pillow-2.6.0-py2.7-win32.egg
WARN Skipping file for pillow: Pillow-2.6.0-py3.2-win-amd64.egg
WARN Skipping file for pillow: Pillow-2.6.0-py3.2-win32.egg
WARN Skipping file for pillow: Pillow-2.6.0-py3.3-win-amd64.egg
WARN Skipping file for pillow: Pillow-2.6.0-py3.3-win32.egg
WARN Skipping file for pillow: Pillow-2.6.0-py3.4-win-amd64.egg
WARN Skipping file for pillow: Pillow-2.6.0-py3.4-win32.egg
WARN Skipping file for pillow: Pillow-2.6.0.win-amd64-py2.6.exe
WARN Skipping file for pillow: Pillow-2.6.0.win-amd64-py2.7.exe
WARN Skipping file for pillow: Pillow-2.6.0.win-amd64-py3.2.exe
WARN Skipping file for pillow: Pillow-2.6.0.win-amd64-py3.3.exe
WARN Skipping file for pillow: Pillow-2.6.0.win-amd64-py3.4.exe
WARN Skipping file for pillow: Pillow-2.6.0.win32-py2.6.exe
WARN Skipping file for pillow: Pillow-2.6.0.win32-py2.7.exe
WARN Skipping file for pillow: Pillow-2.6.0.win32-py3.2.exe
WARN Skipping file for pillow: Pillow-2.6.0.win32-py3.3.exe
WARN Skipping file for pillow: Pillow-2.6.0.win32-py3.4.exe
WARN Skipping file for pillow: Pillow-2.6.1-py2.6-win-amd64.egg
WARN Skipping file for pillow: Pillow-2.6.1-py2.6-win32.egg
WARN Skipping file for pillow: Pillow-2.6.1-py2.7-win-amd64.egg
WARN Skipping file for pillow: Pillow-2.6.1-py2.7-win32.egg
WARN Skipping file for pillow: Pillow-2.6.1-py3.2-win-amd64.egg
WARN Skipping file for pillow: Pillow-2.6.1-py3.2-win32.egg
WARN Skipping file for pillow: Pillow-2.6.1-py3.3-win-amd64.egg
WARN Skipping file for pillow: Pillow-2.6.1-py3.3-win32.egg
WARN Skipping file for pillow: Pillow-2.6.1-py3.4-win-amd64.egg
WARN Skipping file for pillow: Pillow-2.6.1-py3.4-win32.egg
WARN Skipping file for pillow: Pillow-2.6.1.win-amd64-py2.6.exe
WARN Skipping file for pillow: Pillow-2.6.1.win-amd64-py2.7.exe
WARN Skipping file for pillow: Pillow-2.6.1.win-amd64-py3.2.exe
WARN Skipping file for pillow: Pillow-2.6.1.win-amd64-py3.3.exe
WARN Skipping file for pillow: Pillow-2.6.1.win-amd64-py3.4.exe
WARN Skipping file for pillow: Pillow-2.6.1.win32-py2.6.exe
WARN Skipping file for pillow: Pillow-2.6.1.win32-py2.7.exe
WARN Skipping file for pillow: Pillow-2.6.1.win32-py3.2.exe
WARN Skipping file for pillow: Pillow-2.6.1.win32-py3.3.exe
WARN Skipping file for pillow: Pillow-2.6.1.win32-py3.4.exe
WARN Skipping file for pillow: Pillow-2.6.2-py2.6-win-amd64.egg
WARN Skipping file for pillow: Pillow-2.6.2-py2.6-win32.egg
WARN Skipping file for pillow: Pillow-2.6.2-py2.7-win-amd64.egg
WARN Skipping file for pillow: Pillow-2.6.2-py2.7-win32.egg
WARN Skipping file for pillow: Pillow-2.6.2-py3.2-win-amd64.egg
WARN Skipping file for pillow: Pillow-2.6.2-py3.2-win32.egg
WARN Skipping file for pillow: Pillow-2.6.2-py3.3-win-amd64.egg
WARN Skipping file for pillow: Pillow-2.6.2-py3.3-win32.egg
WARN Skipping file for pillow: Pillow-2.6.2-py3.4-win-amd64.egg
WARN Skipping file for pillow: Pillow-2.6.2-py3.4-win32.egg
WARN Skipping file for pillow: Pillow-2.6.2.win-amd64-py2.6.exe
WARN Skipping file for pillow: Pillow-2.6.2.win-amd64-py2.7.exe
WARN Skipping file for pillow: Pillow-2.6.2.win-amd64-py3.2.exe
WARN Skipping file for pillow: Pillow-2.6.2.win-amd64-py3.3.exe
WARN Skipping file for pillow: Pillow-2.6.2.win-amd64-py3.4.exe
WARN Skipping file for pillow: Pillow-2.6.2.win32-py2.6.exe
WARN Skipping file for pillow: Pillow-2.6.2.win32-py2.7.exe
WARN Skipping file for pillow: Pillow-2.6.2.win32-py3.2.exe
WARN Skipping file for pillow: Pillow-2.6.2.win32-py3.3.exe
WARN Skipping file for pillow: Pillow-2.6.2.win32-py3.4.exe
WARN Skipping file for pillow: Pillow-2.7.0-py2.6-win-amd64.egg
WARN Skipping file for pillow: Pillow-2.7.0-py2.6-win32.egg
WARN Skipping file for pillow: Pillow-2.7.0-py2.7-win-amd64.egg
WARN Skipping file for pillow: Pillow-2.7.0-py2.7-win32.egg
WARN Skipping file for pillow: Pillow-2.7.0-py3.2-win-amd64.egg
WARN Skipping file for pillow: Pillow-2.7.0-py3.2-win32.egg
WARN Skipping file for pillow: Pillow-2.7.0-py3.3-win-amd64.egg
WARN Skipping file for pillow: Pillow-2.7.0-py3.3-win32.egg
WARN Skipping file for pillow: Pillow-2.7.0-py3.4-win-amd64.egg
WARN Skipping file for pillow: Pillow-2.7.0-py3.4-win32.egg
WARN Skipping file for pillow: Pillow-2.7.0.win-amd64-py2.6.exe
WARN Skipping file for pillow: Pillow-2.7.0.win-amd64-py2.7.exe
WARN Skipping file for pillow: Pillow-2.7.0.win-amd64-py3.2.exe
WARN Skipping file for pillow: Pillow-2.7.0.win-amd64-py3.3.exe
WARN Skipping file for pillow: Pillow-2.7.0.win-amd64-py3.4.exe
WARN Skipping file for pillow: Pillow-2.7.0.win32-py2.6.exe
WARN Skipping file for pillow: Pillow-2.7.0.win32-py2.7.exe
WARN Skipping file for pillow: Pillow-2.7.0.win32-py3.2.exe
WARN Skipping file for pillow: Pillow-2.7.0.win32-py3.3.exe
WARN Skipping file for pillow: Pillow-2.7.0.win32-py3.4.exe
WARN Skipping file for pillow: Pillow-2.8.0-py2.6-win-amd64.egg
WARN Skipping file for pillow: Pillow-2.8.0-py2.6-win32.egg
WARN Skipping file for pillow: Pillow-2.8.0-py2.7-win-amd64.egg
WARN Skipping file for pillow: Pillow-2.8.0-py2.7-win32.egg
WARN Skipping file for pillow: Pillow-2.8.0-py3.2-win-amd64.egg
WARN Skipping file for pillow: Pillow-2.8.0-py3.2-win32.egg
WARN Skipping file for pillow: Pillow-2.8.0-py3.3-win-amd64.egg
WARN Skipping file for pillow: Pillow-2.8.0-py3.3-win32.egg
WARN Skipping file for pillow: Pillow-2.8.0-py3.4-win-amd64.egg
WARN Skipping file for pillow: Pillow-2.8.0-py3.4-win32.egg
WARN Skipping file for pillow: Pillow-2.8.0.win-amd64-py2.6.exe
WARN Skipping file for pillow: Pillow-2.8.0.win-amd64-py2.7.exe
WARN Skipping file for pillow: Pillow-2.8.0.win-amd64-py3.2.exe
WARN Skipping file for pillow: Pillow-2.8.0.win-amd64-py3.3.exe
WARN Skipping file for pillow: Pillow-2.8.0.win-amd64-py3.4.exe
WARN Skipping file for pillow: Pillow-2.8.0.win32-py2.6.exe
WARN Skipping file for pillow: Pillow-2.8.0.win32-py2.7.exe
WARN Skipping file for pillow: Pillow-2.8.0.win32-py3.2.exe
WARN Skipping file for pillow: Pillow-2.8.0.win32-py3.3.exe
WARN Skipping file for pillow: Pillow-2.8.0.win32-py3.4.exe
WARN Skipping file for pillow: Pillow-2.8.1-py2.6-win-amd64.egg
WARN Skipping file for pillow: Pillow-2.8.1-py2.6-win32.egg
WARN Skipping file for pillow: Pillow-2.8.1-py2.7-win-amd64.egg
WARN Skipping file for pillow: Pillow-2.8.1-py2.7-win32.egg
WARN Skipping file for pillow: Pillow-2.8.1-py3.2-win-amd64.egg
WARN Skipping file for pillow: Pillow-2.8.1-py3.2-win32.egg
WARN Skipping file for pillow: Pillow-2.8.1-py3.3-win-amd64.egg
WARN Skipping file for pillow: Pillow-2.8.1-py3.3-win32.egg
WARN Skipping file for pillow: Pillow-2.8.1-py3.4-win-amd64.egg
WARN Skipping file for pillow: Pillow-2.8.1-py3.4-win32.egg
WARN Skipping file for pillow: Pillow-2.8.1.win-amd64-py2.6.exe
WARN Skipping file for pillow: Pillow-2.8.1.win-amd64-py2.7.exe
WARN Skipping file for pillow: Pillow-2.8.1.win-amd64-py3.2.exe
WARN Skipping file for pillow: Pillow-2.8.1.win-amd64-py3.3.exe
WARN Skipping file for pillow: Pillow-2.8.1.win-amd64-py3.4.exe
WARN Skipping file for pillow: Pillow-2.8.1.win32-py2.6.exe
WARN Skipping file for pillow: Pillow-2.8.1.win32-py2.7.exe
WARN Skipping file for pillow: Pillow-2.8.1.win32-py3.2.exe
WARN Skipping file for pillow: Pillow-2.8.1.win32-py3.3.exe
WARN Skipping file for pillow: Pillow-2.8.1.win32-py3.4.exe
WARN Skipping file for pillow: Pillow-2.8.2-py2.6-win-amd64.egg
WARN Skipping file for pillow: Pillow-2.8.2-py2.6-win32.egg
WARN Skipping file for pillow: Pillow-2.8.2-py2.7-win-amd64.egg
WARN Skipping file for pillow: Pillow-2.8.2-py2.7-win32.egg
WARN Skipping file for pillow: Pillow-2.8.2-py3.2-win-amd64.egg
WARN Skipping file for pillow: Pillow-2.8.2-py3.2-win32.egg
WARN Skipping file for pillow: Pillow-2.8.2-py3.3-win-amd64.egg
WARN Skipping file for pillow: Pillow-2.8.2-py3.3-win32.egg
WARN Skipping file for pillow: Pillow-2.8.2-py3.4-win-amd64.egg
WARN Skipping file for pillow: Pillow-2.8.2-py3.4-win32.egg
WARN Skipping file for pillow: Pillow-2.8.2.win-amd64-py2.6.exe
WARN Skipping file for pillow: Pillow-2.8.2.win-amd64-py2.7.exe
WARN Skipping file for pillow: Pillow-2.8.2.win-amd64-py3.2.exe
WARN Skipping file for pillow: Pillow-2.8.2.win-amd64-py3.3.exe
WARN Skipping file for pillow: Pillow-2.8.2.win-amd64-py3.4.exe
WARN Skipping file for pillow: Pillow-2.8.2.win32-py2.6.exe
WARN Skipping file for pillow: Pillow-2.8.2.win32-py2.7.exe
WARN Skipping file for pillow: Pillow-2.8.2.win32-py3.2.exe
WARN Skipping file for pillow: Pillow-2.8.2.win32-py3.3.exe
WARN Skipping file for pillow: Pillow-2.8.2.win32-py3.4.exe
WARN Skipping file for pillow: Pillow-2.9.0-py2.6-win-amd64.egg
WARN Skipping file for pillow: Pillow-2.9.0-py2.6-win32.egg
WARN Skipping file for pillow: Pillow-2.9.0-py2.7-win-amd64.egg
WARN Skipping file for pillow: Pillow-2.9.0-py2.7-win32.egg
WARN Skipping file for pillow: Pillow-2.9.0-py3.2-win-amd64.egg
WARN Skipping file for pillow: Pillow-2.9.0-py3.2-win32.egg
WARN Skipping file for pillow: Pillow-2.9.0-py3.3-win-amd64.egg
WARN Skipping file for pillow: Pillow-2.9.0-py3.3-win32.egg
WARN Skipping file for pillow: Pillow-2.9.0-py3.4-win-amd64.egg
WARN Skipping file for pillow: Pillow-2.9.0-py3.4-win32.egg
WARN Skipping file for pillow: Pillow-2.9.0.win-amd64-py2.6.exe
WARN Skipping file for pillow: Pillow-2.9.0.win-amd64-py2.7.exe
WARN Skipping file for pillow: Pillow-2.9.0.win-amd64-py3.2.exe
WARN Skipping file for pillow: Pillow-2.9.0.win-amd64-py3.3.exe
WARN Skipping file for pillow: Pillow-2.9.0.win-amd64-py3.4.exe
WARN Skipping file for pillow: Pillow-2.9.0.win32-py2.6.exe
WARN Skipping file for pillow: Pillow-2.9.0.win32-py2.7.exe
WARN Skipping file for pillow: Pillow-2.9.0.win32-py3.2.exe
WARN Skipping file for pillow: Pillow-2.9.0.win32-py3.3.exe
WARN Skipping file for pillow: Pillow-2.9.0.win32-py3.4.exe
WARN Skipping file for pillow: Pillow-3.0.0-py2.6-win-amd64.egg
WARN Skipping file for pillow: Pillow-3.0.0-py2.6-win32.egg
WARN Skipping file for pillow: Pillow-3.0.0-py2.7-win-amd64.egg
WARN Skipping file for pillow: Pillow-3.0.0-py2.7-win32.egg
WARN Skipping file for pillow: Pillow-3.0.0-py3.2-win-amd64.egg
WARN Skipping file for pillow: Pillow-3.0.0-py3.2-win32.egg
WARN Skipping file for pillow: Pillow-3.0.0-py3.3-win-amd64.egg
WARN Skipping file for pillow: Pillow-3.0.0-py3.3-win32.egg
WARN Skipping file for pillow: Pillow-3.0.0-py3.4-win-amd64.egg
WARN Skipping file for pillow: Pillow-3.0.0-py3.4-win32.egg
WARN Skipping file for pillow: Pillow-3.0.0-py3.5-win-amd64.egg
WARN Skipping file for pillow: Pillow-3.0.0-py3.5-win32.egg
WARN Skipping file for pillow: Pillow-3.0.0.win-amd64-py2.6.exe
WARN Skipping file for pillow: Pillow-3.0.0.win-amd64-py2.7.exe
WARN Skipping file for pillow: Pillow-3.0.0.win-amd64-py3.2.exe
WARN Skipping file for pillow: Pillow-3.0.0.win-amd64-py3.3.exe
WARN Skipping file for pillow: Pillow-3.0.0.win-amd64-py3.4.exe
WARN Skipping file for pillow: Pillow-3.0.0.win-amd64-py3.5.exe
WARN Skipping file for pillow: Pillow-3.0.0.win32-py2.6.exe
WARN Skipping file for pillow: Pillow-3.0.0.win32-py2.7.exe
WARN Skipping file for pillow: Pillow-3.0.0.win32-py3.2.exe
WARN Skipping file for pillow: Pillow-3.0.0.win32-py3.3.exe
WARN Skipping file for pillow: Pillow-3.0.0.win32-py3.4.exe
WARN Skipping file for pillow: Pillow-3.0.0.win32-py3.5.exe
WARN Skipping file for pillow: Pillow-3.1.0-py2.6-win-amd64.egg
WARN Skipping file for pillow: Pillow-3.1.0-py2.6-win32.egg
WARN Skipping file for pillow: Pillow-3.1.0-py2.7-win-amd64.egg
WARN Skipping file for pillow: Pillow-3.1.0-py2.7-win32.egg
WARN Skipping file for pillow: Pillow-3.1.0-py3.2-win-amd64.egg
WARN Skipping file for pillow: Pillow-3.1.0-py3.2-win32.egg
WARN Skipping file for pillow: Pillow-3.1.0-py3.3-win-amd64.egg
WARN Skipping file for pillow: Pillow-3.1.0-py3.3-win32.egg
WARN Skipping file for pillow: Pillow-3.1.0-py3.4-win-amd64.egg
WARN Skipping file for pillow: Pillow-3.1.0-py3.4-win32.egg
WARN Skipping file for pillow: Pillow-3.1.0-py3.5-win-amd64.egg
WARN Skipping file for pillow: Pillow-3.1.0-py3.5-win32.egg
WARN Skipping file for pillow: Pillow-3.1.0.win-amd64-py2.6.exe
WARN Skipping file for pillow: Pillow-3.1.0.win-amd64-py2.7.exe
WARN Skipping file for pillow: Pillow-3.1.0.win-amd64-py3.2.exe
WARN Skipping file for pillow: Pillow-3.1.0.win-amd64-py3.3.exe
WARN Skipping file for pillow: Pillow-3.1.0.win-amd64-py3.4.exe
WARN Skipping file for pillow: Pillow-3.1.0.win-amd64-py3.5.exe
WARN Skipping file for pillow: Pillow-3.1.0.win32-py2.6.exe
WARN Skipping file for pillow: Pillow-3.1.0.win32-py2.7.exe
WARN Skipping file for pillow: Pillow-3.1.0.win32-py3.2.exe
WARN Skipping file for pillow: Pillow-3.1.0.win32-py3.3.exe
WARN Skipping file for pillow: Pillow-3.1.0.win32-py3.4.exe
WARN Skipping file for pillow: Pillow-3.1.0.win32-py3.5.exe
WARN Skipping file for pillow: Pillow-3.1.1-py2.6-win-amd64.egg
WARN Skipping file for pillow: Pillow-3.1.1-py2.6-win32.egg
WARN Skipping file for pillow: Pillow-3.1.1-py2.7-win-amd64.egg
WARN Skipping file for pillow: Pillow-3.1.1-py2.7-win32.egg
WARN Skipping file for pillow: Pillow-3.1.1-py3.2-win-amd64.egg
WARN Skipping file for pillow: Pillow-3.1.1-py3.2-win32.egg
WARN Skipping file for pillow: Pillow-3.1.1-py3.3-win-amd64.egg
WARN Skipping file for pillow: Pillow-3.1.1-py3.3-win32.egg
WARN Skipping file for pillow: Pillow-3.1.1-py3.4-win-amd64.egg
WARN Skipping file for pillow: Pillow-3.1.1-py3.4-win32.egg
WARN Skipping file for pillow: Pillow-3.1.1-py3.5-win-amd64.egg
WARN Skipping file for pillow: Pillow-3.1.1-py3.5-win32.egg
WARN Skipping file for pillow: Pillow-3.1.1.win-amd64-py2.6.exe
WARN Skipping file for pillow: Pillow-3.1.1.win-amd64-py2.7.exe
WARN Skipping file for pillow: Pillow-3.1.1.win-amd64-py3.2.exe
WARN Skipping file for pillow: Pillow-3.1.1.win-amd64-py3.3.exe
WARN Skipping file for pillow: Pillow-3.1.1.win-amd64-py3.4.exe
WARN Skipping file for pillow: Pillow-3.1.1.win-amd64-py3.5.exe
WARN Skipping file for pillow: Pillow-3.1.1.win32-py2.6.exe
WARN Skipping file for pillow: Pillow-3.1.1.win32-py2.7.exe
WARN Skipping file for pillow: Pillow-3.1.1.win32-py3.2.exe
WARN Skipping file for pillow: Pillow-3.1.1.win32-py3.3.exe
WARN Skipping file for pillow: Pillow-3.1.1.win32-py3.4.exe
WARN Skipping file for pillow: Pillow-3.1.1.win32-py3.5.exe
WARN Skipping file for pillow: Pillow-3.2.0-py2.6-win-amd64.egg
WARN Skipping file for pillow: Pillow-3.2.0-py2.6-win32.egg
WARN Skipping file for pillow: Pillow-3.2.0-py2.7-win-amd64.egg
WARN Skipping file for pillow: Pillow-3.2.0-py2.7-win32.egg
WARN Skipping file for pillow: Pillow-3.2.0-py3.2-win-amd64.egg
WARN Skipping file for pillow: Pillow-3.2.0-py3.2-win32.egg
WARN Skipping file for pillow: Pillow-3.2.0-py3.3-win-amd64.egg
WARN Skipping file for pillow: Pillow-3.2.0-py3.3-win32.egg
WARN Skipping file for pillow: Pillow-3.2.0-py3.4-win-amd64.egg
WARN Skipping file for pillow: Pillow-3.2.0-py3.4-win32.egg
WARN Skipping file for pillow: Pillow-3.2.0-py3.5-win-amd64.egg
WARN Skipping file for pillow: Pillow-3.2.0-py3.5-win32.egg
WARN Skipping file for pillow: Pillow-3.2.0.win-amd64-py2.6.exe
WARN Skipping file for pillow: Pillow-3.2.0.win-amd64-py2.7.exe
WARN Skipping file for pillow: Pillow-3.2.0.win-amd64-py3.2.exe
WARN Skipping file for pillow: Pillow-3.2.0.win-amd64-py3.3.exe
WARN Skipping file for pillow: Pillow-3.2.0.win-amd64-py3.4.exe
WARN Skipping file for pillow: Pillow-3.2.0.win-amd64-py3.5.exe
WARN Skipping file for pillow: Pillow-3.2.0.win32-py2.6.exe
WARN Skipping file for pillow: Pillow-3.2.0.win32-py2.7.exe
WARN Skipping file for pillow: Pillow-3.2.0.win32-py3.2.exe
WARN Skipping file for pillow: Pillow-3.2.0.win32-py3.3.exe
WARN Skipping file for pillow: Pillow-3.2.0.win32-py3.4.exe
WARN Skipping file for pillow: Pillow-3.2.0.win32-py3.5.exe
WARN Skipping file for pillow: Pillow-3.3.0-py2.6-win-amd64.egg
WARN Skipping file for pillow: Pillow-3.3.0-py2.6-win32.egg
WARN Skipping file for pillow: Pillow-3.3.0-py2.7-win-amd64.egg
WARN Skipping file for pillow: Pillow-3.3.0-py2.7-win32.egg
WARN Skipping file for pillow: Pillow-3.3.0-py3.2-win-amd64.egg
WARN Skipping file for pillow: Pillow-3.3.0-py3.2-win32.egg
WARN Skipping file for pillow: Pillow-3.3.0-py3.3-win-amd64.egg
WARN Skipping file for pillow: Pillow-3.3.0-py3.3-win32.egg
WARN Skipping file for pillow: Pillow-3.3.0-py3.4-win-amd64.egg
WARN Skipping file for pillow: Pillow-3.3.0-py3.4-win32.egg
WARN Skipping file for pillow: Pillow-3.3.0-py3.5-win-amd64.egg
WARN Skipping file for pillow: Pillow-3.3.0-py3.5-win32.egg
WARN Skipping file for pillow: Pillow-3.3.0.win-amd64-py2.6.exe
WARN Skipping file for pillow: Pillow-3.3.0.win-amd64-py2.7.exe
WARN Skipping file for pillow: Pillow-3.3.0.win-amd64-py3.2.exe
WARN Skipping file for pillow: Pillow-3.3.0.win-amd64-py3.3.exe
WARN Skipping file for pillow: Pillow-3.3.0.win-amd64-py3.4.exe
WARN Skipping file for pillow: Pillow-3.3.0.win-amd64-py3.5.exe
WARN Skipping file for pillow: Pillow-3.3.0.win32-py2.6.exe
WARN Skipping file for pillow: Pillow-3.3.0.win32-py2.7.exe
WARN Skipping file for pillow: Pillow-3.3.0.win32-py3.2.exe
WARN Skipping file for pillow: Pillow-3.3.0.win32-py3.3.exe
WARN Skipping file for pillow: Pillow-3.3.0.win32-py3.4.exe
WARN Skipping file for pillow: Pillow-3.3.0.win32-py3.5.exe
WARN Skipping file for pillow: Pillow-3.3.1-py2.6-win-amd64.egg
WARN Skipping file for pillow: Pillow-3.3.1-py2.6-win32.egg
WARN Skipping file for pillow: Pillow-3.3.1-py2.7-win-amd64.egg
WARN Skipping file for pillow: Pillow-3.3.1-py2.7-win32.egg
WARN Skipping file for pillow: Pillow-3.3.1-py3.3-win-amd64.egg
WARN Skipping file for pillow: Pillow-3.3.1-py3.3-win32.egg
WARN Skipping file for pillow: Pillow-3.3.1-py3.4-win-amd64.egg
WARN Skipping file for pillow: Pillow-3.3.1-py3.4-win32.egg
WARN Skipping file for pillow: Pillow-3.3.1-py3.5-win-amd64.egg
WARN Skipping file for pillow: Pillow-3.3.1-py3.5-win32.egg
WARN Skipping file for pillow: Pillow-3.3.1.win-amd64-py2.6.exe
WARN Skipping file for pillow: Pillow-3.3.1.win-amd64-py2.7.exe
WARN Skipping file for pillow: Pillow-3.3.1.win-amd64-py3.3.exe
WARN Skipping file for pillow: Pillow-3.3.1.win-amd64-py3.4.exe
WARN Skipping file for pillow: Pillow-3.3.1.win-amd64-py3.5.exe
WARN Skipping file for pillow: Pillow-3.3.1.win32-py2.6.exe
WARN Skipping file for pillow: Pillow-3.3.1.win32-py2.7.exe
WARN Skipping file for pillow: Pillow-3.3.1.win32-py3.3.exe
WARN Skipping file for pillow: Pillow-3.3.1.win32-py3.4.exe
WARN Skipping file for pillow: Pillow-3.3.1.win32-py3.5.exe
WARN Skipping file for pillow: Pillow-3.4.0-py2.6-win-amd64.egg
WARN Skipping file for pillow: Pillow-3.4.0-py2.6-win32.egg
WARN Skipping file for pillow: Pillow-3.4.0-py2.7-win-amd64.egg
WARN Skipping file for pillow: Pillow-3.4.0-py2.7-win32.egg
WARN Skipping file for pillow: Pillow-3.4.0-py3.2-win-amd64.egg
WARN Skipping file for pillow: Pillow-3.4.0-py3.2-win32.egg
WARN Skipping file for pillow: Pillow-3.4.0-py3.3-win-amd64.egg
WARN Skipping file for pillow: Pillow-3.4.0-py3.3-win32.egg
WARN Skipping file for pillow: Pillow-3.4.0-py3.4-win-amd64.egg
WARN Skipping file for pillow: Pillow-3.4.0-py3.4-win32.egg
WARN Skipping file for pillow: Pillow-3.4.0-py3.5-win-amd64.egg
WARN Skipping file for pillow: Pillow-3.4.0-py3.5-win32.egg
WARN Skipping file for pillow: Pillow-3.4.0.win-amd64-py2.6.exe
WARN Skipping file for pillow: Pillow-3.4.0.win-amd64-py2.7.exe
WARN Skipping file for pillow: Pillow-3.4.0.win-amd64-py3.2.exe
WARN Skipping file for pillow: Pillow-3.4.0.win-amd64-py3.3.exe
WARN Skipping file for pillow: Pillow-3.4.0.win-amd64-py3.4.exe
WARN Skipping file for pillow: Pillow-3.4.0.win-amd64-py3.5.exe
WARN Skipping file for pillow: Pillow-3.4.0.win32-py2.6.exe
WARN Skipping file for pillow: Pillow-3.4.0.win32-py2.7.exe
WARN Skipping file for pillow: Pillow-3.4.0.win32-py3.2.exe
WARN Skipping file for pillow: Pillow-3.4.0.win32-py3.3.exe
WARN Skipping file for pillow: Pillow-3.4.0.win32-py3.4.exe
WARN Skipping file for pillow: Pillow-3.4.0.win32-py3.5.exe
WARN Skipping file for pillow: Pillow-3.4.1-py2.6-win-amd64.egg
WARN Skipping file for pillow: Pillow-3.4.1-py2.6-win32.egg
WARN Skipping file for pillow: Pillow-3.4.1-py2.7-win-amd64.egg
WARN Skipping file for pillow: Pillow-3.4.1-py2.7-win32.egg
WARN Skipping file for pillow: Pillow-3.4.1-py3.3-win-amd64.egg
WARN Skipping file for pillow: Pillow-3.4.1-py3.3-win32.egg
WARN Skipping file for pillow: Pillow-3.4.1-py3.4-win-amd64.egg
WARN Skipping file for pillow: Pillow-3.4.1-py3.4-win32.egg
WARN Skipping file for pillow: Pillow-3.4.1-py3.5-win-amd64.egg
WARN Skipping file for pillow: Pillow-3.4.1-py3.5-win32.egg
WARN Skipping file for pillow: Pillow-3.4.1.win-amd64-py2.6.exe
WARN Skipping file for pillow: Pillow-3.4.1.win-amd64-py2.7.exe
WARN Skipping file for pillow: Pillow-3.4.1.win-amd64-py3.3.exe
WARN Skipping file for pillow: Pillow-3.4.1.win-amd64-py3.4.exe
WARN Skipping file for pillow: Pillow-3.4.1.win-amd64-py3.5.exe
WARN Skipping file for pillow: Pillow-3.4.1.win32-py2.6.exe
WARN Skipping file for pillow: Pillow-3.4.1.win32-py2.7.exe
WARN Skipping file for pillow: Pillow-3.4.1.win32-py3.3.exe
WARN Skipping file for pillow: Pillow-3.4.1.win32-py3.4.exe
WARN Skipping file for pillow: Pillow-3.4.1.win32-py3.5.exe
WARN Skipping file for pillow: Pillow-3.4.2-py2.6-win-amd64.egg
WARN Skipping file for pillow: Pillow-3.4.2-py2.6-win32.egg
WARN Skipping file for pillow: Pillow-3.4.2-py2.7-win-amd64.egg
WARN Skipping file for pillow: Pillow-3.4.2-py2.7-win32.egg
WARN Skipping file for pillow: Pillow-3.4.2-py3.3-win-amd64.egg
WARN Skipping file for pillow: Pillow-3.4.2-py3.3-win32.egg
WARN Skipping file for pillow: Pillow-3.4.2-py3.4-win-amd64.egg
WARN Skipping file for pillow: Pillow-3.4.2-py3.4-win32.egg
WARN Skipping file for pillow: Pillow-3.4.2-py3.5-win-amd64.egg
WARN Skipping file for pillow: Pillow-3.4.2-py3.5-win32.egg
WARN Skipping file for pillow: Pillow-3.4.2.win-amd64-py2.6.exe
WARN Skipping file for pillow: Pillow-3.4.2.win-amd64-py2.7.exe
WARN Skipping file for pillow: Pillow-3.4.2.win-amd64-py3.3.exe
WARN Skipping file for pillow: Pillow-3.4.2.win-amd64-py3.4.exe
WARN Skipping file for pillow: Pillow-3.4.2.win-amd64-py3.5.exe
WARN Skipping file for pillow: Pillow-3.4.2.win32-py2.6.exe
WARN Skipping file for pillow: Pillow-3.4.2.win32-py2.7.exe
WARN Skipping file for pillow: Pillow-3.4.2.win32-py3.3.exe
WARN Skipping file for pillow: Pillow-3.4.2.win32-py3.4.exe
WARN Skipping file for pillow: Pillow-3.4.2.win32-py3.5.exe
WARN Skipping file for pillow: Pillow-4.0.0-py2.7-win-amd64.egg
WARN Skipping file for pillow: Pillow-4.0.0-py2.7-win32.egg
WARN Skipping file for pillow: Pillow-4.0.0-py3.3-win-amd64.egg
WARN Skipping file for pillow: Pillow-4.0.0-py3.3-win32.egg
WARN Skipping file for pillow: Pillow-4.0.0-py3.4-win-amd64.egg
WARN Skipping file for pillow: Pillow-4.0.0-py3.4-win32.egg
WARN Skipping file for pillow: Pillow-4.0.0-py3.5-win-amd64.egg
WARN Skipping file for pillow: Pillow-4.0.0-py3.5-win32.egg
WARN Skipping file for pillow: Pillow-4.0.0-py3.6-win-amd64.egg
WARN Skipping file for pillow: Pillow-4.0.0-py3.6-win32.egg
WARN Skipping file for pillow: Pillow-4.0.0.win-amd64-py2.7.exe
WARN Skipping file for pillow: Pillow-4.0.0.win-amd64-py3.3.exe
WARN Skipping file for pillow: Pillow-4.0.0.win-amd64-py3.4.exe
WARN Skipping file for pillow: Pillow-4.0.0.win-amd64-py3.5.exe
WARN Skipping file for pillow: Pillow-4.0.0.win-amd64-py3.6.exe
WARN Skipping file for pillow: Pillow-4.0.0.win32-py2.7.exe
WARN Skipping file for pillow: Pillow-4.0.0.win32-py3.3.exe
WARN Skipping file for pillow: Pillow-4.0.0.win32-py3.4.exe
WARN Skipping file for pillow: Pillow-4.0.0.win32-py3.5.exe
WARN Skipping file for pillow: Pillow-4.0.0.win32-py3.6.exe
WARN Skipping file for pillow: Pillow-4.1.0-py2.7-win-amd64.egg
WARN Skipping file for pillow: Pillow-4.1.0-py2.7-win32.egg
WARN Skipping file for pillow: Pillow-4.1.0-py3.3-win-amd64.egg
WARN Skipping file for pillow: Pillow-4.1.0-py3.3-win32.egg
WARN Skipping file for pillow: Pillow-4.1.0-py3.4-win-amd64.egg
WARN Skipping file for pillow: Pillow-4.1.0-py3.4-win32.egg
WARN Skipping file for pillow: Pillow-4.1.0-py3.5-win-amd64.egg
WARN Skipping file for pillow: Pillow-4.1.0-py3.5-win32.egg
WARN Skipping file for pillow: Pillow-4.1.0-py3.6-win-amd64.egg
WARN Skipping file for pillow: Pillow-4.1.0-py3.6-win32.egg
WARN Skipping file for pillow: Pillow-4.1.0.win-amd64-py2.7.exe
WARN Skipping file for pillow: Pillow-4.1.0.win-amd64-py3.3.exe
WARN Skipping file for pillow: Pillow-4.1.0.win-amd64-py3.4.exe
WARN Skipping file for pillow: Pillow-4.1.0.win-amd64-py3.5.exe
WARN Skipping file for pillow: Pillow-4.1.0.win-amd64-py3.6.exe
WARN Skipping file for pillow: Pillow-4.1.0.win32-py2.7.exe
WARN Skipping file for pillow: Pillow-4.1.0.win32-py3.3.exe
WARN Skipping file for pillow: Pillow-4.1.0.win32-py3.4.exe
WARN Skipping file for pillow: Pillow-4.1.0.win32-py3.5.exe
WARN Skipping file for pillow: Pillow-4.1.0.win32-py3.6.exe
WARN Skipping file for pillow: Pillow-4.1.1-py2.7-win-amd64.egg
WARN Skipping file for pillow: Pillow-4.1.1-py2.7-win32.egg
WARN Skipping file for pillow: Pillow-4.1.1-py3.3-win-amd64.egg
WARN Skipping file for pillow: Pillow-4.1.1-py3.3-win32.egg
WARN Skipping file for pillow: Pillow-4.1.1-py3.4-win-amd64.egg
WARN Skipping file for pillow: Pillow-4.1.1-py3.4-win32.egg
WARN Skipping file for pillow: Pillow-4.1.1-py3.5-win-amd64.egg
WARN Skipping file for pillow: Pillow-4.1.1-py3.5-win32.egg
WARN Skipping file for pillow: Pillow-4.1.1-py3.6-win-amd64.egg
WARN Skipping file for pillow: Pillow-4.1.1-py3.6-win32.egg
WARN Skipping file for pillow: Pillow-4.1.1.win-amd64-py2.7.exe
WARN Skipping file for pillow: Pillow-4.1.1.win-amd64-py3.3.exe
WARN Skipping file for pillow: Pillow-4.1.1.win-amd64-py3.4.exe
WARN Skipping file for pillow: Pillow-4.1.1.win-amd64-py3.5.exe
WARN Skipping file for pillow: Pillow-4.1.1.win-amd64-py3.6.exe
WARN Skipping file for pillow: Pillow-4.1.1.win32-py2.7.exe
WARN Skipping file for pillow: Pillow-4.1.1.win32-py3.3.exe
WARN Skipping file for pillow: Pillow-4.1.1.win32-py3.4.exe
WARN Skipping file for pillow: Pillow-4.1.1.win32-py3.5.exe
WARN Skipping file for pillow: Pillow-4.1.1.win32-py3.6.exe
WARN Skipping file for pillow: Pillow-4.2.0-py2.7-win-amd64.egg
WARN Skipping file for pillow: Pillow-4.2.0-py2.7-win32.egg
WARN Skipping file for pillow: Pillow-4.2.0-py3.3-win-amd64.egg
WARN Skipping file for pillow: Pillow-4.2.0-py3.3-win32.egg
WARN Skipping file for pillow: Pillow-4.2.0-py3.4-win-amd64.egg
WARN Skipping file for pillow: Pillow-4.2.0-py3.4-win32.egg
WARN Skipping file for pillow: Pillow-4.2.0-py3.5-win-amd64.egg
WARN Skipping file for pillow: Pillow-4.2.0-py3.5-win32.egg
WARN Skipping file for pillow: Pillow-4.2.0-py3.6-win-amd64.egg
WARN Skipping file for pillow: Pillow-4.2.0-py3.6-win32.egg
WARN Skipping file for pillow: Pillow-4.2.0.win-amd64-py2.7.exe
WARN Skipping file for pillow: Pillow-4.2.0.win-amd64-py3.3.exe
WARN Skipping file for pillow: Pillow-4.2.0.win-amd64-py3.4.exe
WARN Skipping file for pillow: Pillow-4.2.0.win-amd64-py3.5.exe
WARN Skipping file for pillow: Pillow-4.2.0.win-amd64-py3.6.exe
WARN Skipping file for pillow: Pillow-4.2.0.win32-py2.7.exe
WARN Skipping file for pillow: Pillow-4.2.0.win32-py3.3.exe
WARN Skipping file for pillow: Pillow-4.2.0.win32-py3.4.exe
WARN Skipping file for pillow: Pillow-4.2.0.win32-py3.5.exe
WARN Skipping file for pillow: Pillow-4.2.0.win32-py3.6.exe
WARN Skipping file for pillow: Pillow-4.2.1-py2.7-win-amd64.egg
WARN Skipping file for pillow: Pillow-4.2.1-py2.7-win32.egg
WARN Skipping file for pillow: Pillow-4.2.1-py3.3-win-amd64.egg
WARN Skipping file for pillow: Pillow-4.2.1-py3.3-win32.egg
WARN Skipping file for pillow: Pillow-4.2.1-py3.4-win-amd64.egg
WARN Skipping file for pillow: Pillow-4.2.1-py3.4-win32.egg
WARN Skipping file for pillow: Pillow-4.2.1-py3.5-win-amd64.egg
WARN Skipping file for pillow: Pillow-4.2.1-py3.5-win32.egg
WARN Skipping file for pillow: Pillow-4.2.1-py3.6-win-amd64.egg
WARN Skipping file for pillow: Pillow-4.2.1-py3.6-win32.egg
WARN Skipping file for pillow: Pillow-4.2.1.win-amd64-py2.7.exe
WARN Skipping file for pillow: Pillow-4.2.1.win-amd64-py3.3.exe
WARN Skipping file for pillow: Pillow-4.2.1.win-amd64-py3.4.exe
WARN Skipping file for pillow: Pillow-4.2.1.win-amd64-py3.5.exe
WARN Skipping file for pillow: Pillow-4.2.1.win-amd64-py3.6.exe
WARN Skipping file for pillow: Pillow-4.2.1.win32-py2.7.exe
WARN Skipping file for pillow: Pillow-4.2.1.win32-py3.3.exe
WARN Skipping file for pillow: Pillow-4.2.1.win32-py3.4.exe
WARN Skipping file for pillow: Pillow-4.2.1.win32-py3.5.exe
WARN Skipping file for pillow: Pillow-4.2.1.win32-py3.6.exe
WARN Skipping file for pillow: Pillow-4.3.0-py2.7-win-amd64.egg
WARN Skipping file for pillow: Pillow-4.3.0-py2.7-win32.egg
WARN Skipping file for pillow: Pillow-4.3.0-py3.3-win-amd64.egg
WARN Skipping file for pillow: Pillow-4.3.0-py3.3-win32.egg
WARN Skipping file for pillow: Pillow-4.3.0-py3.4-win-amd64.egg
WARN Skipping file for pillow: Pillow-4.3.0-py3.4-win32.egg
WARN Skipping file for pillow: Pillow-4.3.0-py3.5-win-amd64.egg
WARN Skipping file for pillow: Pillow-4.3.0-py3.5-win32.egg
WARN Skipping file for pillow: Pillow-4.3.0-py3.6-win-amd64.egg
WARN Skipping file for pillow: Pillow-4.3.0-py3.6-win32.egg
WARN Skipping file for pillow: Pillow-4.3.0.win-amd64-py2.7.exe
WARN Skipping file for pillow: Pillow-4.3.0.win-amd64-py3.3.exe
WARN Skipping file for pillow: Pillow-4.3.0.win-amd64-py3.4.exe
WARN Skipping file for pillow: Pillow-4.3.0.win-amd64-py3.5.exe
WARN Skipping file for pillow: Pillow-4.3.0.win-amd64-py3.6.exe
WARN Skipping file for pillow: Pillow-4.3.0.win32-py2.7.exe
WARN Skipping file for pillow: Pillow-4.3.0.win32-py3.3.exe
WARN Skipping file for pillow: Pillow-4.3.0.win32-py3.4.exe
WARN Skipping file for pillow: Pillow-4.3.0.win32-py3.5.exe
WARN Skipping file for pillow: Pillow-4.3.0.win32-py3.6.exe
WARN Skipping file for pillow: Pillow-5.0.0-py2.7-win-amd64.egg
WARN Skipping file for pillow: Pillow-5.0.0-py2.7-win32.egg
WARN Skipping file for pillow: Pillow-5.0.0-py3.4-win-amd64.egg
WARN Skipping file for pillow: Pillow-5.0.0-py3.4-win32.egg
WARN Skipping file for pillow: Pillow-5.0.0-py3.5-win-amd64.egg
WARN Skipping file for pillow: Pillow-5.0.0-py3.5-win32.egg
WARN Skipping file for pillow: Pillow-5.0.0-py3.6-win-amd64.egg
WARN Skipping file for pillow: Pillow-5.0.0-py3.6-win32.egg
WARN Skipping file for pillow: Pillow-5.0.0.win-amd64-py2.7.exe
WARN Skipping file for pillow: Pillow-5.0.0.win-amd64-py3.4.exe
WARN Skipping file for pillow: Pillow-5.0.0.win-amd64-py3.5.exe
WARN Skipping file for pillow: Pillow-5.0.0.win-amd64-py3.6.exe
WARN Skipping file for pillow: Pillow-5.0.0.win32-py2.7.exe
WARN Skipping file for pillow: Pillow-5.0.0.win32-py3.4.exe
WARN Skipping file for pillow: Pillow-5.0.0.win32-py3.5.exe
WARN Skipping file for pillow: Pillow-5.0.0.win32-py3.6.exe
WARN Skipping file for pillow: Pillow-5.1.0-py2.7-win-amd64.egg
WARN Skipping file for pillow: Pillow-5.1.0-py2.7-win32.egg
WARN Skipping file for pillow: Pillow-5.1.0-py3.4-win-amd64.egg
WARN Skipping file for pillow: Pillow-5.1.0-py3.4-win32.egg
WARN Skipping file for pillow: Pillow-5.1.0-py3.5-win-amd64.egg
WARN Skipping file for pillow: Pillow-5.1.0-py3.5-win32.egg
WARN Skipping file for pillow: Pillow-5.1.0-py3.6-win-amd64.egg
WARN Skipping file for pillow: Pillow-5.1.0-py3.6-win32.egg
WARN Skipping file for pillow: Pillow-5.1.0.win-amd64-py2.7.exe
WARN Skipping file for pillow: Pillow-5.1.0.win-amd64-py3.4.exe
WARN Skipping file for pillow: Pillow-5.1.0.win-amd64-py3.5.exe
WARN Skipping file for pillow: Pillow-5.1.0.win-amd64-py3.6.exe
WARN Skipping file for pillow: Pillow-5.1.0.win32-py2.7.exe
WARN Skipping file for pillow: Pillow-5.1.0.win32-py3.4.exe
WARN Skipping file for pillow: Pillow-5.1.0.win32-py3.5.exe
WARN Skipping file for pillow: Pillow-5.1.0.win32-py3.6.exe
WARN Skipping file for pillow: Pillow-5.2.0-py2.7-win-amd64.egg
WARN Skipping file for pillow: Pillow-5.2.0-py2.7-win32.egg
WARN Skipping file for pillow: Pillow-5.2.0-py3.4-win-amd64.egg
WARN Skipping file for pillow: Pillow-5.2.0-py3.4-win32.egg
WARN Skipping file for pillow: Pillow-5.2.0-py3.5-win-amd64.egg
WARN Skipping file for pillow: Pillow-5.2.0-py3.5-win32.egg
WARN Skipping file for pillow: Pillow-5.2.0-py3.6-win-amd64.egg
WARN Skipping file for pillow: Pillow-5.2.0-py3.6-win32.egg
WARN Skipping file for pillow: Pillow-5.2.0-py3.7-win-amd64.egg
WARN Skipping file for pillow: Pillow-5.2.0-py3.7-win32.egg
WARN Skipping file for pillow: Pillow-5.2.0.win-amd64-py2.7.exe
WARN Skipping file for pillow: Pillow-5.2.0.win-amd64-py3.4.exe
WARN Skipping file for pillow: Pillow-5.2.0.win-amd64-py3.5.exe
WARN Skipping file for pillow: Pillow-5.2.0.win-amd64-py3.6.exe
WARN Skipping file for pillow: Pillow-5.2.0.win-amd64-py3.7.exe
WARN Skipping file for pillow: Pillow-5.2.0.win32-py2.7.exe
WARN Skipping file for pillow: Pillow-5.2.0.win32-py3.4.exe
WARN Skipping file for pillow: Pillow-5.2.0.win32-py3.5.exe
WARN Skipping file for pillow: Pillow-5.2.0.win32-py3.6.exe
WARN Skipping file for pillow: Pillow-5.2.0.win32-py3.7.exe
WARN Skipping file for pillow: Pillow-5.3.0-py2.7-win-amd64.egg
WARN Skipping file for pillow: Pillow-5.3.0-py2.7-win32.egg
WARN Skipping file for pillow: Pillow-5.3.0-py3.4-win-amd64.egg
WARN Skipping file for pillow: Pillow-5.3.0-py3.4-win32.egg
WARN Skipping file for pillow: Pillow-5.3.0-py3.5-win-amd64.egg
WARN Skipping file for pillow: Pillow-5.3.0-py3.5-win32.egg
WARN Skipping file for pillow: Pillow-5.3.0-py3.6-win-amd64.egg
WARN Skipping file for pillow: Pillow-5.3.0-py3.6-win32.egg
WARN Skipping file for pillow: Pillow-5.3.0-py3.7-win-amd64.egg
WARN Skipping file for pillow: Pillow-5.3.0-py3.7-win32.egg
WARN Skipping file for pillow: Pillow-5.3.0.win-amd64-py2.7.exe
WARN Skipping file for pillow: Pillow-5.3.0.win-amd64-py3.4.exe
WARN Skipping file for pillow: Pillow-5.3.0.win-amd64-py3.5.exe
WARN Skipping file for pillow: Pillow-5.3.0.win-amd64-py3.6.exe
WARN Skipping file for pillow: Pillow-5.3.0.win-amd64-py3.7.exe
WARN Skipping file for pillow: Pillow-5.3.0.win32-py2.7.exe
WARN Skipping file for pillow: Pillow-5.3.0.win32-py3.4.exe
WARN Skipping file for pillow: Pillow-5.3.0.win32-py3.5.exe
WARN Skipping file for pillow: Pillow-5.3.0.win32-py3.6.exe
WARN Skipping file for pillow: Pillow-5.3.0.win32-py3.7.exe
WARN Skipping file for pillow: Pillow-5.4.0-py2.7-macosx-10.13-x86_64.egg
WARN Skipping file for pillow: Pillow-5.4.0-py2.7-win-amd64.egg
WARN Skipping file for pillow: Pillow-5.4.0-py2.7-win32.egg
WARN Skipping file for pillow: Pillow-5.4.0-py3.4-win-amd64.egg
WARN Skipping file for pillow: Pillow-5.4.0-py3.4-win32.egg
WARN Skipping file for pillow: Pillow-5.4.0-py3.5-win-amd64.egg
WARN Skipping file for pillow: Pillow-5.4.0-py3.5-win32.egg
WARN Skipping file for pillow: Pillow-5.4.0-py3.6-win-amd64.egg
WARN Skipping file for pillow: Pillow-5.4.0-py3.6-win32.egg
WARN Skipping file for pillow: Pillow-5.4.0-py3.7-win-amd64.egg
WARN Skipping file for pillow: Pillow-5.4.0-py3.7-win32.egg
WARN Skipping file for pillow: Pillow-5.4.0.dev0-py3.7-macosx-10.13-x86_64.egg
WARN Skipping file for pillow: Pillow-5.4.0.win-amd64-py2.7.exe
WARN Skipping file for pillow: Pillow-5.4.0.win-amd64-py3.4.exe
WARN Skipping file for pillow: Pillow-5.4.0.win-amd64-py3.5.exe
WARN Skipping file for pillow: Pillow-5.4.0.win-amd64-py3.6.exe
WARN Skipping file for pillow: Pillow-5.4.0.win-amd64-py3.7.exe
WARN Skipping file for pillow: Pillow-5.4.0.win32-py2.7.exe
WARN Skipping file for pillow: Pillow-5.4.0.win32-py3.4.exe
WARN Skipping file for pillow: Pillow-5.4.0.win32-py3.5.exe
WARN Skipping file for pillow: Pillow-5.4.0.win32-py3.6.exe
WARN Skipping file for pillow: Pillow-5.4.0.win32-py3.7.exe
WARN Skipping file for pillow: Pillow-5.4.1-py2.7-macosx-10.13-x86_64.egg
WARN Skipping file for pillow: Pillow-5.4.1-py2.7-win-amd64.egg
WARN Skipping file for pillow: Pillow-5.4.1-py2.7-win32.egg
WARN Skipping file for pillow: Pillow-5.4.1-py3.4-win-amd64.egg
WARN Skipping file for pillow: Pillow-5.4.1-py3.4-win32.egg
WARN Skipping file for pillow: Pillow-5.4.1-py3.5-win-amd64.egg
WARN Skipping file for pillow: Pillow-5.4.1-py3.5-win32.egg
WARN Skipping file for pillow: Pillow-5.4.1-py3.6-win-amd64.egg
WARN Skipping file for pillow: Pillow-5.4.1-py3.6-win32.egg
WARN Skipping file for pillow: Pillow-5.4.1-py3.7-win-amd64.egg
WARN Skipping file for pillow: Pillow-5.4.1-py3.7-win32.egg
WARN Skipping file for pillow: Pillow-5.4.1.win-amd64-py2.7.exe
WARN Skipping file for pillow: Pillow-5.4.1.win-amd64-py3.4.exe
WARN Skipping file for pillow: Pillow-5.4.1.win-amd64-py3.5.exe
WARN Skipping file for pillow: Pillow-5.4.1.win-amd64-py3.6.exe
WARN Skipping file for pillow: Pillow-5.4.1.win-amd64-py3.7.exe
WARN Skipping file for pillow: Pillow-5.4.1.win32-py2.7.exe
WARN Skipping file for pillow: Pillow-5.4.1.win32-py3.4.exe
WARN Skipping file for pillow: Pillow-5.4.1.win32-py3.5.exe
WARN Skipping file for pillow: Pillow-5.4.1.win32-py3.6.exe
WARN Skipping file for pillow: Pillow-5.4.1.win32-py3.7.exe
WARN Skipping file for pillow: Pillow-6.0.0-py2.7-win-amd64.egg
WARN Skipping file for pillow: Pillow-6.0.0-py2.7-win32.egg
WARN Skipping file for pillow: Pillow-6.0.0-py3.5-win-amd64.egg
WARN Skipping file for pillow: Pillow-6.0.0-py3.5-win32.egg
WARN Skipping file for pillow: Pillow-6.0.0-py3.6-win-amd64.egg
WARN Skipping file for pillow: Pillow-6.0.0-py3.6-win32.egg
WARN Skipping file for pillow: Pillow-6.0.0-py3.7-win-amd64.egg
WARN Skipping file for pillow: Pillow-6.0.0-py3.7-win32.egg
WARN Skipping file for pillow: Pillow-6.0.0.win-amd64-py2.7.exe
WARN Skipping file for pillow: Pillow-6.0.0.win-amd64-py3.5.exe
WARN Skipping file for pillow: Pillow-6.0.0.win-amd64-py3.6.exe
WARN Skipping file for pillow: Pillow-6.0.0.win-amd64-py3.7.exe
WARN Skipping file for pillow: Pillow-6.0.0.win32-py2.7.exe
WARN Skipping file for pillow: Pillow-6.0.0.win32-py3.5.exe
WARN Skipping file for pillow: Pillow-6.0.0.win32-py3.6.exe
WARN Skipping file for pillow: Pillow-6.0.0.win32-py3.7.exe
WARN Skipping file for pillow: Pillow-6.1.0-py2.7-win-amd64.egg
WARN Skipping file for pillow: Pillow-6.1.0-py2.7-win32.egg
WARN Skipping file for pillow: Pillow-6.1.0-py3.5-win-amd64.egg
WARN Skipping file for pillow: Pillow-6.1.0-py3.5-win32.egg
WARN Skipping file for pillow: Pillow-6.1.0-py3.6-win-amd64.egg
WARN Skipping file for pillow: Pillow-6.1.0-py3.6-win32.egg
WARN Skipping file for pillow: Pillow-6.1.0-py3.7-macosx-10.14-x86_64.egg
WARN Skipping file for pillow: Pillow-6.1.0-py3.7-win-amd64.egg
WARN Skipping file for pillow: Pillow-6.1.0-py3.7-win32.egg
WARN Skipping file for pillow: Pillow-6.1.0.win-amd64-py2.7.exe
WARN Skipping file for pillow: Pillow-6.1.0.win-amd64-py3.5.exe
WARN Skipping file for pillow: Pillow-6.1.0.win-amd64-py3.6.exe
WARN Skipping file for pillow: Pillow-6.1.0.win-amd64-py3.7.exe
WARN Skipping file for pillow: Pillow-6.1.0.win32-py2.7.exe
WARN Skipping file for pillow: Pillow-6.1.0.win32-py3.5.exe
WARN Skipping file for pillow: Pillow-6.1.0.win32-py3.6.exe
WARN Skipping file for pillow: Pillow-6.1.0.win32-py3.7.exe
WARN Skipping file for pillow: Pillow-7.1.0-py3.8-macosx-10.9-x86_64.egg
WARN Skipping file for pillow: Pillow-7.1.1-py3.8-macosx-10.9-x86_64.egg
WARN Skipping file for pillow: Pillow-7.1.2-py3.8-macosx-10.9-x86_64.egg
Resolved 75 packages in 276ms
Installed 75 packages in 259ms
 + absl-py==2.5.0
 + accelerate==1.15.0
 + calflops==0.3.2
 + certifi==2026.7.22
 + charset-normalizer==3.5.1
 + contourpy==1.4.0
 + cuda-bindings==12.9.4
 + cuda-pathfinder==1.8.2
 + cycler==0.12.1
 + faster-coco-eval==1.6.8
 + filelock==4.0.6
 + fonttools==4.66.0
 + fsspec==2026.9.0
 + grpcio==1.84.0
 + hf-xet==1.6.0
 + huggingface-hub==0.36.2
 + idna==3.20
 + jinja2==3.1.6
 + kiwisolver==1.5.1
 + loguru==0.7.3
 + markdown==3.11
 + markupsafe==3.0.3
 + matplotlib==3.11.2
 + mpmath==1.3.0
 + networkx==3.7
 + numpy==2.5.3
 + nvidia-cublas-cu12==12.8.4.1
 + nvidia-cuda-cupti-cu12==12.8.90
 + nvidia-cuda-nvrtc-cu12==12.8.93
 + nvidia-cuda-runtime-cu12==12.8.90
 + nvidia-cudnn-cu12==9.10.2.21
 + nvidia-cufft-cu12==11.3.3.83
 + nvidia-cufile-cu12==1.13.1.3
 + nvidia-curand-cu12==10.3.9.90
 + nvidia-cusolver-cu12==11.7.3.90
 + nvidia-cusparse-cu12==12.5.8.93
 + nvidia-cusparselt-cu12==0.7.1
 + nvidia-nccl-cu12==2.27.5
 + nvidia-nvjitlink-cu12==12.8.93
 + nvidia-nvshmem-cu12==3.4.5
 + nvidia-nvtx-cu12==12.8.90
 + opencv-python==5.0.0.93
 + packaging==26.3
 + pandas==2.2.3
 + pillow==12.3.0
 + polars==1.44.2
 + polars-runtime-32==1.44.2
 + protobuf==7.36.2
 + psutil==7.2.2
 + pycocotools==2.0.11
 + pyparsing==3.3.3
 + python-dateutil==2.9.0.post0
 + pytz==2026.4
 + pyyaml==6.0.3
 + regex==2026.9.29
 + requests==2.34.2
 + safetensors==0.8.0
 + scipy==1.18.1
 + setuptools==84.0.0
 + six==1.17.0
 + sympy==1.14.0
 + tensorboard==2.21.0
 + tensorboard-data-server==0.7.2
 + tokenizers==0.21.4
 + torch==2.10.0
 + torchvision==0.25.0
 + tqdm==4.70.1
 + transformers==4.49.0
 + triton==3.6.0
 + typing-extensions==4.16.0
 + tzdata==2026.4
 + ultralytics==8.3.226
 + ultralytics-thop==2.2.1
 + urllib3==2.8.0
 + werkzeug==3.1.9
