   method    TP  FN  FP   recall  FP_per_image  worst_group_recall  infeasible_folds  policy_defined_all_folds  fallback_diagnostic_only  threshold_min  threshold_max  fallback_diagnostic_TP  fallback_diagnostic_FN  fallback_diagnostic_FP  fallback_diagnostic_recall  fallback_diagnostic_FP_per_image  fallback_diagnostic_worst_group_recall
fp_budget 142.0 2.0 7.0 0.986111      0.106061                 0.5                 0                      True                     False       0.185634       0.193372                     NaN                     NaN                     NaN                         NaN                               NaN                                     NaN
  group95   NaN NaN NaN      NaN           NaN                 NaN                10                     False                      True       0.006203       0.572062                   141.0                     3.0                 12672.0                    0.979167                             192.0                                     0.0
 recall95 135.0 9.0 2.0 0.937500      0.030303                 0.0                 0                      True                     False       0.591736       0.598722                     NaN                     NaN                     NaN                         NaN                               NaN                                     NaN
 recall98 140.0 4.0 2.0 0.972222      0.030303                 0.0                 0                      True                     False       0.569288       0.575342                     NaN                     NaN                     NaN                         NaN                               NaN                                     NaN
 margin  GT  center_covered  GT_coverage95  GT_coverage100  mean_GT_coverage  mean_image_area_fraction  p95_image_area_fraction  mean_regions
      0 144             144             45              22          0.859361                  0.001760                 0.003339      2.242424
      1 144             144            105              78          0.960205                  0.002497                 0.004690      2.242424
      2 144             144            137             122          0.990298                  0.003365                 0.006269      2.242424
      4 144             144            143             143          0.998658                  0.005493                 0.010113      2.242424
      8 144             144            144             144          1.000000                  0.011012                 0.019569      2.242424
{
  "dfine_fixed_TP": 142,
  "yolo_fixed_TP": 136,
  "either_model_matched_GT_upper_bound": 142,
  "incremental_fixed_GT": [],
  "incremental_saved_GT": [],
  "not_a_fused_detector_metric": true,
  "FN_details": [
    {
      "gt_id": 110,
      "YOLO_fixed_matched": false,
      "YOLO_saved_matched": false,
      "YOLO_saved_best_iou": 0.3217247982114622,
      "YOLO_fixed_best_iou": 0.3217247982114622
    },
    {
      "gt_id": 136,
      "YOLO_fixed_matched": false,
      "YOLO_saved_matched": false,
      "YOLO_saved_best_iou": 0.4103477876074087,
      "YOLO_fixed_best_iou": 0.4103477876074087
    }
  ],
  "yolo_threshold": 0.8020033836364746
}
