      variable   bin  GT  TP  FN   recall  images  groups
             x 하위 구간  49  49   0 1.000000      21       6
             x 중간 구간  35  34   1 0.971429      20       6
             x 상위 구간  60  59   1 0.983333      37       6
             y 하위 구간  57  56   1 0.982456      47      10
             y 중간 구간  47  47   0 1.000000      46       9
             y 상위 구간  40  39   1 0.975000      36       8
        border 하위 구간  37  36   1 0.972973      35       7
        border 중간 구간  64  63   1 0.984375      38       7
        border 상위 구간  43  43   0 1.000000      25       6
        aspect 하위 구간  34  34   0 1.000000      24       9
        aspect 중간 구간  53  52   1 0.981132      38      10
        aspect 상위 구간  57  56   1 0.982456      36      11
      contrast 하위 구간  62  61   1 0.983871      43      10
      contrast 중간 구간  42  42   0 1.000000      35      10
      contrast 상위 구간  40  39   1 0.975000      27       7
background_std 하위 구간  61  60   1 0.983607      43      11
background_std 중간 구간  51  51   0 1.000000      38       9
background_std 상위 구간  32  31   1 0.968750      24       8
Figure files created 6
